<html>
<body>
<pre>
<h1>µVision Build Log</h1>
<h2>Tool Versions:</h2>
IDE-Version: ¦ÌVision V5.43.1.0
Copyright (C) 2025 ARM Ltd and ARM Germany GmbH. All rights reserved.
License Information: Enjory Wong, Huanan, LIC=FYKYW-Q0R3N-015P1-CZTGL-33TTL-JBMCP
 
Tool Versions:
Toolchain:       MDK-ARM Plus  Version: 5.43.0.0
Toolchain Path:  D:\Users\Enjory Wong\AppData\Local\Keil_v5\ARM\ARMCC\Bin
C Compiler:      Armcc.exe V5.06 update 7 (build 960)
Assembler:       Armasm.exe V5.06 update 7 (build 960)
Linker/Locator:  ArmLink.exe V5.06 update 7 (build 960)
Library Manager: ArmAr.exe V5.06 update 7 (build 960)
Hex Converter:   FromElf.exe V5.06 update 7 (build 960)
CPU DLL:         SARMCM3.DLL V5.43.0.0
Dialog DLL:      DCM.DLL V1.17.5.0
Target DLL:      CMSIS_AGDI.dll V1.33.24.0
Dialog DLL:      TCM.DLL V1.56.6.0
 
<h2>Project:</h2>
C:\Users\Enjory Wong\Real_Robot_Gimbal\MDK-ARM\Real_Robot_Gimbal.uvprojx
Project File Date:  09/04/2026

<h2>Output:</h2>
*** Using Compiler 'V5.06 update 7 (build 960)', folder: 'D:\Users\Enjory Wong\AppData\Local\Keil_v5\ARM\ARMCC\Bin'
Rebuild target 'Real_Robot_Gimbal'
assembling startup_stm32f405xx.s...
compiling motor_common.c...
compiling m3508.c...
compiling pid_parameter.c...
compiling gm6020.c...
compiling yaw_hold.c...
compiling dm4310.c...
compiling yaw_startup.c...
compiling m2006.c...
compiling dma.c...
compiling data_process.c...
compiling stm32f4xx_hal_timebase_tim.c...
compiling bmi088.c...
compiling can_motor_bus.c...
compiling gpio.c...
compiling can.c...
compiling launch.c...
compiling stm32f4xx_hal_can.c...
compiling pid_calc.c...
compiling hardware_drivers.c...
compiling stm32f4xx_it.c...
compiling spi.c...
compiling vofa.c...
compiling dbus.c...
compiling usart.c...
compiling stm32f4xx_hal_msp.c...
compiling stm32f4xx_hal_rcc_ex.c...
compiling stm32f4xx_hal_flash_ex.c...
compiling stm32f4xx_hal_flash.c...
compiling stm32f4xx_hal_flash_ramfunc.c...
compiling stm32f4xx_hal_rcc.c...
compiling stm32f4xx_hal_tim_ex.c...
compiling stm32f4xx_hal_pwr.c...
compiling freertos.c...
compiling main.c...
compiling stm32f4xx_hal_gpio.c...
compiling stm32f4xx_hal_dma.c...
compiling stm32f4xx_hal_dma_ex.c...
compiling croutine.c...
compiling list.c...
compiling event_groups.c...
compiling heap_4.c...
compiling stream_buffer.c...
compiling timers.c...
compiling queue.c...
compiling stm32f4xx_hal_tim.c...
compiling tasks.c...
compiling port.c...
compiling stm32f4xx_hal_pwr_ex.c...
compiling stm32f4xx_hal_cortex.c...
compiling stm32f4xx_hal.c...
compiling stm32f4xx_hal_exti.c...
compiling stm32f4xx_hal_uart.c...
compiling stm32f4xx_hal_spi.c...
compiling system_stm32f4xx.c...
compiling cmsis_os2.c...
linking...
Program Size: Code=45876 RO-data=1808 RW-data=316 ZI-data=22388  
FromELF: creating hex file...
"Real_Robot_Gimbal\Real_Robot_Gimbal.axf" - 0 Error(s), 0 Warning(s).

<h2>Software Packages used:</h2>

Package Vendor: ARM
                https://www.keil.com/pack/ARM.CMSIS.6.3.0.pack
                ARM::CMSIS@6.3.0
                CMSIS (Common Microcontroller Software Interface Standard)
   * Component: CORE Version: 6.2.0

Package Vendor: Keil
                https://www.keil.com/pack/Keil.STM32F4xx_DFP.3.1.1.pack
                Keil::STM32F4xx_DFP@3.1.1
                STMicroelectronics STM32F4 Series Device Support

<h2>Collection of Component include folders:</h2>
  ./RTE/_Real_Robot_Gimbal
  D:/Users/Enjory Wong/AppData/Local/Arm/Packs/ARM/CMSIS/6.3.0/CMSIS/Core/Include

<h2>Collection of Component Files used:</h2>

   * Component: ARM::CMSIS:CORE@6.2.0
      Include file:  CMSIS/Core/Include/tz_context.h
Build Time Elapsed:  00:00:06
</pre>
</body>
</html>
