Component: ARM Compiler 5.06 update 7 (build 960) Tool: armlink [4d3601]

==============================================================================

Section Cross References

    startup_stm32f405xx.o(STACK) refers (Special) to heapauxi.o(.text) for __use_two_region_memory
    startup_stm32f405xx.o(HEAP) refers (Special) to heapauxi.o(.text) for __use_two_region_memory
    startup_stm32f405xx.o(RESET) refers (Special) to heapauxi.o(.text) for __use_two_region_memory
    startup_stm32f405xx.o(RESET) refers to startup_stm32f405xx.o(STACK) for __initial_sp
    startup_stm32f405xx.o(RESET) refers to startup_stm32f405xx.o(.text) for Reset_Handler
    startup_stm32f405xx.o(RESET) refers to stm32f4xx_it.o(i.NMI_Handler) for NMI_Handler
    startup_stm32f405xx.o(RESET) refers to stm32f4xx_it.o(i.HardFault_Handler) for HardFault_Handler
    startup_stm32f405xx.o(RESET) refers to stm32f4xx_it.o(i.MemManage_Handler) for MemManage_Handler
    startup_stm32f405xx.o(RESET) refers to stm32f4xx_it.o(i.BusFault_Handler) for BusFault_Handler
    startup_stm32f405xx.o(RESET) refers to stm32f4xx_it.o(i.UsageFault_Handler) for UsageFault_Handler
    startup_stm32f405xx.o(RESET) refers to port.o(.emb_text) for SVC_Handler
    startup_stm32f405xx.o(RESET) refers to stm32f4xx_it.o(i.DebugMon_Handler) for DebugMon_Handler
    startup_stm32f405xx.o(RESET) refers to cmsis_os2.o(i.SysTick_Handler) for SysTick_Handler
    startup_stm32f405xx.o(RESET) refers to stm32f4xx_it.o(i.EXTI0_IRQHandler) for EXTI0_IRQHandler
    startup_stm32f405xx.o(RESET) refers to stm32f4xx_it.o(i.DMA1_Stream2_IRQHandler) for DMA1_Stream2_IRQHandler
    startup_stm32f405xx.o(RESET) refers to stm32f4xx_it.o(i.DMA1_Stream4_IRQHandler) for DMA1_Stream4_IRQHandler
    startup_stm32f405xx.o(RESET) refers to stm32f4xx_it.o(i.DMA1_Stream5_IRQHandler) for DMA1_Stream5_IRQHandler
    startup_stm32f405xx.o(RESET) refers to stm32f4xx_it.o(i.DMA1_Stream6_IRQHandler) for DMA1_Stream6_IRQHandler
    startup_stm32f405xx.o(RESET) refers to stm32f4xx_it.o(i.CAN1_RX0_IRQHandler) for CAN1_RX0_IRQHandler
    startup_stm32f405xx.o(RESET) refers to stm32f4xx_it.o(i.CAN1_SCE_IRQHandler) for CAN1_SCE_IRQHandler
    startup_stm32f405xx.o(RESET) refers to stm32f4xx_it.o(i.EXTI9_5_IRQHandler) for EXTI9_5_IRQHandler
    startup_stm32f405xx.o(RESET) refers to stm32f4xx_it.o(i.TIM1_UP_TIM10_IRQHandler) for TIM1_UP_TIM10_IRQHandler
    startup_stm32f405xx.o(RESET) refers to stm32f4xx_it.o(i.USART2_IRQHandler) for USART2_IRQHandler
    startup_stm32f405xx.o(RESET) refers to stm32f4xx_it.o(i.UART4_IRQHandler) for UART4_IRQHandler
    startup_stm32f405xx.o(RESET) refers to stm32f4xx_it.o(i.DMA2_Stream0_IRQHandler) for DMA2_Stream0_IRQHandler
    startup_stm32f405xx.o(RESET) refers to stm32f4xx_it.o(i.DMA2_Stream3_IRQHandler) for DMA2_Stream3_IRQHandler
    startup_stm32f405xx.o(RESET) refers to stm32f4xx_it.o(i.CAN2_RX0_IRQHandler) for CAN2_RX0_IRQHandler
    startup_stm32f405xx.o(RESET) refers to stm32f4xx_it.o(i.CAN2_SCE_IRQHandler) for CAN2_SCE_IRQHandler
    startup_stm32f405xx.o(.text) refers (Special) to heapauxi.o(.text) for __use_two_region_memory
    startup_stm32f405xx.o(.text) refers to system_stm32f4xx.o(i.SystemInit) for SystemInit
    startup_stm32f405xx.o(.text) refers to __main.o(!!!main) for __main
    startup_stm32f405xx.o(.text) refers to startup_stm32f405xx.o(HEAP) for Heap_Mem
    startup_stm32f405xx.o(.text) refers to startup_stm32f405xx.o(STACK) for Stack_Mem
    hardware_drivers.o(i.HAL_GPIO_EXTI_Callback) refers to bmi088.o(i.BMI088_StartReadDMA) for BMI088_StartReadDMA
    hardware_drivers.o(i.HAL_GPIO_EXTI_Callback) refers to hardware_drivers.o(.data) for .data
    hardware_drivers.o(i.HAL_GPIO_EXTI_Callback) refers to hardware_drivers.o(.bss) for .bss
    hardware_drivers.o(i.HardwareDrivers_Init) refers to can_motor_bus.o(i.CanMotorBus_Init) for CanMotorBus_Init
    hardware_drivers.o(i.HardwareDrivers_Init) refers to sbus.o(i.SBus_Init) for SBus_Init
    hardware_drivers.o(i.HardwareDrivers_Init) refers to stm32f4xx_hal_cortex.o(i.HAL_NVIC_DisableIRQ) for HAL_NVIC_DisableIRQ
    hardware_drivers.o(i.HardwareDrivers_Init) refers to bmi088.o(i.BMI088_Init) for BMI088_Init
    hardware_drivers.o(i.HardwareDrivers_Init) refers to stm32f4xx_hal_cortex.o(i.HAL_NVIC_EnableIRQ) for HAL_NVIC_EnableIRQ
    hardware_drivers.o(i.HardwareDrivers_Init) refers to can.o(.bss) for hcan2
    hardware_drivers.o(i.HardwareDrivers_Init) refers to usart.o(.bss) for huart2
    hardware_drivers.o(i.HardwareDrivers_Init) refers to spi.o(.bss) for hspi1
    hardware_drivers.o(i.HardwareDrivers_Init) refers to hardware_drivers.o(.bss) for .bss
    motor_common.o(i.MotorSpeedPid_Calculate) refers to motor_common.o(i.clampf) for clampf
    can_motor_bus.o(i.CanMotorBus_CheckOffline) refers to can_motor_bus.o(i.update_online) for update_online
    can_motor_bus.o(i.CanMotorBus_CheckOffline) refers to can_motor_bus.o(.bss) for .bss
[...]
    HAL_TIM_PWM_PulseFinishedCallback        0x08004a95   Thumb Code     2  stm32f4xx_hal_tim.o(i.HAL_TIM_PWM_PulseFinishedCallback)
    HAL_TIM_PeriodElapsedCallback            0x08004a99   Thumb Code    14  main.o(i.HAL_TIM_PeriodElapsedCallback)
    HAL_TIM_TriggerCallback                  0x08004aad   Thumb Code     2  stm32f4xx_hal_tim.o(i.HAL_TIM_TriggerCallback)
    HAL_UARTEx_ReceiveToIdle_DMA             0x08004aaf   Thumb Code    74  stm32f4xx_hal_uart.o(i.HAL_UARTEx_ReceiveToIdle_DMA)
    HAL_UARTEx_RxEventCallback               0x08004af9   Thumb Code    50  sbus.o(i.HAL_UARTEx_RxEventCallback)
    HAL_UART_AbortReceive                    0x08004b35   Thumb Code   148  stm32f4xx_hal_uart.o(i.HAL_UART_AbortReceive)
    HAL_UART_ErrorCallback                   0x08004bc9   Thumb Code    34  sbus.o(i.HAL_UART_ErrorCallback)
    HAL_UART_IRQHandler                      0x08004bf1   Thumb Code   636  stm32f4xx_hal_uart.o(i.HAL_UART_IRQHandler)
    HAL_UART_Init                            0x08004e71   Thumb Code   100  stm32f4xx_hal_uart.o(i.HAL_UART_Init)
    HAL_UART_MspInit                         0x08004ed5   Thumb Code   368  usart.o(i.HAL_UART_MspInit)
    HAL_UART_RxCpltCallback                  0x08005065   Thumb Code     2  stm32f4xx_hal_uart.o(i.HAL_UART_RxCpltCallback)
    HAL_UART_RxHalfCpltCallback              0x08005067   Thumb Code     2  stm32f4xx_hal_uart.o(i.HAL_UART_RxHalfCpltCallback)
    HAL_UART_Transmit_DMA                    0x08005069   Thumb Code   120  stm32f4xx_hal_uart.o(i.HAL_UART_Transmit_DMA)
    HAL_UART_TxCpltCallback                  0x080050ed   Thumb Code    14  vofa.o(i.HAL_UART_TxCpltCallback)
    HAL_UART_TxHalfCpltCallback              0x08005101   Thumb Code     2  stm32f4xx_hal_uart.o(i.HAL_UART_TxHalfCpltCallback)
    HardFault_Handler                        0x08005103   Thumb Code     2  stm32f4xx_it.o(i.HardFault_Handler)
    HardwareDrivers_Init                     0x08005105   Thumb Code    88  hardware_drivers.o(i.HardwareDrivers_Init)
    Launch_Task                              0x0800517d   Thumb Code   474  launch.o(i.Launch_Task)
    M2006_Decode                             0x08005385   Thumb Code    12  m2006.o(i.M2006_Decode)
    M2006_Init                               0x08005391   Thumb Code    74  m2006.o(i.M2006_Init)
    M2006_SetSpeed                           0x080053e1   Thumb Code    10  m2006.o(i.M2006_SetSpeed)
    M2006_SetSpeedFilterAlpha                0x080053ed   Thumb Code    38  m2006.o(i.M2006_SetSpeedFilterAlpha)
    M2006_Update                             0x08005419   Thumb Code    60  m2006.o(i.M2006_Update)
    M3508_Decode                             0x08005455   Thumb Code    12  m3508.o(i.M3508_Decode)
    M3508_Init                               0x08005461   Thumb Code    74  m3508.o(i.M3508_Init)
    M3508_SetSpeed                           0x080054b1   Thumb Code    10  m3508.o(i.M3508_SetSpeed)
    M3508_SetSpeedFilterAlpha                0x080054bd   Thumb Code    38  m3508.o(i.M3508_SetSpeedFilterAlpha)
    M3508_Update                             0x080054e9   Thumb Code    60  m3508.o(i.M3508_Update)
    MX_CAN1_Init                             0x08005525   Thumb Code    62  can.o(i.MX_CAN1_Init)
    MX_CAN2_Init                             0x0800556d   Thumb Code    62  can.o(i.MX_CAN2_Init)
    MX_DMA_Init                              0x080055b5   Thumb Code   136  dma.o(i.MX_DMA_Init)
    MX_FREERTOS_Init                         0x08005641   Thumb Code   144  freertos.o(i.MX_FREERTOS_Init)
    MX_GPIO_Init                             0x080056ed   Thumb Code   224  gpio.o(i.MX_GPIO_Init)
    MX_SPI1_Init                             0x080057dd   Thumb Code    64  spi.o(i.MX_SPI1_Init)
    MX_UART4_Init                            0x08005825   Thumb Code    48  usart.o(i.MX_UART4_Init)
    MX_USART2_UART_Init                      0x0800585d   Thumb Code    54  usart.o(i.MX_USART2_UART_Init)
    MemManage_Handler                        0x080058a1   Thumb Code     2  stm32f4xx_it.o(i.MemManage_Handler)
    MotorSpeedPid_Calculate                  0x080058a5   Thumb Code   252  motor_common.o(i.MotorSpeedPid_Calculate)
    MotorSpeedPid_Init                       0x080059a5   Thumb Code    44  motor_common.o(i.MotorSpeedPid_Init)
    MotorSpeedPid_Reset                      0x080059d5   Thumb Code    20  motor_common.o(i.MotorSpeedPid_Reset)
    MotorSpeedPid_SetGains                   0x080059ed   Thumb Code    10  motor_common.o(i.MotorSpeedPid_SetGains)
    MotorSpeedPid_SetIntegralSeparation      0x080059f9   Thumb Code    24  motor_common.o(i.MotorSpeedPid_SetIntegralSeparation)
    NMI_Handler                              0x08005a15   Thumb Code     2  stm32f4xx_it.o(i.NMI_Handler)
    PID_calc                                 0x08005a19   Thumb Code  1626  pid_calc.o(i.PID_calc)
    SBus_ChannelNormalized                   0x0800608d   Thumb Code    86  sbus.o(i.SBus_ChannelNormalized)
    SBus_CheckOffline                        0x080060f1   Thumb Code    26  sbus.o(i.SBus_CheckOffline)
    SBus_GetData                             0x08006111   Thumb Code    36  sbus.o(i.SBus_GetData)
    SBus_Init                                0x08006139   Thumb Code    32  sbus.o(i.SBus_Init)
    StartDefaultTask                         0x08006455   Thumb Code     8  freertos.o(i.StartDefaultTask)
    SysTick_Handler                          0x0800645d   Thumb Code    26  cmsis_os2.o(i.SysTick_Handler)
    SystemClock_Config                       0x08006479   Thumb Code   140  main.o(i.SystemClock_Config)
    SystemInit                               0x0800650d   Thumb Code    12  system_stm32f4xx.o(i.SystemInit)
    TIM1_UP_TIM10_IRQHandler                 0x0800651d   Thumb Code     6  stm32f4xx_it.o(i.TIM1_UP_TIM10_IRQHandler)
    TIM_Base_SetConfig                       0x08006529   Thumb Code   164  stm32f4xx_hal_tim.o(i.TIM_Base_SetConfig)
    UART4_IRQHandler                         0x080065f9   Thumb Code     6  stm32f4xx_it.o(i.UART4_IRQHandler)
    UART_Start_Receive_DMA                   0x08006985   Thumb Code   146  stm32f4xx_hal_uart.o(i.UART_Start_Receive_DMA)
    USART2_IRQHandler                        0x08006a25   Thumb Code     6  stm32f4xx_it.o(i.USART2_IRQHandler)
    UsageFault_Handler                       0x08006a31   Thumb Code     2  stm32f4xx_it.o(i.UsageFault_Handler)
    VOFA_GetCommand                          0x08006a35   Thumb Code    64  vofa.o(i.VOFA_GetCommand)
    VOFA_Init                                0x08006a7d   Thumb Code    26  vofa.o(i.VOFA_Init)
    VOFA_SendAngles                          0x08006a9d   Thumb Code    72  vofa.o(i.VOFA_SendAngles)
    VOFA_UART_ErrorCallback                  0x08006aed   Thumb Code    28  vofa.o(i.VOFA_UART_ErrorCallback)
    VOFA_UART_RxEventCallback                0x08006b0d   Thumb Code   150  vofa.o(i.VOFA_UART_RxEventCallback)
    VOFA_print                               0x08006bad   Thumb Code   116  vofa.o(i.VOFA_print)
    __ARM_fpclassifyf                        0x08006c29   Thumb Code    38  fpclassifyf.o(i.__ARM_fpclassifyf)
    __hardfp___mathlib_tofloat               0x08006c71   Thumb Code   232  narrow.o(i.__hardfp___mathlib_tofloat)
    __hardfp_atan2f                          0x08006d69   Thumb Code   594  atan2f.o(i.__hardfp_atan2f)
    __hardfp_cosf                            0x08007015   Thumb Code   280  cosf.o(i.__hardfp_cosf)
    __hardfp_fmodf                           0x08007165   Thumb Code   176  fmodf.o(i.__hardfp_fmodf)
    __hardfp_ldexp                           0x08007219   Thumb Code   200  ldexp.o(i.__hardfp_ldexp)
    __hardfp_sqrtf                           0x080072e9   Thumb Code    58  sqrtf.o(i.__hardfp_sqrtf)
    __hardfp_strtof                          0x08007325   Thumb Code    26  strtof.o(i.__hardfp_strtof)
    __mathlib_dbl_overflow                   0x08007349   Thumb Code    24  dunder.o(i.__mathlib_dbl_overflow)
    __mathlib_dbl_underflow                  0x08007369   Thumb Code    24  dunder.o(i.__mathlib_dbl_underflow)
    __mathlib_flt_infnan                     0x08007389   Thumb Code     6  funder.o(i.__mathlib_flt_infnan)
    __mathlib_flt_infnan2                    0x0800738f   Thumb Code     6  funder.o(i.__mathlib_flt_infnan2)
    __mathlib_flt_invalid                    0x08007395   Thumb Code    10  funder.o(i.__mathlib_flt_invalid)
    __mathlib_flt_underflow                  0x080073a5   Thumb Code    10  funder.o(i.__mathlib_flt_underflow)
    __mathlib_narrow                         0x080073b5   Thumb Code    18  narrow.o(i.__mathlib_narrow)
    __mathlib_rredf2                         0x080073c9   Thumb Code   316  rredf.o(i.__mathlib_rredf2)
    __support_ldexp                          0x0800751d   Thumb Code    20  ldexp.o(i.__support_ldexp)
    _is_digit                                0x08007531   Thumb Code    14  scanf_fp.o(i._is_digit)
    frexp                                    0x080078d1   Thumb Code   118  frexp.o(i.frexp)
    main                                     0x080079c9   Thumb Code    60  main.o(i.main)
    osDelay                                  0x08007a71   Thumb Code    26  cmsis_os2.o(i.osDelay)
    osDelayUntil                             0x08007a8b   Thumb Code    46  cmsis_os2.o(i.osDelayUntil)
    osKernelGetTickCount                     0x08007ab9   Thumb Code    14  cmsis_os2.o(i.osKernelGetTickCount)
    osKernelInitialize                       0x08007ac9   Thumb Code    32  cmsis_os2.o(i.osKernelInitialize)
    osKernelStart                            0x08007aed   Thumb Code    48  cmsis_os2.o(i.osKernelStart)
    osMessageQueueGet                        0x08007b25   Thumb Code    96  cmsis_os2.o(i.osMessageQueueGet)
    osMessageQueueNew                        0x08007b89   Thumb Code    88  cmsis_os2.o(i.osMessageQueueNew)
    osMessageQueuePut                        0x08007be1   Thumb Code   100  cmsis_os2.o(i.osMessageQueuePut)
    osSemaphoreAcquire                       0x08007c49   Thumb Code    88  cmsis_os2.o(i.osSemaphoreAcquire)
    osSemaphoreNew                           0x08007ca5   Thumb Code   152  cmsis_os2.o(i.osSemaphoreNew)
    osSemaphoreRelease                       0x08007d3d   Thumb Code    82  cmsis_os2.o(i.osSemaphoreRelease)
    osThreadNew                              0x08007d95   Thumb Code   138  cmsis_os2.o(i.osThreadNew)
    pvPortMalloc                             0x08008909   Thumb Code   216  heap_4.o(i.pvPortMalloc)
    pvTaskIncrementMutexHeldCount            0x080089e5   Thumb Code    18  tasks.o(i.pvTaskIncrementMutexHeldCount)
    pxPortInitialiseStack                    0x080089fd   Thumb Code    40  port.o(i.pxPortInitialiseStack)
    uxListRemove                             0x08008f81   Thumb Code    38  list.o(i.uxListRemove)
    vApplicationGetIdleTaskMemory            0x08008fa9   Thumb Code    16  cmsis_os2.o(i.vApplicationGetIdleTaskMemory)
    vApplicationGetTimerTaskMemory           0x08008fbd   Thumb Code    18  cmsis_os2.o(i.vApplicationGetTimerTaskMemory)
    vListInitialise                          0x08008fd5   Thumb Code    22  list.o(i.vListInitialise)
    vListInitialiseItem                      0x08008feb   Thumb Code     6  list.o(i.vListInitialiseItem)
    vListInsert                              0x08008ff1   Thumb Code    48  list.o(i.vListInsert)
    vListInsertEnd                           0x08009021   Thumb Code    24  list.o(i.vListInsertEnd)
    vPortEnterCritical                       0x08009039   Thumb Code    54  port.o(i.vPortEnterCritical)
    vPortExitCritical                        0x08009079   Thumb Code    34  port.o(i.vPortExitCritical)
    vPortFree                                0x080090a1   Thumb Code    94  heap_4.o(i.vPortFree)
    vPortSetupTimerInterrupt                 0x08009105   Thumb Code    32  port.o(i.vPortSetupTimerInterrupt)
    vPortValidateInterruptPriority           0x08009129   Thumb Code    74  port.o(i.vPortValidateInterruptPriority)
    vQueueAddToRegistry                      0x0800917d   Thumb Code    34  queue.o(i.vQueueAddToRegistry)
    vQueueDelete                             0x080091a5   Thumb Code    46  queue.o(i.vQueueDelete)
    vQueueUnregisterQueue                    0x080091d5   Thumb Code    36  queue.o(i.vQueueUnregisterQueue)
    vQueueWaitForMessageRestricted           0x080091fd   Thumb Code    68  queue.o(i.vQueueWaitForMessageRestricted)
    vTaskDelay                               0x08009241   Thumb Code    66  tasks.o(i.vTaskDelay)
    vTaskDelayUntil                          0x0800928d   Thumb Code   132  tasks.o(i.vTaskDelayUntil)
    vTaskInternalSetTimeOutState             0x08009319   Thumb Code    12  tasks.o(i.vTaskInternalSetTimeOutState)
    vTaskMissedYield                         0x08009329   Thumb Code     8  tasks.o(i.vTaskMissedYield)
    vTaskPlaceOnEventList                    0x08009335   Thumb Code    44  tasks.o(i.vTaskPlaceOnEventList)
    vTaskPlaceOnEventListRestricted          0x08009365   Thumb Code    52  tasks.o(i.vTaskPlaceOnEventListRestricted)
    vTaskPriorityDisinheritAfterTimeout      0x0800939d   Thumb Code   134  tasks.o(i.vTaskPriorityDisinheritAfterTimeout)
    vTaskStartScheduler                      0x0800942d   Thumb Code   118  tasks.o(i.vTaskStartScheduler)
    vTaskSuspendAll                          0x080094b5   Thumb Code    10  tasks.o(i.vTaskSuspendAll)
    vTaskSwitchContext                       0x080094c5   Thumb Code    90  tasks.o(i.vTaskSwitchContext)
    xPortStartScheduler                      0x08009561   Thumb Code   222  port.o(i.xPortStartScheduler)
    xPortSysTickHandler                      0x08009655   Thumb Code    38  port.o(i.xPortSysTickHandler)
    xQueueCreateCountingSemaphore            0x08009681   Thumb Code    58  queue.o(i.xQueueCreateCountingSemaphore)
    xQueueCreateCountingSemaphoreStatic      0x080096bb   Thumb Code    64  queue.o(i.xQueueCreateCountingSemaphoreStatic)
    xQueueGenericCreate                      0x080096fb   Thumb Code    66  queue.o(i.xQueueGenericCreate)
    xQueueGenericCreateStatic                0x0800973d   Thumb Code   102  queue.o(i.xQueueGenericCreateStatic)
    xQueueGenericReset                       0x080097a5   Thumb Code   132  queue.o(i.xQueueGenericReset)
    xQueueGenericSend                        0x0800982d   Thumb Code   346  queue.o(i.xQueueGenericSend)
    xQueueGenericSendFromISR                 0x0800998d   Thumb Code   190  queue.o(i.xQueueGenericSendFromISR)
    xQueueGiveFromISR                        0x08009a4b   Thumb Code   156  queue.o(i.xQueueGiveFromISR)
    xQueueReceive                            0x08009ae9   Thumb Code   308  queue.o(i.xQueueReceive)
    xQueueReceiveFromISR                     0x08009c21   Thumb Code   154  queue.o(i.xQueueReceiveFromISR)
    xQueueSemaphoreTake                      0x08009cbd   Thumb Code   372  queue.o(i.xQueueSemaphoreTake)
    xTaskCheckForTimeOut                     0x08009e35   Thumb Code   112  tasks.o(i.xTaskCheckForTimeOut)
    xTaskCreate                              0x08009ea9   Thumb Code    90  tasks.o(i.xTaskCreate)
    xTaskCreateStatic                        0x08009f03   Thumb Code    86  tasks.o(i.xTaskCreateStatic)
    xTaskGetSchedulerState                   0x08009f59   Thumb Code    22  tasks.o(i.xTaskGetSchedulerState)
    xTaskGetTickCount                        0x08009f75   Thumb Code     6  tasks.o(i.xTaskGetTickCount)
    xTaskGetTickCountFromISR                 0x08009f81   Thumb Code    12  tasks.o(i.xTaskGetTickCountFromISR)
    xTaskIncrementTick                       0x08009f91   Thumb Code   192  tasks.o(i.xTaskIncrementTick)
    xTaskPriorityDisinherit                  0x0800a059   Thumb Code   118  tasks.o(i.xTaskPriorityDisinherit)
    xTaskPriorityInherit                     0x0800a0d9   Thumb Code   112  tasks.o(i.xTaskPriorityInherit)
    xTaskRemoveFromEventList                 0x0800a151   Thumb Code    98  tasks.o(i.xTaskRemoveFromEventList)
    xTaskResumeAll                           0x0800a1c1   Thumb Code   182  tasks.o(i.xTaskResumeAll)
    xTimerCreateTimerTask                    0x0800a285   Thumb Code    78  timers.o(i.xTimerCreateTimerTask)
    xTimerGenericCommand                     0x0800a2e5   Thumb Code    98  timers.o(i.xTimerGenericCommand)
    _get_lc_numeric                          0x0800a45d   Thumb Code    44  lc_numeric_c.o(locale$$code)
    _get_lc_ctype                            0x0800a489   Thumb Code    44  lc_ctype_c.o(locale$$code)
    __aeabi_d2f                              0x0800a4b5   Thumb Code     0  d2f.o(x$fpl$d2f)
    _d2f                                     0x0800a4b5   Thumb Code    98  d2f.o(x$fpl$d2f)
    __fpl_dcheck_NaN1                        0x0800a519   Thumb Code    10  dcheck1.o(x$fpl$dcheck1)
    __fpl_dcmp_Inf                           0x0800a529   Thumb Code    24  dcmpi.o(x$fpl$dcmpinf)
    __aeabi_cdcmpeq                          0x0800a541   Thumb Code     0  deqf.o(x$fpl$deqf)
    _dcmpeq                                  0x0800a541   Thumb Code   120  deqf.o(x$fpl$deqf)
    __aeabi_cdcmple                          0x0800a5b9   Thumb Code     0  dleqf.o(x$fpl$dleqf)
    _dcmple                                  0x0800a5b9   Thumb Code   120  dleqf.o(x$fpl$dleqf)
    __fpl_dcmple_InfNaN                      0x0800a61b   Thumb Code     0  dleqf.o(x$fpl$dleqf)
    __aeabi_dmul                             0x0800a631   Thumb Code     0  dmul.o(x$fpl$dmul)
    _dmul                                    0x0800a631   Thumb Code   332  dmul.o(x$fpl$dmul)
    __fpl_dnaninf                            0x0800a785   Thumb Code   156  dnaninf.o(x$fpl$dnaninf)
    __fpl_dretinf                            0x0800a821   Thumb Code    12  dretinf.o(x$fpl$dretinf)
    __aeabi_cdrcmple                         0x0800a82d   Thumb Code     0  drleqf.o(x$fpl$drleqf)
    _drcmple                                 0x0800a82d   Thumb Code   108  drleqf.o(x$fpl$drleqf)
    __fpl_fnaninf                            0x0800a899   Thumb Code   140  fnaninf.o(x$fpl$fnaninf)
    _fp_init                                 0x0800a925   Thumb Code    10  fpinit.o(x$fpl$fpinit)
    __fplib_config_fpu_vfp                   0x0800a92d   Thumb Code     0  fpinit.o(x$fpl$fpinit)
    __fplib_config_pureend_doubles           0x0800a92d   Thumb Code     0  fpinit.o(x$fpl$fpinit)
    _frem                                    0x0800a931   Thumb Code   240  frem_clz.o(x$fpl$frem)
    __fpl_fretinf                            0x0800aa25   Thumb Code    10  fretinf.o(x$fpl$fretinf)
    __ieee_status                            0x0800aa2f   Thumb Code     6  istatus.o(x$fpl$ieeestatus)
    __fpl_return_NaN                         0x0800aa35   Thumb Code   100  retnan.o(x$fpl$retnan)
    __ARM_scalbn                             0x0800aa99   Thumb Code    92  scalbn.o(x$fpl$scalbn)
    _scanf_real                              0x0800aaf5   Thumb Code     4  scanf1.o(x$fpl$scanf1)
    _scanf_hex_real                          0x0800aaf9   Thumb Code     4  scanf2.o(x$fpl$scanf2)
    _scanf_infnan                            0x0800aafd   Thumb Code     4  scanf2.o(x$fpl$scanf2)
    __fpl_cmpreturn                          0x0800ab01   Thumb Code    48  trapv.o(x$fpl$trapveneer)
    __I$use$fp                               0x0800ab30   Number         0  usenofp.o(x$fpl$usenofp)
    defaultTask_attributes                   0x0800ab78   Data          36  freertos.o(.constdata)
    Process_Data_attributes                  0x0800ab9c   Data          36  freertos.o(.constdata)
    PID_attributes                           0x0800abc0   Data          36  freertos.o(.constdata)
    vofa_attributes                          0x0800abe4   Data          36  freertos.o(.constdata)
    launch_attributes                        0x0800ac08   Data          36  freertos.o(.constdata)
    Target_Angle_attributes                  0x0800ac2c   Data          24  freertos.o(.constdata)
    Update_PID_para_attributes               0x0800ac44   Data          24  freertos.o(.constdata)
    Update_launch_para_attributes            0x0800ac5c   Data          24  freertos.o(.constdata)
    wake_launch_attributes                   0x0800ac74   Data          16  freertos.o(.constdata)
    wake_launch_motor_attributes             0x0800ac84   Data          16  freertos.o(.constdata)
    AHBPrescTable                            0x0800ac9c   Data          16  system_stm32f4xx.o(.constdata)
    APBPrescTable                            0x0800acac   Data           8  system_stm32f4xx.o(.constdata)
    Region$$Table$$Base                      0x0800adec   Number         0  anon$$obj.o(Region$$Table)
    Region$$Table$$Limit                     0x0800ae0c   Number         0  anon$$obj.o(Region$$Table)
    __aeabi_HUGE_VAL                         0x0800ae0c   Data           0  fpconst.o(c$$dinf)
    __aeabi_HUGE_VALL                        0x0800ae0c   Data           0  fpconst.o(c$$dinf)
    __aeabi_INFINITY                         0x0800ae0c   Data           0  fpconst.o(c$$dinf)
    __dInf                                   0x0800ae0c   Data           0  fpconst.o(c$$dinf)
    __huge_val                               0x0800ae0c   Data           0  fpconst.o(c$$dinf)
    __dbl_max                                0x0800ae14   Data           0  fpconst.o(c$$dmax)
    __ctype                                  0x0800ae45   Data           0  lc_ctype_c.o(locale$$data)
    bmi088_gyro_drdy_count                   0x20000000   Data           4  hardware_drivers.o(.data)
    bmi088_accel_drdy_count                  0x20000004   Data           4  hardware_drivers.o(.data)
    defaultTaskHandle                        0x20000040   Data           4  freertos.o(.data)
    Process_DataHandle                       0x20000044   Data           4  freertos.o(.data)
    PIDHandle                                0x20000048   Data           4  freertos.o(.data)
    vofaHandle                               0x2000004c   Data           4  freertos.o(.data)
    launchHandle                             0x20000050   Data           4  freertos.o(.data)
    Target_AngleHandle                       0x20000054   Data           4  freertos.o(.data)
    Update_PID_paraHandle                    0x20000058   Data           4  freertos.o(.data)
    Update_launch_paraHandle                 0x2000005c   Data           4  freertos.o(.data)
    wake_launchHandle                        0x20000060   Data           4  freertos.o(.data)
    wake_launch_motorHandle                  0x20000064   Data           4  freertos.o(.data)
    uwTickFreq                               0x2000006c   Data           1  stm32f4xx_hal.o(.data)
    uwTickPrio                               0x20000070   Data           4  stm32f4xx_hal.o(.data)
    uwTick                                   0x20000074   Data           4  stm32f4xx_hal.o(.data)
    SystemCoreClock                          0x20000078   Data           4  system_stm32f4xx.o(.data)
    pxCurrentTCB                             0x2000007c   Data           4  tasks.o(.data)
    bmi088                                   0x200000fc   Data          72  hardware_drivers.o(.bss)
    can1_m3508_id2                           0x20000144   Data          68  can_motor_bus.o(.bss)
    can1_m3508_id3                           0x20000188   Data          68  can_motor_bus.o(.bss)
    can1_gm6020_id2                          0x200001cc   Data          72  can_motor_bus.o(.bss)
    can2_m2006_id5                           0x20000214   Data          68  can_motor_bus.o(.bss)
    can2_dm4310_id1                          0x20000258   Data          76  can_motor_bus.o(.bss)
    gimbal_control_state                     0x2000032c   Data          52  pid_calc.o(.bss)
    hcan1                                    0x200004a4   Data          40  can.o(.bss)
    hcan2                                    0x200004cc   Data          40  can.o(.bss)
    hspi1                                    0x200004f4   Data          88  spi.o(.bss)
    hdma_spi1_rx                             0x2000054c   Data          96  spi.o(.bss)
    hdma_spi1_tx                             0x200005ac   Data          96  spi.o(.bss)
    huart4                                   0x2000060c   Data          72  usart.o(.bss)
    huart2                                   0x20000654   Data          72  usart.o(.bss)
    hdma_uart4_rx                            0x2000069c   Data          96  usart.o(.bss)
    hdma_uart4_tx                            0x200006fc   Data          96  usart.o(.bss)
    hdma_usart2_rx                           0x2000075c   Data          96  usart.o(.bss)
    hdma_usart2_tx                           0x200007bc   Data          96  usart.o(.bss)
    htim1                                    0x2000081c   Data          72  stm32f4xx_hal_timebase_tim.o(.bss)
    xQueueRegistry                           0x20000864   Data          64  queue.o(.bss)
    __libspace_start                         0x20005138   Data          96  libspace.o(.bss)
    __temporary_stack_top$libspace           0x20005198   Data           0  libspace.o(.bss)



==============================================================================

Memory Map of the image

  Image Entry point : 0x08000189

  Load Region LR_IROM1 (Base: 0x08000000, Size: 0x0000b044, Max: 0x00100000, ABSOLUTE)

    Execution Region ER_IROM1 (Exec base: 0x08000000, Load base: 0x08000000, Size: 0x0000af48, Max: 0x00100000, ABSOLUTE)

    Exec Addr    Load Addr    Size         Type   Attr      Idx    E Section Name        Object

    0x08000000   0x08000000   0x00000188   Data   RO            3    RESET               startup_stm32f405xx.o
    0x08000188   0x08000188   0x00000008   Code   RO         6375  * !!!main             c_w.l(__main.o)
    0x08000190   0x08000190   0x00000034   Code   RO         6788    !!!scatter          c_w.l(__scatter.o)
    0x080001c4   0x080001c4   0x0000001a   Code   RO         6790    !!handler_copy      c_w.l(__scatter_copy.o)
    0x080001de   0x080001de   0x00000002   PAD
    0x080001e0   0x080001e0   0x0000001c   Code   RO         6792    !!handler_zi        c_w.l(__scatter_zi.o)
    0x080001fc   0x080001fc   0x00000002   Code   RO         6523    .ARM.Collect$$libinit$$00000000  c_w.l(libinit.o)
    0x080001fe   0x080001fe   0x00000004   Code   RO         6556    .ARM.Collect$$libinit$$00000001  c_w.l(libinit2.o)
    0x08000202   0x08000202   0x00000000   Code   RO         6559    .ARM.Collect$$libinit$$00000004  c_w.l(libinit2.o)
    0x08000202   0x08000202   0x00000000   Code   RO         6562    .ARM.Collect$$libinit$$0000000A  c_w.l(libinit2.o)
    0x08000202   0x08000202   0x00000000   Code   RO         6564    .ARM.Collect$$libinit$$0000000C  c_w.l(libinit2.o)
    0x08000202   0x08000202   0x00000000   Code   RO         6566    .ARM.Collect$$libinit$$0000000E  c_w.l(libinit2.o)
    0x08000202   0x08000202   0x00000006   Code   RO         6567    .ARM.Collect$$libinit$$0000000F  c_w.l(libinit2.o)
    0x08000208   0x08000208   0x00000000   Code   RO         6569    .ARM.Collect$$libinit$$00000011  c_w.l(libinit2.o)
    0x08000208   0x08000208   0x0000000c   Code   RO         6570    .ARM.Collect$$libinit$$00000012  c_w.l(libinit2.o)
    0x08000214   0x08000214   0x00000000   Code   RO         6571    .ARM.Collect$$libinit$$00000013  c_w.l(libinit2.o)
    0x08000214   0x08000214   0x00000000   Code   RO         6573    .ARM.Collect$$libinit$$00000015  c_w.l(libinit2.o)
    0x08000214   0x08000214   0x0000000a   Code   RO         6574    .ARM.Collect$$libinit$$00000016  c_w.l(libinit2.o)
    0x0800021e   0x0800021e   0x00000000   Code   RO         6575    .ARM.Collect$$libinit$$00000017  c_w.l(libinit2.o)
    0x0800021e   0x0800021e   0x00000000   Code   RO         6577    .ARM.Collect$$libinit$$00000019  c_w.l(libinit2.o)
    0x0800021e   0x0800021e   0x00000000   Code   RO         6579    .ARM.Collect$$libinit$$0000001B  c_w.l(libinit2.o)
    0x0800021e   0x0800021e   0x00000000   Code   RO         6581    .ARM.Collect$$libinit$$0000001D  c_w.l(libinit2.o)
    0x0800021e   0x0800021e   0x00000000   Code   RO         6583    .ARM.Collect$$libinit$$0000001F  c_w.l(libinit2.o)
    0x0800021e   0x0800021e   0x00000000   Code   RO         6585    .ARM.Collect$$libinit$$00000021  c_w.l(libinit2.o)
    0x0800021e   0x0800021e   0x00000000   Code   RO         6587    .ARM.Collect$$libinit$$00000023  c_w.l(libinit2.o)
    0x0800021e   0x0800021e   0x00000000   Code   RO         6589    .ARM.Collect$$libinit$$00000025  c_w.l(libinit2.o)
    0x0800021e   0x0800021e   0x00000000   Code   RO         6593    .ARM.Collect$$libinit$$0000002C  c_w.l(libinit2.o)
    0x0800021e   0x0800021e   0x00000000   Code   RO         6595    .ARM.Collect$$libinit$$0000002E  c_w.l(libinit2.o)
    0x0800021e   0x0800021e   0x00000000   Code   RO         6597    .ARM.Collect$$libinit$$00000030  c_w.l(libinit2.o)
    0x0800021e   0x0800021e   0x00000000   Code   RO         6599    .ARM.Collect$$libinit$$00000032  c_w.l(libinit2.o)
    0x0800021e   0x0800021e   0x00000002   Code   RO         6600    .ARM.Collect$$libinit$$00000033  c_w.l(libinit2.o)
    0x08000220   0x08000220   0x00000002   Code   RO         6690    .ARM.Collect$$libshutdown$$00000000  c_w.l(libshutdown.o)
    0x08000222   0x08000222   0x00000000   Code   RO         6720    .ARM.Collect$$libshutdown$$00000002  c_w.l(libshutdown2.o)
    0x08000222   0x08000222   0x00000000   Code   RO         6722    .ARM.Collect$$libshutdown$$00000004  c_w.l(libshutdown2.o)
    0x08000222   0x08000222   0x00000000   Code   RO         6724    .ARM.Collect$$libshutdown$$00000006  c_w.l(libshutdown2.o)
    0x08000222   0x08000222   0x00000000   Code   RO         6727    .ARM.Collect$$libshutdown$$00000009  c_w.l(libshutdown2.o)
    0x08000222   0x08000222   0x00000000   Code   RO         6730    .ARM.Collect$$libshutdown$$0000000C  c_w.l(libshutdown2.o)
    0x08000222   0x08000222   0x00000000   Code   RO         6732    .ARM.Collect$$libshutdown$$0000000E  c_w.l(libshutdown2.o)
    0x08000222   0x08000222   0x00000000   Code   RO         6735    .ARM.Collect$$libshutdown$$00000011  c_w.l(libshutdown2.o)
    0x08000222   0x08000222   0x00000002   Code   RO         6736    .ARM.Collect$$libshutdown$$00000012  c_w.l(libshutdown2.o)
    0x08000224   0x08000224   0x00000000   Code   RO         6431    .ARM.Collect$$rtentry$$00000000  c_w.l(__rtentry.o)
    0x08000224   0x08000224   0x00000000   Code   RO         6467    .ARM.Collect$$rtentry$$00000002  c_w.l(__rtentry2.o)
    0x08000224   0x08000224   0x00000006   Code   RO         6479    .ARM.Collect$$rtentry$$00000004  c_w.l(__rtentry4.o)
    0x0800022a   0x0800022a   0x00000000   Code   RO         6469    .ARM.Collect$$rtentry$$00000009  c_w.l(__rtentry2.o)
    0x0800022a   0x0800022a   0x00000004   Code   RO         6470    .ARM.Collect$$rtentry$$0000000A  c_w.l(__rtentry2.o)
    0x0800022e   0x0800022e   0x00000000   Code   RO         6472    .ARM.Collect$$rtentry$$0000000C  c_w.l(__rtentry2.o)
    0x0800022e   0x0800022e   0x00000008   Code   RO         6473    .ARM.Collect$$rtentry$$0000000D  c_w.l(__rtentry2.o)
    0x08000236   0x08000236   0x00000002   Code   RO         6540    .ARM.Collect$$rtexit$$00000000  c_w.l(rtexit.o)
    0x08000238   0x08000238   0x00000000   Code   RO         6614    .ARM.Collect$$rtexit$$00000002  c_w.l(rtexit2.o)
    0x08000238   0x08000238   0x00000004   Code   RO         6615    .ARM.Collect$$rtexit$$00000003  c_w.l(rtexit2.o)
    0x0800023c   0x0800023c   0x00000006   Code   RO         6616    .ARM.Collect$$rtexit$$00000004  c_w.l(rtexit2.o)
    0x08000242   0x08000242   0x00000002   PAD
    0x08000244   0x08000244   0x000000be   Code   RO         6276    .emb_text           port.o
    0x08000302   0x08000302   0x00000002   PAD
    0x08000304   0x08000304   0x00000040   Code   RO            4    .text               startup_stm32f405xx.o
    0x08000344   0x08000344   0x000000ee   Code   RO         6355    .text               c_w.l(lludivv7m.o)
    0x08000432   0x08000432   0x00000014   Code   RO         6357    .text               c_w.l(strchr.o)
    0x08000446   0x08000446   0x00000096   Code   RO         6359    .text               c_w.l(strncmp.o)
    0x080004dc   0x080004dc   0x0000008a   Code   RO         6361    .text               c_w.l(rt_memcpy_v6.o)
    0x08000566   0x08000566   0x00000084   Code   RO         6363    .text               c_w.l(rt_memmove_v6.o)
    0x080005ea   0x080005ea   0x00000064   Code   RO         6365    .text               c_w.l(rt_memcpy_w.o)
    0x0800064e   0x0800064e   0x00000010   Code   RO         6369    .text               c_w.l(aeabi_memset.o)
    0x0800065e   0x0800065e   0x0000004e   Code   RO         6371    .text               c_w.l(rt_memclr_w.o)
    0x080006ac   0x080006ac   0x00000006   Code   RO         6373    .text               c_w.l(heapauxi.o)
    0x080006b2   0x080006b2   0x00000016   Code   RO         6436    .text               c_w.l(_rserrno.o)
    0x080006c8   0x080006c8   0x0000001a   Code   RO         6438    .text               c_w.l(strtof.o)
    0x080006e2   0x080006e2   0x0000007a   Code   RO         6440    .text               c_w.l(rt_memmove_w.o)
    0x0800075c   0x0800075c   0x00000044   Code   RO         6442    .text               c_w.l(rt_memclr.o)
    0x080007a0   0x080007a0   0x00000008   Code   RO         6486    .text               c_w.l(rt_errno_addr_intlibspace.o)
    0x080007a8   0x080007a8   0x000000a4   Code   RO         6488    .text               c_w.l(strtod.o)
    0x0800084c   0x0800084c   0x00000008   Code   RO         6500    .text               c_w.l(libspace.o)
    0x08000854   0x08000854   0x0000004a   Code   RO         6503    .text               c_w.l(sys_stackheap_outer.o)
    0x0800089e   0x0800089e   0x00000012   Code   RO         6505    .text               c_w.l(isspace.o)
    0x080008b0   0x080008b0   0x00000040   Code   RO         6507    .text               c_w.l(_sgetc.o)
    0x080008f0   0x080008f0   0x00000012   Code   RO         6512    .text               c_w.l(exit.o)
    0x08000902   0x08000902   0x00000002   PAD
    0x08000904   0x08000904   0x00000010   Code   RO         6542    .text               c_w.l(rt_ctype_table.o)
    0x08000914   0x08000914   0x000004f8   Code   RO         6546    .text               c_w.l(scanf_fp.o)
    0x08000e0c   0x08000e0c   0x00000080   Code   RO         6554    .text               c_w.l(strcmpv7m.o)
    0x08000e8c   0x08000e8c   0x0000000c   Code   RO         6611    .text               c_w.l(sys_exit.o)
    0x08000e98   0x08000e98   0x00000008   Code   RO         6623    .text               c_w.l(rt_locale_intlibspace.o)
    0x08000ea0   0x08000ea0   0x000000e4   Code   RO         6625    .text               c_w.l(bigflt0.o)
    0x08000f84   0x08000f84   0x00000002   Code   RO         6675    .text               c_w.l(use_no_semi.o)
    0x08000f86   0x08000f86   0x00000000   Code   RO         6677    .text               c_w.l(indicate_semi.o)
    0x08000f86   0x08000f86   0x00000002   PAD
    0x08000f88   0x08000f88   0x00000320   Code   RO         6678    .text               c_w.l(scanf_hexfp.o)
    0x080012a8   0x080012a8   0x00000134   Code   RO         6680    .text               c_w.l(scanf_infnan.o)
    0x080013dc   0x080013dc   0x00000026   Code   RO         6695    .text               c_w.l(llshl.o)
    0x08001402   0x08001402   0x0000001c   Code   RO         6697    .text               c_w.l(_chval.o)
    0x0800141e   0x0800141e   0x00000338   Code   RO         6638    CL$$btod_div_common  c_w.l(btod.o)
    0x08001756   0x08001756   0x00000002   PAD
    0x08001758   0x08001758   0x00000084   Code   RO         6636    CL$$btod_e2d        c_w.l(btod.o)
    0x080017dc   0x080017dc   0x000000dc   Code   RO         6635    CL$$btod_e2e        c_w.l(btod.o)
    0x080018b8   0x080018b8   0x0000002a   Code   RO         6632    CL$$btod_ediv       c_w.l(btod.o)
    0x080018e2   0x080018e2   0x0000002a   Code   RO         6634    CL$$btod_edivd      c_w.l(btod.o)
    0x0800190c   0x0800190c   0x0000002a   Code   RO         6631    CL$$btod_emul       c_w.l(btod.o)
    0x08001936   0x08001936   0x0000002a   Code   RO         6633    CL$$btod_emuld      c_w.l(btod.o)
    0x08001960   0x08001960   0x00000244   Code   RO         6637    CL$$btod_mult_common  c_w.l(btod.o)
    0x08001ba4   0x08001ba4   0x0000000a   Code   RO          605    i.BMI088_DMADataReady  bmi088.o
    0x08001bae   0x08001bae   0x00000002   PAD
    0x08001bb0   0x08001bb0   0x00000218   Code   RO          606    i.BMI088_Init       bmi088.o
    0x08001dc8   0x08001dc8   0x00000020   Code   RO          607    i.BMI088_Read       bmi088.o
    0x08001de8   0x08001de8   0x00000042   Code   RO          608    i.BMI088_ReadAcceleration  bmi088.o
    0x08001e2a   0x08001e2a   0x00000042   Code   RO          609    i.BMI088_ReadGyroscope  bmi088.o
    0x08001e6c   0x08001e6c   0x00000040   Code   RO          610    i.BMI088_ReadTemperature  bmi088.o
    0x08001eac   0x08001eac   0x00000078   Code   RO          611    i.BMI088_ServiceDMA  bmi088.o
    0x08001f24   0x08001f24   0x00000050   Code   RO          612    i.BMI088_StartReadDMA  bmi088.o
    0x08001f74   0x08001f74   0x00000002   Code   RO         1313    i.BusFault_Handler  stm32f4xx_it.o
    0x08001f76   0x08001f76   0x00000002   PAD
    0x08001f78   0x08001f78   0x0000000c   Code   RO         1314    i.CAN1_RX0_IRQHandler  stm32f4xx_it.o
    0x08001f84   0x08001f84   0x0000000c   Code   RO         1315    i.CAN1_SCE_IRQHandler  stm32f4xx_it.o
    0x08001f90   0x08001f90   0x0000000c   Code   RO         1316    i.CAN2_RX0_IRQHandler  stm32f4xx_it.o
    0x08001f9c   0x08001f9c   0x0000000c   Code   RO         1317    i.CAN2_SCE_IRQHandler  stm32f4xx_it.o
    0x08001fa8   0x08001fa8   0x0000004c   Code   RO          237    i.CanMotorBus_CheckOffline  can_motor_bus.o
    0x08001ff4   0x08001ff4   0x00000028   Code   RO          238    i.CanMotorBus_GetStatus  can_motor_bus.o
    0x0800201c   0x0800201c   0x00000118   Code   RO          239    i.CanMotorBus_Init  can_motor_bus.o
    0x08002134   0x08002134   0x00000016   Code   RO          240    i.CanMotorBus_StopAll  can_motor_bus.o
    0x0800214a   0x0800214a   0x00000002   PAD
    0x0800214c   0x0800214c   0x0000007c   Code   RO          241    i.CanMotorBus_StopGimbal  can_motor_bus.o
    0x080021c8   0x080021c8   0x0000001e   Code   RO          242    i.CanMotorBus_TxHealthy  can_motor_bus.o
    0x080021e6   0x080021e6   0x00000002   PAD
    0x080021e8   0x080021e8   0x00000090   Code   RO          243    i.CanMotorBus_Update  can_motor_bus.o
    0x08002278   0x08002278   0x00000078   Code   RO          479    i.DM4310_Decode     dm4310.o
    0x080022f0   0x080022f0   0x00000054   Code   RO          480    i.DM4310_Init       dm4310.o
    0x08002344   0x08002344   0x00000050   Code   RO          481    i.DM4310_PackCurrentCommand  dm4310.o
    0x08002394   0x08002394   0x00000008   Code   RO          482    i.DM4310_SetCurrentFeedforward  dm4310.o
    0x0800239c   0x0800239c   0x0000000a   Code   RO          483    i.DM4310_SetSpeed   dm4310.o
    0x080023a6   0x080023a6   0x00000002   PAD
    0x080023a8   0x080023a8   0x0000002c   Code   RO          484    i.DM4310_SetSpeedFilterAlpha  dm4310.o
    0x080023d4   0x080023d4   0x000000a6   Code   RO          485    i.DM4310_Update     dm4310.o
    0x0800247a   0x0800247a   0x00000002   PAD
    0x0800247c   0x0800247c   0x0000000c   Code   RO         1318    i.DMA1_Stream2_IRQHandler  stm32f4xx_it.o
    0x08002488   0x08002488   0x0000000c   Code   RO         1319    i.DMA1_Stream4_IRQHandler  stm32f4xx_it.o
    0x08002494   0x08002494   0x0000000c   Code   RO         1320    i.DMA1_Stream5_IRQHandler  stm32f4xx_it.o
    0x080024a0   0x080024a0   0x0000000c   Code   RO         1321    i.DMA1_Stream6_IRQHandler  stm32f4xx_it.o
    0x080024ac   0x080024ac   0x0000000c   Code   RO         1322    i.DMA2_Stream0_IRQHandler  stm32f4xx_it.o
    0x080024b8   0x080024b8   0x0000000c   Code   RO         1323    i.DMA2_Stream3_IRQHandler  stm32f4xx_it.o
    0x080024c4   0x080024c4   0x00000028   Code   RO         3190    i.DMA_CalcBaseAndBitshift  stm32f4xx_hal_dma.o
    0x080024ec   0x080024ec   0x00000054   Code   RO         3191    i.DMA_CheckFifoParam  stm32f4xx_hal_dma.o
    0x08002540   0x08002540   0x00000028   Code   RO         3192    i.DMA_SetConfig     stm32f4xx_hal_dma.o
    0x08002568   0x08002568   0x000001ec   Code   RO          735    i.Data_Process      data_process.o
    0x08002754   0x08002754   0x00000002   Code   RO         1324    i.DebugMon_Handler  stm32f4xx_it.o
    0x08002756   0x08002756   0x00000026   Code   RO          187    i.DjiMotor_DecodeFeedback  motor_common.o
    0x0800277c   0x0800277c   0x00000006   Code   RO         1325    i.EXTI0_IRQHandler  stm32f4xx_it.o
    0x08002782   0x08002782   0x00000006   Code   RO         1326    i.EXTI9_5_IRQHandler  stm32f4xx_it.o
    0x08002788   0x08002788   0x00000004   Code   RO          981    i.Error_Handler     main.o
    0x0800278c   0x0800278c   0x0000000c   Code   RO          437    i.GM6020_Decode     gm6020.o
    0x08002798   0x08002798   0x00000050   Code   RO          438    i.GM6020_Init       gm6020.o
    0x080027e8   0x080027e8   0x0000000a   Code   RO          439    i.GM6020_SetSpeed   gm6020.o
    0x080027f2   0x080027f2   0x00000002   PAD
    0x080027f4   0x080027f4   0x0000002c   Code   RO          440    i.GM6020_SetSpeedFilterAlpha  gm6020.o
    0x08002820   0x08002820   0x00000038   Code   RO          441    i.GM6020_SetVoltageFeedforward  gm6020.o
    0x08002858   0x08002858   0x0000008c   Code   RO          442    i.GM6020_Update     gm6020.o
    0x080028e4   0x080028e4   0x00000046   Code   RO         2497    i.HAL_CAN_AbortTxRequest  stm32f4xx_hal_can.o
    0x0800292a   0x0800292a   0x00000024   Code   RO         2498    i.HAL_CAN_ActivateNotification  stm32f4xx_hal_can.o
    0x0800294e   0x0800294e   0x000000d0   Code   RO         2499    i.HAL_CAN_AddTxMessage  stm32f4xx_hal_can.o
    0x08002a1e   0x08002a1e   0x00000002   PAD
    0x08002a20   0x08002a20   0x0000010c   Code   RO         2500    i.HAL_CAN_ConfigFilter  stm32f4xx_hal_can.o
    0x08002b2c   0x08002b2c   0x0000005c   Code   RO          244    i.HAL_CAN_ErrorCallback  can_motor_bus.o
    0x08002b88   0x08002b88   0x00000004   Code   RO         2504    i.HAL_CAN_GetError  stm32f4xx_hal_can.o
    0x08002b8c   0x08002b8c   0x00000022   Code   RO         2505    i.HAL_CAN_GetRxFifoFillLevel  stm32f4xx_hal_can.o
    0x08002bae   0x08002bae   0x000000f4   Code   RO         2506    i.HAL_CAN_GetRxMessage  stm32f4xx_hal_can.o
    0x08002ca2   0x08002ca2   0x000001fc   Code   RO         2510    i.HAL_CAN_IRQHandler  stm32f4xx_hal_can.o
    0x08002e9e   0x08002e9e   0x0000011a   Code   RO         2511    i.HAL_CAN_Init      stm32f4xx_hal_can.o
    0x08002fb8   0x08002fb8   0x00000100   Code   RO         1151    i.HAL_CAN_MspInit   can.o
    0x080030b8   0x080030b8   0x00000022   Code   RO         2517    i.HAL_CAN_ResetError  stm32f4xx_hal_can.o
    0x080030da   0x080030da   0x00000002   Code   RO         2518    i.HAL_CAN_RxFifo0FullCallback  stm32f4xx_hal_can.o
    0x080030dc   0x080030dc   0x000000e0   Code   RO          245    i.HAL_CAN_RxFifo0MsgPendingCallback  can_motor_bus.o
    0x080031bc   0x080031bc   0x00000002   Code   RO         2520    i.HAL_CAN_RxFifo1FullCallback  stm32f4xx_hal_can.o
    0x080031be   0x080031be   0x00000002   Code   RO         2521    i.HAL_CAN_RxFifo1MsgPendingCallback  stm32f4xx_hal_can.o
    0x080031c0   0x080031c0   0x00000002   Code   RO         2522    i.HAL_CAN_SleepCallback  stm32f4xx_hal_can.o
    0x080031c2   0x080031c2   0x00000002   PAD
    0x080031c4   0x080031c4   0x00000058   Code   RO         2523    i.HAL_CAN_Start     stm32f4xx_hal_can.o
    0x0800321c   0x0800321c   0x00000002   Code   RO         2525    i.HAL_CAN_TxMailbox0AbortCallback  stm32f4xx_hal_can.o
    0x0800321e   0x0800321e   0x00000002   Code   RO         2526    i.HAL_CAN_TxMailbox0CompleteCallback  stm32f4xx_hal_can.o
    0x08003220   0x08003220   0x00000002   Code   RO         2527    i.HAL_CAN_TxMailbox1AbortCallback  stm32f4xx_hal_can.o
    0x08003222   0x08003222   0x00000002   Code   RO         2528    i.HAL_CAN_TxMailbox1CompleteCallback  stm32f4xx_hal_can.o
    0x08003224   0x08003224   0x00000002   Code   RO         2529    i.HAL_CAN_TxMailbox2AbortCallback  stm32f4xx_hal_can.o
    0x08003226   0x08003226   0x00000002   Code   RO         2530    i.HAL_CAN_TxMailbox2CompleteCallback  stm32f4xx_hal_can.o
    0x08003228   0x08003228   0x00000002   Code   RO         2532    i.HAL_CAN_WakeUpFromRxMsgCallback  stm32f4xx_hal_can.o
    0x0800322a   0x0800322a   0x00000092   Code   RO         3193    i.HAL_DMA_Abort     stm32f4xx_hal_dma.o
    0x080032bc   0x080032bc   0x00000024   Code   RO         3194    i.HAL_DMA_Abort_IT  stm32f4xx_hal_dma.o
    0x080032e0   0x080032e0   0x00000004   Code   RO         3196    i.HAL_DMA_GetError  stm32f4xx_hal_dma.o
    0x080032e4   0x080032e4   0x000001a0   Code   RO         3198    i.HAL_DMA_IRQHandler  stm32f4xx_hal_dma.o
    0x08003484   0x08003484   0x000000d4   Code   RO         3199    i.HAL_DMA_Init      stm32f4xx_hal_dma.o
    0x08003558   0x08003558   0x0000006e   Code   RO         3203    i.HAL_DMA_Start_IT  stm32f4xx_hal_dma.o
    0x080035c6   0x080035c6   0x00000002   PAD
    0x080035c8   0x080035c8   0x00000024   Code   RO         3630    i.HAL_Delay         stm32f4xx_hal.o
    0x080035ec   0x080035ec   0x00000028   Code   RO           13    i.HAL_GPIO_EXTI_Callback  hardware_drivers.o
    0x08003614   0x08003614   0x00000018   Code   RO         3085    i.HAL_GPIO_EXTI_IRQHandler  stm32f4xx_hal_gpio.o
    0x0800362c   0x0800362c   0x000001f0   Code   RO         3086    i.HAL_GPIO_Init     stm32f4xx_hal_gpio.o
    0x0800381c   0x0800381c   0x0000000a   Code   RO         3090    i.HAL_GPIO_WritePin  stm32f4xx_hal_gpio.o
    0x08003826   0x08003826   0x00000002   PAD
    0x08003828   0x08003828   0x0000000c   Code   RO         3636    i.HAL_GetTick       stm32f4xx_hal.o
    0x08003834   0x08003834   0x00000010   Code   RO         3642    i.HAL_IncTick       stm32f4xx_hal.o
    0x08003844   0x08003844   0x00000034   Code   RO         3643    i.HAL_Init          stm32f4xx_hal.o
    0x08003878   0x08003878   0x0000008c   Code   RO         1485    i.HAL_InitTick      stm32f4xx_hal_timebase_tim.o
    0x08003904   0x08003904   0x00000038   Code   RO         1461    i.HAL_MspInit       stm32f4xx_hal_msp.o
    0x0800393c   0x0800393c   0x00000022   Code   RO         3477    i.HAL_NVIC_DisableIRQ  stm32f4xx_hal_cortex.o
    0x0800395e   0x0800395e   0x0000001a   Code   RO         3478    i.HAL_NVIC_EnableIRQ  stm32f4xx_hal_cortex.o
    0x08003978   0x08003978   0x00000040   Code   RO         3484    i.HAL_NVIC_SetPriority  stm32f4xx_hal_cortex.o
    0x080039b8   0x080039b8   0x00000024   Code   RO         3485    i.HAL_NVIC_SetPriorityGrouping  stm32f4xx_hal_cortex.o
    0x080039dc   0x080039dc   0x00000134   Code   RO         2732    i.HAL_RCC_ClockConfig  stm32f4xx_hal_rcc.o
    0x08003b10   0x08003b10   0x00000040   Code   RO         2736    i.HAL_RCC_GetClockConfig  stm32f4xx_hal_rcc.o
    0x08003b50   0x08003b50   0x00000020   Code   RO         2739    i.HAL_RCC_GetPCLK1Freq  stm32f4xx_hal_rcc.o
    0x08003b70   0x08003b70   0x00000020   Code   RO         2740    i.HAL_RCC_GetPCLK2Freq  stm32f4xx_hal_rcc.o
    0x08003b90   0x08003b90   0x00000064   Code   RO         2741    i.HAL_RCC_GetSysClockFreq  stm32f4xx_hal_rcc.o
    0x08003bf4   0x08003bf4   0x0000036c   Code   RO         2744    i.HAL_RCC_OscConfig  stm32f4xx_hal_rcc.o
    0x08003f60   0x08003f60   0x00000124   Code   RO         3881    i.HAL_SPI_Abort     stm32f4xx_hal_spi.o
    0x08004084   0x08004084   0x0000001c   Code   RO          613    i.HAL_SPI_ErrorCallback  bmi088.o
    0x080040a0   0x080040a0   0x000000bc   Code   RO         3892    i.HAL_SPI_Init      stm32f4xx_hal_spi.o
    0x0800415c   0x0800415c   0x000000d4   Code   RO         1224    i.HAL_SPI_MspInit   spi.o
    0x08004230   0x08004230   0x00000154   Code   RO         3895    i.HAL_SPI_Receive   stm32f4xx_hal_spi.o
    0x08004384   0x08004384   0x00000002   Code   RO         3898    i.HAL_SPI_RxCpltCallback  stm32f4xx_hal_spi.o
    0x08004386   0x08004386   0x00000002   Code   RO         3899    i.HAL_SPI_RxHalfCpltCallback  stm32f4xx_hal_spi.o
    0x08004388   0x08004388   0x00000166   Code   RO         3900    i.HAL_SPI_Transmit  stm32f4xx_hal_spi.o
    0x080044ee   0x080044ee   0x000001f0   Code   RO         3901    i.HAL_SPI_TransmitReceive  stm32f4xx_hal_spi.o
    0x080046de   0x080046de   0x00000002   PAD
    0x080046e0   0x080046e0   0x00000110   Code   RO         3902    i.HAL_SPI_TransmitReceive_DMA  stm32f4xx_hal_spi.o
    0x080047f0   0x080047f0   0x0000008c   Code   RO          614    i.HAL_SPI_TxRxCpltCallback  bmi088.o
    0x0800487c   0x0800487c   0x00000002   Code   RO         3909    i.HAL_SPI_TxRxHalfCpltCallback  stm32f4xx_hal_spi.o
    0x0800487e   0x0800487e   0x00000002   Code   RO         2230    i.HAL_TIMEx_BreakCallback  stm32f4xx_hal_tim_ex.o
    0x08004880   0x08004880   0x00000002   Code   RO         2231    i.HAL_TIMEx_CommutCallback  stm32f4xx_hal_tim_ex.o
    0x08004882   0x08004882   0x0000005a   Code   RO         1526    i.HAL_TIM_Base_Init  stm32f4xx_hal_tim.o
    0x080048dc   0x080048dc   0x00000002   Code   RO         1528    i.HAL_TIM_Base_MspInit  stm32f4xx_hal_tim.o
    0x080048de   0x080048de   0x00000002   PAD
    0x080048e0   0x080048e0   0x00000080   Code   RO         1531    i.HAL_TIM_Base_Start_IT  stm32f4xx_hal_tim.o
    0x08004960   0x08004960   0x00000002   Code   RO         1560    i.HAL_TIM_IC_CaptureCallback  stm32f4xx_hal_tim.o
    0x08004962   0x08004962   0x00000130   Code   RO         1574    i.HAL_TIM_IRQHandler  stm32f4xx_hal_tim.o
    0x08004a92   0x08004a92   0x00000002   Code   RO         1577    i.HAL_TIM_OC_DelayElapsedCallback  stm32f4xx_hal_tim.o
    0x08004a94   0x08004a94   0x00000002   Code   RO         1604    i.HAL_TIM_PWM_PulseFinishedCallback  stm32f4xx_hal_tim.o
    0x08004a96   0x08004a96   0x00000002   PAD
    0x08004a98   0x08004a98   0x00000014   Code   RO          982    i.HAL_TIM_PeriodElapsedCallback  main.o
    0x08004aac   0x08004aac   0x00000002   Code   RO         1617    i.HAL_TIM_TriggerCallback  stm32f4xx_hal_tim.o
    0x08004aae   0x08004aae   0x0000004a   Code   RO         4213    i.HAL_UARTEx_ReceiveToIdle_DMA  stm32f4xx_hal_uart.o
    0x08004af8   0x08004af8   0x0000003c   Code   RO          530    i.HAL_UARTEx_RxEventCallback  sbus.o
    0x08004b34   0x08004b34   0x00000094   Code   RO         4218    i.HAL_UART_AbortReceive  stm32f4xx_hal_uart.o
    0x08004bc8   0x08004bc8   0x00000028   Code   RO          531    i.HAL_UART_ErrorCallback  sbus.o
    0x08004bf0   0x08004bf0   0x00000280   Code   RO         4232    i.HAL_UART_IRQHandler  stm32f4xx_hal_uart.o
    0x08004e70   0x08004e70   0x00000064   Code   RO         4233    i.HAL_UART_Init     stm32f4xx_hal_uart.o
    0x08004ed4   0x08004ed4   0x00000190   Code   RO         1266    i.HAL_UART_MspInit  usart.o
    0x08005064   0x08005064   0x00000002   Code   RO         4239    i.HAL_UART_RxCpltCallback  stm32f4xx_hal_uart.o
    0x08005066   0x08005066   0x00000002   Code   RO         4240    i.HAL_UART_RxHalfCpltCallback  stm32f4xx_hal_uart.o
    0x08005068   0x08005068   0x00000084   Code   RO         4242    i.HAL_UART_Transmit_DMA  stm32f4xx_hal_uart.o
    0x080050ec   0x080050ec   0x00000014   Code   RO          876    i.HAL_UART_TxCpltCallback  vofa.o
    0x08005100   0x08005100   0x00000002   Code   RO         4245    i.HAL_UART_TxHalfCpltCallback  stm32f4xx_hal_uart.o
    0x08005102   0x08005102   0x00000002   Code   RO         1327    i.HardFault_Handler  stm32f4xx_it.o
    0x08005104   0x08005104   0x00000078   Code   RO           14    i.HardwareDrivers_Init  hardware_drivers.o
    0x0800517c   0x0800517c   0x00000208   Code   RO          956    i.Launch_Task       launch.o
    0x08005384   0x08005384   0x0000000c   Code   RO          401    i.M2006_Decode      m2006.o
    0x08005390   0x08005390   0x00000050   Code   RO          402    i.M2006_Init        m2006.o
    0x080053e0   0x080053e0   0x0000000a   Code   RO          403    i.M2006_SetSpeed    m2006.o
    0x080053ea   0x080053ea   0x00000002   PAD
    0x080053ec   0x080053ec   0x0000002c   Code   RO          404    i.M2006_SetSpeedFilterAlpha  m2006.o
    0x08005418   0x08005418   0x0000003c   Code   RO          405    i.M2006_Update      m2006.o
    0x08005454   0x08005454   0x0000000c   Code   RO          362    i.M3508_Decode      m3508.o
    0x08005460   0x08005460   0x00000050   Code   RO          363    i.M3508_Init        m3508.o
    0x080054b0   0x080054b0   0x0000000a   Code   RO          364    i.M3508_SetSpeed    m3508.o
    0x080054ba   0x080054ba   0x00000002   PAD
    0x080054bc   0x080054bc   0x0000002c   Code   RO          365    i.M3508_SetSpeedFilterAlpha  m3508.o
    0x080054e8   0x080054e8   0x0000003c   Code   RO          366    i.M3508_Update      m3508.o
    0x08005524   0x08005524   0x00000048   Code   RO         1152    i.MX_CAN1_Init      can.o
    0x0800556c   0x0800556c   0x00000048   Code   RO         1153    i.MX_CAN2_Init      can.o
    0x080055b4   0x080055b4   0x0000008c   Code   RO         1199    i.MX_DMA_Init       dma.o
    0x08005640   0x08005640   0x000000ac   Code   RO         1085    i.MX_FREERTOS_Init  freertos.o
    0x080056ec   0x080056ec   0x000000f0   Code   RO         1059    i.MX_GPIO_Init      gpio.o
    0x080057dc   0x080057dc   0x00000048   Code   RO         1225    i.MX_SPI1_Init      spi.o
    0x08005824   0x08005824   0x00000038   Code   RO         1267    i.MX_UART4_Init     usart.o
    0x0800585c   0x0800585c   0x00000044   Code   RO         1268    i.MX_USART2_UART_Init  usart.o
    0x080058a0   0x080058a0   0x00000002   Code   RO         1328    i.MemManage_Handler  stm32f4xx_it.o
    0x080058a2   0x080058a2   0x00000002   PAD
    0x080058a4   0x080058a4   0x00000100   Code   RO          188    i.MotorSpeedPid_Calculate  motor_common.o
    0x080059a4   0x080059a4   0x00000030   Code   RO          189    i.MotorSpeedPid_Init  motor_common.o
    0x080059d4   0x080059d4   0x00000018   Code   RO          190    i.MotorSpeedPid_Reset  motor_common.o
    0x080059ec   0x080059ec   0x0000000a   Code   RO          191    i.MotorSpeedPid_SetGains  motor_common.o
    0x080059f6   0x080059f6   0x00000002   PAD
    0x080059f8   0x080059f8   0x0000001c   Code   RO          192    i.MotorSpeedPid_SetIntegralSeparation  motor_common.o
    0x08005a14   0x08005a14   0x00000002   Code   RO         1329    i.NMI_Handler       stm32f4xx_it.o
    0x08005a16   0x08005a16   0x00000002   PAD
    0x08005a18   0x08005a18   0x00000674   Code   RO          812    i.PID_calc          pid_calc.o
    0x0800608c   0x0800608c   0x00000064   Code   RO          532    i.SBus_ChannelNormalized  sbus.o
    0x080060f0   0x080060f0   0x00000020   Code   RO          533    i.SBus_CheckOffline  sbus.o
    0x08006110   0x08006110   0x00000028   Code   RO          534    i.SBus_GetData      sbus.o
    0x08006138   0x08006138   0x00000028   Code   RO          535    i.SBus_Init         sbus.o
    0x08006160   0x08006160   0x00000058   Code   RO         3914    i.SPI_AbortRx_ISR   stm32f4xx_hal_spi.o
    0x080061b8   0x080061b8   0x0000001c   Code   RO         3915    i.SPI_AbortTx_ISR   stm32f4xx_hal_spi.o
    0x080061d4   0x080061d4   0x00000022   Code   RO         3920    i.SPI_DMAError      stm32f4xx_hal_spi.o
    0x080061f6   0x080061f6   0x0000000a   Code   RO         3921    i.SPI_DMAHalfReceiveCplt  stm32f4xx_hal_spi.o
    0x08006200   0x08006200   0x0000000a   Code   RO         3923    i.SPI_DMAHalfTransmitReceiveCplt  stm32f4xx_hal_spi.o
    0x0800620a   0x0800620a   0x0000006a   Code   RO         3924    i.SPI_DMAReceiveCplt  stm32f4xx_hal_spi.o
    0x08006274   0x08006274   0x0000005a   Code   RO         3927    i.SPI_DMATransmitReceiveCplt  stm32f4xx_hal_spi.o
    0x080062ce   0x080062ce   0x0000005c   Code   RO         3929    i.SPI_EndRxTransaction  stm32f4xx_hal_spi.o
    0x0800632a   0x0800632a   0x00000002   PAD
    0x0800632c   0x0800632c   0x0000006c   Code   RO         3930    i.SPI_EndRxTxTransaction  stm32f4xx_hal_spi.o
    0x08006398   0x08006398   0x000000bc   Code   RO         3935    i.SPI_WaitFlagStateUntilTimeout  stm32f4xx_hal_spi.o
    0x08006454   0x08006454   0x00000008   Code   RO         1087    i.StartDefaultTask  freertos.o
    0x0800645c   0x0800645c   0x0000001a   Code   RO         5711    i.SysTick_Handler   cmsis_os2.o
    0x08006476   0x08006476   0x00000002   PAD
    0x08006478   0x08006478   0x00000094   Code   RO          983    i.SystemClock_Config  main.o
    0x0800650c   0x0800650c   0x00000010   Code   RO         4567    i.SystemInit        system_stm32f4xx.o
    0x0800651c   0x0800651c   0x0000000c   Code   RO         1330    i.TIM1_UP_TIM10_IRQHandler  stm32f4xx_it.o
    0x08006528   0x08006528   0x000000d0   Code   RO         1619    i.TIM_Base_SetConfig  stm32f4xx_hal_tim.o
    0x080065f8   0x080065f8   0x0000000c   Code   RO         1331    i.UART4_IRQHandler  stm32f4xx_it.o
    0x08006604   0x08006604   0x0000000e   Code   RO         4246    i.UART_DMAAbortOnError  stm32f4xx_hal_uart.o
    0x08006612   0x08006612   0x0000004a   Code   RO         4247    i.UART_DMAError     stm32f4xx_hal_uart.o
    0x0800665c   0x0800665c   0x00000086   Code   RO         4248    i.UART_DMAReceiveCplt  stm32f4xx_hal_uart.o
    0x080066e2   0x080066e2   0x0000001e   Code   RO         4250    i.UART_DMARxHalfCplt  stm32f4xx_hal_uart.o
    0x08006700   0x08006700   0x00000042   Code   RO         4252    i.UART_DMATransmitCplt  stm32f4xx_hal_uart.o
    0x08006742   0x08006742   0x0000000a   Code   RO         4254    i.UART_DMATxHalfCplt  stm32f4xx_hal_uart.o
    0x0800674c   0x0800674c   0x0000004e   Code   RO         4256    i.UART_EndRxTransfer  stm32f4xx_hal_uart.o
    0x0800679a   0x0800679a   0x0000001c   Code   RO         4257    i.UART_EndTxTransfer  stm32f4xx_hal_uart.o
    0x080067b6   0x080067b6   0x000000c2   Code   RO         4258    i.UART_Receive_IT   stm32f4xx_hal_uart.o
    0x08006878   0x08006878   0x0000010c   Code   RO         4259    i.UART_SetConfig    stm32f4xx_hal_uart.o
    0x08006984   0x08006984   0x000000a0   Code   RO         4260    i.UART_Start_Receive_DMA  stm32f4xx_hal_uart.o
    0x08006a24   0x08006a24   0x0000000c   Code   RO         1332    i.USART2_IRQHandler  stm32f4xx_it.o
    0x08006a30   0x08006a30   0x00000002   Code   RO         1333    i.UsageFault_Handler  stm32f4xx_it.o
    0x08006a32   0x08006a32   0x00000002   PAD
    0x08006a34   0x08006a34   0x00000048   Code   RO          877    i.VOFA_GetCommand   vofa.o
    0x08006a7c   0x08006a7c   0x00000020   Code   RO          878    i.VOFA_Init         vofa.o
    0x08006a9c   0x08006a9c   0x00000050   Code   RO          879    i.VOFA_SendAngles   vofa.o
    0x08006aec   0x08006aec   0x00000020   Code   RO          880    i.VOFA_UART_ErrorCallback  vofa.o
    0x08006b0c   0x08006b0c   0x000000a0   Code   RO          881    i.VOFA_UART_RxEventCallback  vofa.o
    0x08006bac   0x08006bac   0x0000007c   Code   RO          882    i.VOFA_print        vofa.o
    0x08006c28   0x08006c28   0x00000026   Code   RO         6447    i.__ARM_fpclassifyf  m_wm.l(fpclassifyf.o)
    0x08006c4e   0x08006c4e   0x00000020   Code   RO         3491    i.__NVIC_SetPriority  stm32f4xx_hal_cortex.o
    0x08006c6e   0x08006c6e   0x00000002   PAD
    0x08006c70   0x08006c70   0x000000f8   Code   RO         6492    i.__hardfp___mathlib_tofloat  m_wm.l(narrow.o)
    0x08006d68   0x08006d68   0x000002ac   Code   RO         6377    i.__hardfp_atan2f   m_wm.l(atan2f.o)
    0x08007014   0x08007014   0x00000150   Code   RO         6389    i.__hardfp_cosf     m_wm.l(cosf.o)
    0x08007164   0x08007164   0x000000b0   Code   RO         6401    i.__hardfp_fmodf    m_wm.l(fmodf.o)
    0x08007214   0x08007214   0x00000004   PAD
    0x08007218   0x08007218   0x000000d0   Code   RO         6737    i.__hardfp_ldexp    m_wm.l(ldexp.o)
    0x080072e8   0x080072e8   0x0000003a   Code   RO         6413    i.__hardfp_sqrtf    m_wm.l(sqrtf.o)
    0x08007322   0x08007322   0x00000002   PAD
    0x08007324   0x08007324   0x00000020   Code   RO         6425    i.__hardfp_strtof   m_wm.l(strtof.o)
    0x08007344   0x08007344   0x00000004   PAD
    0x08007348   0x08007348   0x00000020   Code   RO         6759    i.__mathlib_dbl_overflow  m_wm.l(dunder.o)
    0x08007368   0x08007368   0x00000020   Code   RO         6761    i.__mathlib_dbl_underflow  m_wm.l(dunder.o)
    0x08007388   0x08007388   0x00000006   Code   RO         6450    i.__mathlib_flt_infnan  m_wm.l(funder.o)
    0x0800738e   0x0800738e   0x00000006   Code   RO         6451    i.__mathlib_flt_infnan2  m_wm.l(funder.o)
    0x08007394   0x08007394   0x00000010   Code   RO         6452    i.__mathlib_flt_invalid  m_wm.l(funder.o)
    0x080073a4   0x080073a4   0x00000010   Code   RO         6455    i.__mathlib_flt_underflow  m_wm.l(funder.o)
    0x080073b4   0x080073b4   0x00000012   Code   RO         6493    i.__mathlib_narrow  m_wm.l(narrow.o)
    0x080073c6   0x080073c6   0x00000002   PAD
    0x080073c8   0x080073c8   0x00000154   Code   RO         6463    i.__mathlib_rredf2  m_wm.l(rredf.o)
    0x0800751c   0x0800751c   0x00000014   Code   RO         6739    i.__support_ldexp   m_wm.l(ldexp.o)
    0x08007530   0x08007530   0x0000000e   Code   RO         6548    i._is_digit         c_w.l(scanf_fp.o)
    0x0800753e   0x0800753e   0x00000002   PAD
    0x08007540   0x08007540   0x00000020   Code   RO          736    i.channel_changed   data_process.o
    0x08007560   0x08007560   0x0000001e   Code   RO          193    i.clampf            motor_common.o
    0x0800757e   0x0800757e   0x0000001e   Code   RO          813    i.clampf            pid_calc.o
    0x0800759c   0x0800759c   0x0000004c   Code   RO          246    i.configure_filter  can_motor_bus.o
    0x080075e8   0x080075e8   0x00000064   Code   RO          536    i.consume_byte      sbus.o
    0x0800764c   0x0800764c   0x00000068   Code   RO          615    i.continue_dma_chain  bmi088.o
    0x080076b4   0x080076b4   0x00000214   Code   RO          537    i.decode_frame      sbus.o
    0x080078c8   0x080078c8   0x00000006   Code   RO          616    i.deselect          bmi088.o
    0x080078ce   0x080078ce   0x00000002   PAD
    0x080078d0   0x080078d0   0x0000008c   Code   RO         6536    i.frexp             m_wm.l(frexp.o)
    0x0800795c   0x0800795c   0x0000006c   Code   RO          247    i.guarded_send_commands  can_motor_bus.o
    0x080079c8   0x080079c8   0x0000003c   Code   RO          984    i.main              main.o
    0x08007a04   0x08007a04   0x00000034   Code   RO          737    i.map_sbus_speed    data_process.o
    0x08007a38   0x08007a38   0x00000038   Code   RO          883    i.normalize_degrees  vofa.o
    0x08007a70   0x08007a70   0x0000001a   Code   RO         5713    i.osDelay           cmsis_os2.o
    0x08007a8a   0x08007a8a   0x0000002e   Code   RO         5714    i.osDelayUntil      cmsis_os2.o
    0x08007ab8   0x08007ab8   0x0000000e   Code   RO         5725    i.osKernelGetTickCount  cmsis_os2.o
    0x08007ac6   0x08007ac6   0x00000002   PAD
    0x08007ac8   0x08007ac8   0x00000024   Code   RO         5727    i.osKernelInitialize  cmsis_os2.o
    0x08007aec   0x08007aec   0x00000038   Code   RO         5730    i.osKernelStart     cmsis_os2.o
    0x08007b24   0x08007b24   0x00000064   Code   RO         5742    i.osMessageQueueGet  cmsis_os2.o
    0x08007b88   0x08007b88   0x00000058   Code   RO         5747    i.osMessageQueueNew  cmsis_os2.o
    0x08007be0   0x08007be0   0x00000068   Code   RO         5748    i.osMessageQueuePut  cmsis_os2.o
    0x08007c48   0x08007c48   0x0000005c   Code   RO         5755    i.osSemaphoreAcquire  cmsis_os2.o
    0x08007ca4   0x08007ca4   0x00000098   Code   RO         5758    i.osSemaphoreNew    cmsis_os2.o
    0x08007d3c   0x08007d3c   0x00000058   Code   RO         5759    i.osSemaphoreRelease  cmsis_os2.o
    0x08007d94   0x08007d94   0x0000008a   Code   RO         5772    i.osThreadNew       cmsis_os2.o
    0x08007e1e   0x08007e1e   0x00000012   Code   RO          248    i.pack_slot         can_motor_bus.o
    0x08007e30   0x08007e30   0x00000034   Code   RO          617    i.parse_acceleration  bmi088.o
    0x08007e64   0x08007e64   0x00000034   Code   RO          618    i.parse_gyroscope   bmi088.o
    0x08007e98   0x08007e98   0x0000010c   Code   RO          738    i.parse_pid_command  data_process.o
    0x08007fa4   0x08007fa4   0x0000002e   Code   RO          619    i.parse_temperature  bmi088.o
    0x08007fd2   0x08007fd2   0x00000002   PAD
    0x08007fd4   0x08007fd4   0x000000e8   Code   RO          814    i.position_pid      pid_calc.o
    0x080080bc   0x080080bc   0x0000005c   Code   RO         5172    i.prvAddCurrentTaskToDelayedList  tasks.o
    0x08008118   0x08008118   0x000000d0   Code   RO         5173    i.prvAddNewTaskToReadyList  tasks.o
    0x080081e8   0x080081e8   0x00000058   Code   RO         5537    i.prvCheckForValidListAndQueue  timers.o
    0x08008240   0x08008240   0x00000026   Code   RO         4772    i.prvCopyDataFromQueue  queue.o
    0x08008266   0x08008266   0x0000006c   Code   RO         4773    i.prvCopyDataToQueue  queue.o
    0x080082d2   0x080082d2   0x00000034   Code   RO         5174    i.prvDeleteTCB      tasks.o
    0x08008306   0x08008306   0x00000002   PAD
    0x08008308   0x08008308   0x0000004c   Code   RO         6221    i.prvHeapInit       heap_4.o
    0x08008354   0x08008354   0x00000060   Code   RO         5175    i.prvIdleTask       tasks.o
    0x080083b4   0x080083b4   0x00000022   Code   RO         4775    i.prvInitialiseNewQueue  queue.o
    0x080083d6   0x080083d6   0x00000002   PAD
    0x080083d8   0x080083d8   0x000000b0   Code   RO         5176    i.prvInitialiseNewTask  tasks.o
    0x08008488   0x08008488   0x0000004c   Code   RO         6222    i.prvInsertBlockIntoFreeList  heap_4.o
    0x080084d4   0x080084d4   0x00000038   Code   RO         5539    i.prvInsertTimerInActiveList  timers.o
    0x0800850c   0x0800850c   0x0000001c   Code   RO         4776    i.prvIsQueueEmpty   queue.o
    0x08008528   0x08008528   0x000000fc   Code   RO         5540    i.prvProcessReceivedCommands  timers.o
    0x08008624   0x08008624   0x000000c0   Code   RO         5541    i.prvProcessTimerOrBlockTask  timers.o
    0x080086e4   0x080086e4   0x00000020   Code   RO         5178    i.prvResetNextTaskUnblockTime  tasks.o
    0x08008704   0x08008704   0x00000028   Code   RO         5542    i.prvSampleTimeNow  timers.o
    0x0800872c   0x0800872c   0x0000006c   Code   RO         5543    i.prvSwitchTimerLists  timers.o
    0x08008798   0x08008798   0x00000028   Code   RO         6277    i.prvTaskExitError  port.o
    0x080087c0   0x080087c0   0x00000024   Code   RO         5544    i.prvTimerTask      timers.o
    0x080087e4   0x080087e4   0x0000006a   Code   RO         4777    i.prvUnlockQueue    queue.o
    0x0800884e   0x0800884e   0x00000002   PAD
    0x08008850   0x08008850   0x000000b8   Code   RO          739    i.publish_launch_parameters  data_process.o
    0x08008908   0x08008908   0x000000dc   Code   RO         6223    i.pvPortMalloc      heap_4.o
    0x080089e4   0x080089e4   0x00000018   Code   RO         5181    i.pvTaskIncrementMutexHeldCount  tasks.o
    0x080089fc   0x080089fc   0x0000002c   Code   RO         6278    i.pxPortInitialiseStack  port.o
    0x08008a28   0x08008a28   0x00000066   Code   RO          620    i.read_regs         bmi088.o
    0x08008a8e   0x08008a8e   0x00000002   PAD
    0x08008a90   0x08008a90   0x00000068   Code   RO          249    i.record_tx_result  can_motor_bus.o
    0x08008af8   0x08008af8   0x00000038   Code   RO          621    i.request_dma_recovery  bmi088.o
    0x08008b30   0x08008b30   0x0000008c   Code   RO          250    i.reset_all_control  can_motor_bus.o
    0x08008bbc   0x08008bbc   0x00000070   Code   RO          251    i.reset_gimbal_control  can_motor_bus.o
    0x08008c2c   0x08008c2c   0x0000001c   Code   RO          815    i.reset_position_pid  pid_calc.o
    0x08008c48   0x08008c48   0x00000006   Code   RO          622    i.select            bmi088.o
    0x08008c4e   0x08008c4e   0x00000002   PAD
    0x08008c50   0x08008c50   0x000000bc   Code   RO          252    i.send_commands     can_motor_bus.o
    0x08008d0c   0x08008d0c   0x00000022   Code   RO          253    i.send_std          can_motor_bus.o
    0x08008d2e   0x08008d2e   0x00000002   PAD
    0x08008d30   0x08008d30   0x0000002c   Code   RO          816    i.signf             pid_calc.o
    0x08008d5c   0x08008d5c   0x00000064   Code   RO          623    i.start_dma         bmi088.o
    0x08008dc0   0x08008dc0   0x00000034   Code   RO          538    i.start_receive     sbus.o
    0x08008df4   0x08008df4   0x00000034   Code   RO          884    i.start_rx_dma      vofa.o
    0x08008e28   0x08008e28   0x00000144   Code   RO          740    i.update_attitude   data_process.o
    0x08008f6c   0x08008f6c   0x00000014   Code   RO          254    i.update_online     can_motor_bus.o
    0x08008f80   0x08008f80   0x00000026   Code   RO         4732    i.uxListRemove      list.o
    0x08008fa6   0x08008fa6   0x00000002   PAD
    0x08008fa8   0x08008fa8   0x00000014   Code   RO         5784    i.vApplicationGetIdleTaskMemory  cmsis_os2.o
    0x08008fbc   0x08008fbc   0x00000018   Code   RO         5785    i.vApplicationGetTimerTaskMemory  cmsis_os2.o
    0x08008fd4   0x08008fd4   0x00000016   Code   RO         4733    i.vListInitialise   list.o
    0x08008fea   0x08008fea   0x00000006   Code   RO         4734    i.vListInitialiseItem  list.o
    0x08008ff0   0x08008ff0   0x00000030   Code   RO         4735    i.vListInsert       list.o
    0x08009020   0x08009020   0x00000018   Code   RO         4736    i.vListInsertEnd    list.o
    0x08009038   0x08009038   0x00000040   Code   RO         6280    i.vPortEnterCritical  port.o
    0x08009078   0x08009078   0x00000028   Code   RO         6281    i.vPortExitCritical  port.o
    0x080090a0   0x080090a0   0x00000064   Code   RO         6224    i.vPortFree         heap_4.o
    0x08009104   0x08009104   0x00000024   Code   RO         6282    i.vPortSetupTimerInterrupt  port.o
    0x08009128   0x08009128   0x00000054   Code   RO         6283    i.vPortValidateInterruptPriority  port.o
    0x0800917c   0x0800917c   0x00000028   Code   RO         4783    i.vQueueAddToRegistry  queue.o
    0x080091a4   0x080091a4   0x0000002e   Code   RO         4784    i.vQueueDelete      queue.o
    0x080091d2   0x080091d2   0x00000002   PAD
    0x080091d4   0x080091d4   0x00000028   Code   RO         4786    i.vQueueUnregisterQueue  queue.o
    0x080091fc   0x080091fc   0x00000044   Code   RO         4787    i.vQueueWaitForMessageRestricted  queue.o
    0x08009240   0x08009240   0x0000004c   Code   RO         5191    i.vTaskDelay        tasks.o
    0x0800928c   0x0800928c   0x0000008c   Code   RO         5192    i.vTaskDelayUntil   tasks.o
    0x08009318   0x08009318   0x00000010   Code   RO         5196    i.vTaskInternalSetTimeOutState  tasks.o
    0x08009328   0x08009328   0x0000000c   Code   RO         5197    i.vTaskMissedYield  tasks.o
    0x08009334   0x08009334   0x00000030   Code   RO         5199    i.vTaskPlaceOnEventList  tasks.o
    0x08009364   0x08009364   0x00000038   Code   RO         5200    i.vTaskPlaceOnEventListRestricted  tasks.o
    0x0800939c   0x0800939c   0x00000090   Code   RO         5202    i.vTaskPriorityDisinheritAfterTimeout  tasks.o
    0x0800942c   0x0800942c   0x00000088   Code   RO         5208    i.vTaskStartScheduler  tasks.o
    0x080094b4   0x080094b4   0x00000010   Code   RO         5210    i.vTaskSuspendAll   tasks.o
    0x080094c4   0x080094c4   0x00000064   Code   RO         5211    i.vTaskSwitchContext  tasks.o
    0x08009528   0x08009528   0x00000038   Code   RO          624    i.write_reg         bmi088.o
    0x08009560   0x08009560   0x000000f4   Code   RO         6284    i.xPortStartScheduler  port.o
    0x08009654   0x08009654   0x0000002c   Code   RO         6285    i.xPortSysTickHandler  port.o
    0x08009680   0x08009680   0x0000003a   Code   RO         4788    i.xQueueCreateCountingSemaphore  queue.o
    0x080096ba   0x080096ba   0x00000040   Code   RO         4789    i.xQueueCreateCountingSemaphoreStatic  queue.o
    0x080096fa   0x080096fa   0x00000042   Code   RO         4792    i.xQueueGenericCreate  queue.o
    0x0800973c   0x0800973c   0x00000066   Code   RO         4793    i.xQueueGenericCreateStatic  queue.o
    0x080097a2   0x080097a2   0x00000002   PAD
    0x080097a4   0x080097a4   0x00000088   Code   RO         4794    i.xQueueGenericReset  queue.o
    0x0800982c   0x0800982c   0x00000160   Code   RO         4795    i.xQueueGenericSend  queue.o
    0x0800998c   0x0800998c   0x000000be   Code   RO         4796    i.xQueueGenericSendFromISR  queue.o
    0x08009a4a   0x08009a4a   0x0000009c   Code   RO         4799    i.xQueueGiveFromISR  queue.o
    0x08009ae6   0x08009ae6   0x00000002   PAD
    0x08009ae8   0x08009ae8   0x00000138   Code   RO         4805    i.xQueueReceive     queue.o
    0x08009c20   0x08009c20   0x0000009a   Code   RO         4806    i.xQueueReceiveFromISR  queue.o
    0x08009cba   0x08009cba   0x00000002   PAD
    0x08009cbc   0x08009cbc   0x00000178   Code   RO         4807    i.xQueueSemaphoreTake  queue.o
    0x08009e34   0x08009e34   0x00000074   Code   RO         5213    i.xTaskCheckForTimeOut  tasks.o
    0x08009ea8   0x08009ea8   0x0000005a   Code   RO         5214    i.xTaskCreate       tasks.o
    0x08009f02   0x08009f02   0x00000056   Code   RO         5215    i.xTaskCreateStatic  tasks.o
    0x08009f58   0x08009f58   0x0000001c   Code   RO         5219    i.xTaskGetSchedulerState  tasks.o
    0x08009f74   0x08009f74   0x0000000c   Code   RO         5220    i.xTaskGetTickCount  tasks.o
    0x08009f80   0x08009f80   0x00000010   Code   RO         5221    i.xTaskGetTickCountFromISR  tasks.o
    0x08009f90   0x08009f90   0x000000c8   Code   RO         5222    i.xTaskIncrementTick  tasks.o
    0x0800a058   0x0800a058   0x00000080   Code   RO         5225    i.xTaskPriorityDisinherit  tasks.o
    0x0800a0d8   0x0800a0d8   0x00000078   Code   RO         5226    i.xTaskPriorityInherit  tasks.o
    0x0800a150   0x0800a150   0x00000070   Code   RO         5227    i.xTaskRemoveFromEventList  tasks.o
    0x0800a1c0   0x0800a1c0   0x000000c4   Code   RO         5228    i.xTaskResumeAll    tasks.o
    0x0800a284   0x0800a284   0x00000060   Code   RO         5553    i.xTimerCreateTimerTask  timers.o
    0x0800a2e4   0x0800a2e4   0x00000068   Code   RO         5554    i.xTimerGenericCommand  timers.o
    0x0800a34c   0x0800a34c   0x00000110   Code   RO          817    i.yaw_trajectory_step  pid_calc.o
    0x0800a45c   0x0800a45c   0x0000002c   Code   RO         6510    locale$$code        c_w.l(lc_numeric_c.o)
    0x0800a488   0x0800a488   0x0000002c   Code   RO         6651    locale$$code        c_w.l(lc_ctype_c.o)
    0x0800a4b4   0x0800a4b4   0x00000062   Code   RO         6524    x$fpl$d2f           fz_wm.l(d2f.o)
    0x0800a516   0x0800a516   0x00000002   PAD
    0x0800a518   0x0800a518   0x00000010   Code   RO         6776    x$fpl$dcheck1       fz_wm.l(dcheck1.o)
    0x0800a528   0x0800a528   0x00000018   Code   RO         6601    x$fpl$dcmpinf       fz_wm.l(dcmpi.o)
    0x0800a540   0x0800a540   0x00000078   Code   RO         6526    x$fpl$deqf          fz_wm.l(deqf.o)
    0x0800a5b8   0x0800a5b8   0x00000078   Code   RO         6603    x$fpl$dleqf         fz_wm.l(dleqf.o)
    0x0800a630   0x0800a630   0x00000154   Code   RO         6605    x$fpl$dmul          fz_wm.l(dmul.o)
    0x0800a784   0x0800a784   0x0000009c   Code   RO         6607    x$fpl$dnaninf       fz_wm.l(dnaninf.o)
    0x0800a820   0x0800a820   0x0000000c   Code   RO         6659    x$fpl$dretinf       fz_wm.l(dretinf.o)
    0x0800a82c   0x0800a82c   0x0000006c   Code   RO         6528    x$fpl$drleqf        fz_wm.l(drleqf.o)
    0x0800a898   0x0800a898   0x0000008c   Code   RO         6490    x$fpl$fnaninf       fz_wm.l(fnaninf.o)
    0x0800a924   0x0800a924   0x0000000a   Code   RO         6665    x$fpl$fpinit        fz_wm.l(fpinit.o)
    0x0800a92e   0x0800a92e   0x00000002   PAD
    0x0800a930   0x0800a930   0x000000f4   Code   RO         6444    x$fpl$frem          fz_wm.l(frem_clz.o)
    0x0800aa24   0x0800aa24   0x0000000a   Code   RO         6609    x$fpl$fretinf       fz_wm.l(fretinf.o)
    0x0800aa2e   0x0800aa2e   0x00000006   Code   RO         6530    x$fpl$ieeestatus    fz_wm.l(istatus.o)
    0x0800aa34   0x0800aa34   0x00000064   Code   RO         6782    x$fpl$retnan        fz_wm.l(retnan.o)
    0x0800aa98   0x0800aa98   0x0000005c   Code   RO         6753    x$fpl$scalbn        fz_wm.l(scalbn.o)
    0x0800aaf4   0x0800aaf4   0x00000004   Code   RO         6532    x$fpl$scanf1        fz_wm.l(scanf1.o)
    0x0800aaf8   0x0800aaf8   0x00000008   Code   RO         6667    x$fpl$scanf2        fz_wm.l(scanf2.o)
    0x0800ab00   0x0800ab00   0x00000030   Code   RO         6784    x$fpl$trapveneer    fz_wm.l(trapv.o)
    0x0800ab30   0x0800ab30   0x00000000   Code   RO         6446    x$fpl$usenofp       fz_wm.l(usenofp.o)
    0x0800ab30   0x0800ab30   0x00000048   Data   RO          819    .constdata          pid_calc.o
    0x0800ab78   0x0800ab78   0x0000011c   Data   RO         1089    .constdata          freertos.o
    0x0800ac94   0x0800ac94   0x00000008   Data   RO         3205    .constdata          stm32f4xx_hal_dma.o
    0x0800ac9c   0x0800ac9c   0x00000010   Data   RO         4568    .constdata          system_stm32f4xx.o
    0x0800acac   0x0800acac   0x00000008   Data   RO         4569    .constdata          system_stm32f4xx.o
    0x0800acb4   0x0800acb4   0x00000020   Data   RO         6464    .constdata          m_wm.l(rredf.o)
    0x0800acd4   0x0800acd4   0x00000094   Data   RO         6626    .constdata          c_w.l(bigflt0.o)
    0x0800ad68   0x0800ad68   0x00000082   Data   RO         1090    .conststring        freertos.o
    0x0800adea   0x0800adea   0x00000002   PAD
    0x0800adec   0x0800adec   0x00000020   Data   RO         6786    Region$$Table       anon$$obj.o
    0x0800ae0c   0x0800ae0c   0x00000008   Data   RO         6661    c$$dinf             fz_wm.l(fpconst.o)
    0x0800ae14   0x0800ae14   0x00000008   Data   RO         6664    c$$dmax             fz_wm.l(fpconst.o)
    0x0800ae1c   0x0800ae1c   0x0000001c   Data   RO         6509    locale$$data        c_w.l(lc_numeric_c.o)
    0x0800ae38   0x0800ae38   0x00000110   Data   RO         6650    locale$$data        c_w.l(lc_ctype_c.o)


    Execution Region RW_IRAM1 (Exec base: 0x20000000, Load base: 0x0800af48, Size: 0x00005798, Max: 0x0001c000, ABSOLUTE)

    Exec Addr    Load Addr    Size         Type   Attr      Idx    E Section Name        Object

    0x20000000   0x0800af48   0x00000008   Data   RW           16    .data               hardware_drivers.o
    0x20000008   0x0800af50   0x0000000c   Data   RW          256    .data               can_motor_bus.o
    0x20000014   0x0800af5c   0x00000008   Data   RW          540    .data               sbus.o
    0x2000001c   0x0800af64   0x00000018   Data   RW          625    .data               bmi088.o
    0x20000034   0x0800af7c   0x0000000c   Data   RW          886    .data               vofa.o
    0x20000040   0x0800af88   0x00000028   Data   RW         1091    .data               freertos.o
    0x20000068   0x0800afb0   0x00000004   Data   RW         1155    .data               can.o
    0x2000006c   0x0800afb4   0x0000000c   Data   RW         3650    .data               stm32f4xx_hal.o
    0x20000078   0x0800afc0   0x00000004   Data   RW         4570    .data               system_stm32f4xx.o
    0x2000007c   0x0800afc4   0x0000003c   Data   RW         5231    .data               tasks.o
    0x200000b8   0x0800b000   0x00000014   Data   RW         5562    .data               timers.o
    0x200000cc   0x0800b014   0x00000004   Data   RW         5787    .data               cmsis_os2.o
    0x200000d0   0x0800b018   0x00000020   Data   RW         6230    .data               heap_4.o
    0x200000f0   0x0800b038   0x0000000c   Data   RW         6286    .data               port.o
    0x200000fc        -       0x00000048   Zero   RW           15    .bss                hardware_drivers.o
    0x20000144        -       0x00000170   Zero   RW          255    .bss                can_motor_bus.o
    0x200002b4        -       0x00000078   Zero   RW          539    .bss                sbus.o
    0x2000032c        -       0x00000034   Zero   RW          818    .bss                pid_calc.o
    0x20000360        -       0x00000144   Zero   RW          885    .bss                vofa.o
    0x200004a4        -       0x00000050   Zero   RW         1154    .bss                can.o
    0x200004f4        -       0x00000118   Zero   RW         1226    .bss                spi.o
    0x2000060c        -       0x00000210   Zero   RW         1269    .bss                usart.o
    0x2000081c        -       0x00000048   Zero   RW         1488    .bss                stm32f4xx_hal_timebase_tim.o
    0x20000864        -       0x00000040   Zero   RW         4809    .bss                queue.o
    0x200008a4        -       0x000004c4   Zero   RW         5230    .bss                tasks.o
    0x20000d68        -       0x00000118   Zero   RW         5561    .bss                timers.o
    0x20000e80        -       0x000006b8   Zero   RW         5786    .bss                cmsis_os2.o
    0x20001538        -       0x00003c00   Zero   RW         6229    .bss                heap_4.o
    0x20005138        -       0x00000060   Zero   RW         6501    .bss                c_w.l(libspace.o)
    0x20005198        -       0x00000200   Zero   RW            2    HEAP                startup_stm32f405xx.o
    0x20005398        -       0x00000400   Zero   RW            1    STACK               startup_stm32f405xx.o


    Execution Region RW_IRAM2 (Exec base: 0x2001c000, Load base: 0x0800b044, Size: 0x00000000, Max: 0x00004000, ABSOLUTE)

    **** No section assigned to this execution region ****


==============================================================================

Image component sizes


      Code (inc. data)   RO Data    RW Data    ZI Data      Debug   Object Name

      1722         50          0         24          0      15809   bmi088.o
       400         44          0          4         80       2506   can.o
      1832        112          0         12        368      20821   can_motor_bus.o
      1010         40          0          4       1720      69240   cmsis_os2.o
      1352        144          0          0          0      22377   data_process.o
       512         24          0          0          0       5876   dm4310.o
       140          4          0          0          0        854   dma.o
         0          0          0          0          0      19556   event_groups.o
       180         28        414         40          0       2840   freertos.o
       342         46          0          0          0       4500   gm6020.o
       240         16          0          0          0       1015   gpio.o
       160         42          0          8         72     668027   hardware_drivers.o
       472         24          0         32      15360       4907   heap_4.o
       520         46          0          0          0        946   launch.o
       138          0          0          0          0       3590   list.o
       206         12          0          0          0       3736   m2006.o
       206         12          0          0          0       4192   m3508.o
       232         14          0          0          0       9828   main.o
       434         16          0          0          0       5474   motor_common.o
      2258        138         72          0         52      13821   pid_calc.o
       786         82          0         12          0      11529   port.o
      2474         28          0          0         64      26536   queue.o
       996         68          0          8        120       7438   sbus.o
       284         28          0          0        280       1875   spi.o
        64         26        392          0       1536        844   startup_stm32f405xx.o
       116         18          0         12          0       8730   stm32f4xx_hal.o
      1798          6          0          0          0      16721   stm32f4xx_hal_can.o
       192         14          0          0          0      33772   stm32f4xx_hal_cortex.o
      1088         16          8          0          0       7953   stm32f4xx_hal_dma.o
       530         52          0          0          0       2827   stm32f4xx_hal_gpio.o
        56          4          0          0          0        870   stm32f4xx_hal_msp.o
      1412         86          0          0          0       5933   stm32f4xx_hal_rcc.o
      2706         56          0          0          0      16709   stm32f4xx_hal_spi.o
       740         72          0          0          0       7524   stm32f4xx_hal_tim.o
         4          0          0          0          0       1641   stm32f4xx_hal_tim_ex.o
       140         20          0          0         72       1439   stm32f4xx_hal_timebase_tim.o
      2156         40          0          0          0      15224   stm32f4xx_hal_uart.o
       180         78          0          0          0       9947   stm32f4xx_it.o
        16          4         24          4          0       1135   system_stm32f4xx.o
      2528        204          0         60       1220      31346   tasks.o
       972         80          0         20        280      32227   timers.o
       524         54          0          0        528       2799   usart.o
       628         68          0         12        324      10913   vofa.o

    ----------------------------------------------------------------------
     32822       1916        944        252      22076    1135847   Object Totals
         0          0         32          0          0          0   (incl. Generated)
        76          0          2          0          0          0   (incl. Padding)

    ----------------------------------------------------------------------

      Code (inc. data)   RO Data    RW Data    ZI Data      Debug   Library Member Name

         8          0          0          0          0         68   __main.o
         0          0          0          0          0          0   __rtentry.o
        12          0          0          0          0          0   __rtentry2.o
         6          0          0          0          0          0   __rtentry4.o
        52          8          0          0          0          0   __scatter.o
        26          0          0          0          0          0   __scatter_copy.o
        28          0          0          0          0          0   __scatter_zi.o
        28          0          0          0          0         68   _chval.o
        22          0          0          0          0        100   _rserrno.o
        64          0          0          0          0         84   _sgetc.o
        16          0          0          0          0         68   aeabi_memset.o
       228          4        148          0          0         96   bigflt0.o
      1924        136          0          0          0        756   btod.o
        18          0          0          0          0         80   exit.o
         6          0          0          0          0        152   heapauxi.o
         0          0          0          0          0          0   indicate_semi.o
        18          0          0          0          0         76   isspace.o
        44         10        272          0          0         76   lc_ctype_c.o
        44         10         28          0          0         76   lc_numeric_c.o
         2          0          0          0          0          0   libinit.o
        34          0          0          0          0          0   libinit2.o
         2          0          0          0          0          0   libshutdown.o
         2          0          0          0          0          0   libshutdown2.o
         8          4          0          0         96         68   libspace.o
        38          0          0          0          0         68   llshl.o
       238          0          0          0          0        100   lludivv7m.o
        16          4          0          0          0         76   rt_ctype_table.o
         8          4          0          0          0         68   rt_errno_addr_intlibspace.o
         8          4          0          0          0         68   rt_locale_intlibspace.o
        68          0          0          0          0         68   rt_memclr.o
        78          0          0          0          0         80   rt_memclr_w.o
       138          0          0          0          0         68   rt_memcpy_v6.o
       100          0          0          0          0         80   rt_memcpy_w.o
       132          0          0          0          0         68   rt_memmove_v6.o
       122          0          0          0          0         80   rt_memmove_w.o
         2          0          0          0          0          0   rtexit.o
        10          0          0          0          0          0   rtexit2.o
      1286         16          0          0          0        236   scanf_fp.o
       800         14          0          0          0        100   scanf_hexfp.o
       308         16          0          0          0        100   scanf_infnan.o
        20          0          0          0          0         68   strchr.o
       128          0          0          0          0         68   strcmpv7m.o
       150          0          0          0          0         80   strncmp.o
       164         14          0          0          0        120   strtod.o
        26          0          0          0          0         80   strtof.o
        12          4          0          0          0         68   sys_exit.o
        74          0          0          0          0         80   sys_stackheap_outer.o
         2          0          0          0          0         68   use_no_semi.o
        98          4          0          0          0        140   d2f.o
        16          4          0          0          0        116   dcheck1.o
        24          0          0          0          0        116   dcmpi.o
       120          4          0          0          0        140   deqf.o
       120          4          0          0          0        140   dleqf.o
       340         12          0          0          0        152   dmul.o
       156          4          0          0          0        140   dnaninf.o
        12          0          0          0          0        116   dretinf.o
       108          0          0          0          0        128   drleqf.o
       140          4          0          0          0        132   fnaninf.o
         0          0         16          0          0          0   fpconst.o
        10          0          0          0          0        116   fpinit.o
       244          8          0          0          0        132   frem_clz.o
        10          0          0          0          0        116   fretinf.o
         6          0          0          0          0        116   istatus.o
       100          0          0          0          0        116   retnan.o
        92          0          0          0          0        116   scalbn.o
         4          0          0          0          0        116   scanf1.o
         8          0          0          0          0        132   scanf2.o
        48          0          0          0          0        116   trapv.o
         0          0          0          0          0          0   usenofp.o
       684         90          0          0          0        208   atan2f.o
       336         56          0          0          0        136   cosf.o
        64         16          0          0          0        248   dunder.o
       176          0          0          0          0        168   fmodf.o
        38          0          0          0          0        116   fpclassifyf.o
       140         22          0          0          0        132   frexp.o
        44         12          0          0          0        464   funder.o
       228          8          0          0          0        308   ldexp.o
       266         16          0          0          0        308   narrow.o
       340         24         32          0          0        160   rredf.o
        58          0          0          0          0        136   sqrtf.o
        32          6          0          0          0        124   strtof.o

    ----------------------------------------------------------------------
     10610        548        496          0         96       8564   Library Totals
        28          6          0          0          0          0   (incl. Padding)

    ----------------------------------------------------------------------

      Code (inc. data)   RO Data    RW Data    ZI Data      Debug   Library Name

      6520        248        448          0         96       3660   c_w.l
      1656         44         16          0          0       2396   fz_wm.l
      2406        250         32          0          0       2508   m_wm.l

    ----------------------------------------------------------------------
     10610        548        496          0         96       8564   Library Totals

    ----------------------------------------------------------------------

==============================================================================


      Code (inc. data)   RO Data    RW Data    ZI Data      Debug   

     43432       2464       1440        252      22172    1107183   Grand Totals
     43432       2464       1440        252      22172    1107183   ELF Image Totals
     43432       2464       1440        252          0          0   ROM Totals

==============================================================================

    Total RO  Size (Code + RO Data)                44872 (  43.82kB)
    Total RW  Size (RW Data + ZI Data)             22424 (  21.90kB)
    Total ROM Size (Code + RO Data + RW Data)      45124 (  44.07kB)

==============================================================================

