Component: ARM Compiler 5.06 update 7 (build 960) Tool: armlink [4d3601]

==============================================================================

Section Cross References

    startup_stm32f405xx.o(STACK) refers (Special) to heapauxi.o(.text) for __use_two_region_memory
    startup_stm32f405xx.o(HEAP) refers (Special) to heapauxi.o(.text) for __use_two_region_memory
    startup_stm32f405xx.o(RESET) refers (Special) to heapauxi.o(.text) for __use_two_region_memory
    startup_stm32f405xx.o(RESET) refers to startup_stm32f405xx.o(STACK) for __initial_sp
    startup_stm32f405xx.o(RESET) refers to startup_stm32f405xx.o(.text) for Reset_Handler
    startup_stm32f405xx.o(RESET) refers to stm32f4xx_it.o(i.NMI_Handler) for NMI_Handler
    startup_stm32f405xx.o(RESET) refers to stm32f4xx_it.o(i.HardFault_Handler) for HardFault_Handler
    startup_stm32f405xx.o(RESET) refers to stm32f4xx_it.o(i.MemManage_Handler) for MemManage_Handler
    startup_stm32f405xx.o(RESET) refers to stm32f4xx_it.o(i.BusFault_Handler) for BusFault_Handler
    startup_stm32f405xx.o(RESET) refers to stm32f4xx_it.o(i.UsageFault_Handler) for UsageFault_Handler
    startup_stm32f405xx.o(RESET) refers to port.o(.emb_text) for SVC_Handler
    startup_stm32f405xx.o(RESET) refers to stm32f4xx_it.o(i.DebugMon_Handler) for DebugMon_Handler
    startup_stm32f405xx.o(RESET) refers to cmsis_os2.o(i.SysTick_Handler) for SysTick_Handler
    startup_stm32f405xx.o(RESET) refers to stm32f4xx_it.o(i.EXTI0_IRQHandler) for EXTI0_IRQHandler
    startup_stm32f405xx.o(RESET) refers to stm32f4xx_it.o(i.DMA1_Stream2_IRQHandler) for DMA1_Stream2_IRQHandler
    startup_stm32f405xx.o(RESET) refers to stm32f4xx_it.o(i.DMA1_Stream4_IRQHandler) for DMA1_Stream4_IRQHandler
    startup_stm32f405xx.o(RESET) refers to stm32f4xx_it.o(i.DMA1_Stream5_IRQHandler) for DMA1_Stream5_IRQHandler
    startup_stm32f405xx.o(RESET) refers to stm32f4xx_it.o(i.DMA1_Stream6_IRQHandler) for DMA1_Stream6_IRQHandler
    startup_stm32f405xx.o(RESET) refers to stm32f4xx_it.o(i.CAN1_RX0_IRQHandler) for CAN1_RX0_IRQHandler
    startup_stm32f405xx.o(RESET) refers to stm32f4xx_it.o(i.CAN1_SCE_IRQHandler) for CAN1_SCE_IRQHandler
    startup_stm32f405xx.o(RESET) refers to stm32f4xx_it.o(i.EXTI9_5_IRQHandler) for EXTI9_5_IRQHandler
    startup_stm32f405xx.o(RESET) refers to stm32f4xx_it.o(i.TIM1_UP_TIM10_IRQHandler) for TIM1_UP_TIM10_IRQHandler
    startup_stm32f405xx.o(RESET) refers to stm32f4xx_it.o(i.USART2_IRQHandler) for USART2_IRQHandler
    startup_stm32f405xx.o(RESET) refers to stm32f4xx_it.o(i.UART4_IRQHandler) for UART4_IRQHandler
    startup_stm32f405xx.o(RESET) refers to stm32f4xx_it.o(i.DMA2_Stream0_IRQHandler) for DMA2_Stream0_IRQHandler
    startup_stm32f405xx.o(RESET) refers to stm32f4xx_it.o(i.DMA2_Stream3_IRQHandler) for DMA2_Stream3_IRQHandler
    startup_stm32f405xx.o(RESET) refers to stm32f4xx_it.o(i.CAN2_RX0_IRQHandler) for CAN2_RX0_IRQHandler
    startup_stm32f405xx.o(RESET) refers to stm32f4xx_it.o(i.CAN2_SCE_IRQHandler) for CAN2_SCE_IRQHandler
    startup_stm32f405xx.o(.text) refers (Special) to heapauxi.o(.text) for __use_two_region_memory
    startup_stm32f405xx.o(.text) refers to system_stm32f4xx.o(i.SystemInit) for SystemInit
    startup_stm32f405xx.o(.text) refers to __main.o(!!!main) for __main
    startup_stm32f405xx.o(.text) refers to startup_stm32f405xx.o(HEAP) for Heap_Mem
    startup_stm32f405xx.o(.text) refers to startup_stm32f405xx.o(STACK) for Stack_Mem
    hardware_drivers.o(i.HAL_GPIO_EXTI_Callback) refers to bmi088.o(i.BMI088_StartReadDMA) for BMI088_StartReadDMA
    hardware_drivers.o(i.HAL_GPIO_EXTI_Callback) refers to hardware_drivers.o(.data) for .data
    hardware_drivers.o(i.HAL_GPIO_EXTI_Callback) refers to hardware_drivers.o(.bss) for .bss
    hardware_drivers.o(i.HardwareDrivers_Init) refers to can_motor_bus.o(i.CanMotorBus_Init) for CanMotorBus_Init
    hardware_drivers.o(i.HardwareDrivers_Init) refers to dbus.o(i.DBus_Init) for DBus_Init
    hardware_drivers.o(i.HardwareDrivers_Init) refers to stm32f4xx_hal_cortex.o(i.HAL_NVIC_DisableIRQ) for HAL_NVIC_DisableIRQ
    hardware_drivers.o(i.HardwareDrivers_Init) refers to bmi088.o(i.BMI088_Init) for BMI088_Init
    hardware_drivers.o(i.HardwareDrivers_Init) refers to stm32f4xx_hal_cortex.o(i.HAL_NVIC_SetPriority) for HAL_NVIC_SetPriority
    hardware_drivers.o(i.HardwareDrivers_Init) refers to stm32f4xx_hal_cortex.o(i.HAL_NVIC_EnableIRQ) for HAL_NVIC_EnableIRQ
    hardware_drivers.o(i.HardwareDrivers_Init) refers to can.o(.bss) for hcan2
    hardware_drivers.o(i.HardwareDrivers_Init) refers to usart.o(.bss) for huart2
    hardware_drivers.o(i.HardwareDrivers_Init) refers to spi.o(.bss) for hspi1
    hardware_drivers.o(i.HardwareDrivers_Init) refers to hardware_drivers.o(.bss) for .bss
    motor_common.o(i.MotorSpeedPid_Calculate) refers to motor_common.o(i.MotorSpeedPid_CalculateFloat) for MotorSpeedPid_CalculateFloat
[...]
    PidParameter_Parse                       0x08006f79   Thumb Code   158  pid_parameter.o(i.PidParameter_Parse)
    PitchApproach_LimitSpeed                 0x08007021   Thumb Code   208  pitch_approach.o(i.PitchApproach_LimitSpeed)
    PitchApproach_Reset                      0x080070f9   Thumb Code    14  pitch_approach.o(i.PitchApproach_Reset)
    PitchApproach_StaticErrorComp            0x0800710d   Thumb Code   158  pitch_approach.o(i.PitchApproach_StaticErrorComp)
    PitchApproach_UpdateBrakeFeedforward     0x080071c5   Thumb Code   282  pitch_approach.o(i.PitchApproach_UpdateBrakeFeedforward)
    StartDefaultTask                         0x080075e1   Thumb Code     8  freertos.o(i.StartDefaultTask)
    SysTick_Handler                          0x080075e9   Thumb Code    26  cmsis_os2.o(i.SysTick_Handler)
    SystemClock_Config                       0x08007605   Thumb Code   140  main.o(i.SystemClock_Config)
    SystemInit                               0x08007699   Thumb Code    12  system_stm32f4xx.o(i.SystemInit)
    TIM1_UP_TIM10_IRQHandler                 0x080076a9   Thumb Code     6  stm32f4xx_it.o(i.TIM1_UP_TIM10_IRQHandler)
    TIM_Base_SetConfig                       0x080076b5   Thumb Code   164  stm32f4xx_hal_tim.o(i.TIM_Base_SetConfig)
    UART4_IRQHandler                         0x08007785   Thumb Code     6  stm32f4xx_it.o(i.UART4_IRQHandler)
    UART_Start_Receive_DMA                   0x08007b11   Thumb Code   146  stm32f4xx_hal_uart.o(i.UART_Start_Receive_DMA)
    USART2_IRQHandler                        0x08007bb1   Thumb Code     6  stm32f4xx_it.o(i.USART2_IRQHandler)
    UsageFault_Handler                       0x08007bbd   Thumb Code     2  stm32f4xx_it.o(i.UsageFault_Handler)
    VOFA_GetCommand                          0x08007bc1   Thumb Code    64  vofa.o(i.VOFA_GetCommand)
    VOFA_Init                                0x08007c09   Thumb Code    28  vofa.o(i.VOFA_Init)
    VOFA_SendControlFrame                    0x08007c29   Thumb Code   104  vofa.o(i.VOFA_SendControlFrame)
    VOFA_UART_ErrorCallback                  0x08007c99   Thumb Code    30  vofa.o(i.VOFA_UART_ErrorCallback)
    VOFA_UART_RxEventCallback                0x08007cbd   Thumb Code    90  vofa.o(i.VOFA_UART_RxEventCallback)
    VOFA_print                               0x08007d21   Thumb Code   164  vofa.o(i.VOFA_print)
    YawHold_Reset                            0x08007dd5   Thumb Code    10  yaw_hold.o(i.YawHold_Reset)
    YawHold_Update                           0x08007ddf   Thumb Code   128  yaw_hold.o(i.YawHold_Update)
    YawStartup_Reset                         0x08007e5f   Thumb Code    16  yaw_startup.o(i.YawStartup_Reset)
    YawStartup_Update                        0x08007e6f   Thumb Code   134  yaw_startup.o(i.YawStartup_Update)
    __ARM_fpclassifyf                        0x08007ef5   Thumb Code    38  fpclassifyf.o(i.__ARM_fpclassifyf)
    __hardfp___mathlib_tofloat               0x08007f41   Thumb Code   232  narrow.o(i.__hardfp___mathlib_tofloat)
    __hardfp_atan2f                          0x08008039   Thumb Code   594  atan2f.o(i.__hardfp_atan2f)
    __hardfp_cosf                            0x080082e5   Thumb Code   280  cosf.o(i.__hardfp_cosf)
    __hardfp_ldexp                           0x08008439   Thumb Code   200  ldexp.o(i.__hardfp_ldexp)
    __hardfp_sinf                            0x08008509   Thumb Code   344  sinf.o(i.__hardfp_sinf)
    __hardfp_sqrtf                           0x08008699   Thumb Code    58  sqrtf.o(i.__hardfp_sqrtf)
    __hardfp_strtof                          0x080086d5   Thumb Code    26  strtof.o(i.__hardfp_strtof)
    __mathlib_dbl_overflow                   0x080086f9   Thumb Code    24  dunder.o(i.__mathlib_dbl_overflow)
    __mathlib_dbl_underflow                  0x08008719   Thumb Code    24  dunder.o(i.__mathlib_dbl_underflow)
    __mathlib_flt_infnan                     0x08008739   Thumb Code     6  funder.o(i.__mathlib_flt_infnan)
    __mathlib_flt_infnan2                    0x0800873f   Thumb Code     6  funder.o(i.__mathlib_flt_infnan2)
    __mathlib_flt_invalid                    0x08008745   Thumb Code    10  funder.o(i.__mathlib_flt_invalid)
    __mathlib_flt_underflow                  0x08008755   Thumb Code    10  funder.o(i.__mathlib_flt_underflow)
    __mathlib_narrow                         0x08008765   Thumb Code    18  narrow.o(i.__mathlib_narrow)
    __mathlib_rredf2                         0x08008779   Thumb Code   316  rredf.o(i.__mathlib_rredf2)
    __support_ldexp                          0x080088cd   Thumb Code    20  ldexp.o(i.__support_ldexp)
    _is_digit                                0x080088e1   Thumb Code    14  scanf_fp.o(i._is_digit)
    frexp                                    0x08008b91   Thumb Code   118  frexp.o(i.frexp)
    main                                     0x08008c69   Thumb Code    60  main.o(i.main)
    osDelay                                  0x08008cf1   Thumb Code    26  cmsis_os2.o(i.osDelay)
    osDelayUntil                             0x08008d0b   Thumb Code    46  cmsis_os2.o(i.osDelayUntil)
    osKernelGetTickCount                     0x08008d39   Thumb Code    14  cmsis_os2.o(i.osKernelGetTickCount)
    osKernelInitialize                       0x08008d49   Thumb Code    32  cmsis_os2.o(i.osKernelInitialize)
    osKernelStart                            0x08008d6d   Thumb Code    48  cmsis_os2.o(i.osKernelStart)
    osMessageQueueGet                        0x08008da5   Thumb Code    96  cmsis_os2.o(i.osMessageQueueGet)
    osMessageQueueNew                        0x08008e09   Thumb Code    88  cmsis_os2.o(i.osMessageQueueNew)
    osMessageQueuePut                        0x08008e61   Thumb Code   100  cmsis_os2.o(i.osMessageQueuePut)
    osSemaphoreAcquire                       0x08008ec9   Thumb Code    88  cmsis_os2.o(i.osSemaphoreAcquire)
    osSemaphoreNew                           0x08008f25   Thumb Code   152  cmsis_os2.o(i.osSemaphoreNew)
    osSemaphoreRelease                       0x08008fbd   Thumb Code    82  cmsis_os2.o(i.osSemaphoreRelease)
    osThreadNew                              0x08009015   Thumb Code   138  cmsis_os2.o(i.osThreadNew)
    pvPortMalloc                             0x08009f45   Thumb Code   216  heap_4.o(i.pvPortMalloc)
    pvTaskIncrementMutexHeldCount            0x0800a021   Thumb Code    18  tasks.o(i.pvTaskIncrementMutexHeldCount)
    pxPortInitialiseStack                    0x0800a039   Thumb Code    40  port.o(i.pxPortInitialiseStack)
    uxListRemove                             0x0800a8e1   Thumb Code    38  list.o(i.uxListRemove)
    vApplicationGetIdleTaskMemory            0x0800a909   Thumb Code    16  cmsis_os2.o(i.vApplicationGetIdleTaskMemory)
    vApplicationGetTimerTaskMemory           0x0800a91d   Thumb Code    18  cmsis_os2.o(i.vApplicationGetTimerTaskMemory)
    vListInitialise                          0x0800a935   Thumb Code    22  list.o(i.vListInitialise)
    vListInitialiseItem                      0x0800a94b   Thumb Code     6  list.o(i.vListInitialiseItem)
    vListInsert                              0x0800a951   Thumb Code    48  list.o(i.vListInsert)
    vListInsertEnd                           0x0800a981   Thumb Code    24  list.o(i.vListInsertEnd)
    vPortEnterCritical                       0x0800a999   Thumb Code    54  port.o(i.vPortEnterCritical)
    vPortExitCritical                        0x0800a9d9   Thumb Code    34  port.o(i.vPortExitCritical)
    vPortFree                                0x0800aa01   Thumb Code    94  heap_4.o(i.vPortFree)
    vPortSetupTimerInterrupt                 0x0800aa65   Thumb Code    32  port.o(i.vPortSetupTimerInterrupt)
    vPortValidateInterruptPriority           0x0800aa89   Thumb Code    74  port.o(i.vPortValidateInterruptPriority)
    vQueueAddToRegistry                      0x0800aadd   Thumb Code    34  queue.o(i.vQueueAddToRegistry)
    vQueueDelete                             0x0800ab05   Thumb Code    46  queue.o(i.vQueueDelete)
    vQueueUnregisterQueue                    0x0800ab35   Thumb Code    36  queue.o(i.vQueueUnregisterQueue)
    vQueueWaitForMessageRestricted           0x0800ab5d   Thumb Code    68  queue.o(i.vQueueWaitForMessageRestricted)
    vTaskDelay                               0x0800aba1   Thumb Code    66  tasks.o(i.vTaskDelay)
    vTaskDelayUntil                          0x0800abed   Thumb Code   132  tasks.o(i.vTaskDelayUntil)
    vTaskInternalSetTimeOutState             0x0800ac79   Thumb Code    12  tasks.o(i.vTaskInternalSetTimeOutState)
    vTaskMissedYield                         0x0800ac89   Thumb Code     8  tasks.o(i.vTaskMissedYield)
    vTaskPlaceOnEventList                    0x0800ac95   Thumb Code    44  tasks.o(i.vTaskPlaceOnEventList)
    vTaskPlaceOnEventListRestricted          0x0800acc5   Thumb Code    52  tasks.o(i.vTaskPlaceOnEventListRestricted)
    vTaskPriorityDisinheritAfterTimeout      0x0800acfd   Thumb Code   134  tasks.o(i.vTaskPriorityDisinheritAfterTimeout)
    vTaskStartScheduler                      0x0800ad8d   Thumb Code   118  tasks.o(i.vTaskStartScheduler)
    vTaskSuspendAll                          0x0800ae15   Thumb Code    10  tasks.o(i.vTaskSuspendAll)
    vTaskSwitchContext                       0x0800ae25   Thumb Code    90  tasks.o(i.vTaskSwitchContext)
    xPortStartScheduler                      0x0800aec1   Thumb Code   222  port.o(i.xPortStartScheduler)
    xPortSysTickHandler                      0x0800afb5   Thumb Code    38  port.o(i.xPortSysTickHandler)
    xQueueCreateCountingSemaphore            0x0800afe1   Thumb Code    58  queue.o(i.xQueueCreateCountingSemaphore)
    xQueueCreateCountingSemaphoreStatic      0x0800b01b   Thumb Code    64  queue.o(i.xQueueCreateCountingSemaphoreStatic)
    xQueueGenericCreate                      0x0800b05b   Thumb Code    66  queue.o(i.xQueueGenericCreate)
    xQueueGenericCreateStatic                0x0800b09d   Thumb Code   102  queue.o(i.xQueueGenericCreateStatic)
    xQueueGenericReset                       0x0800b105   Thumb Code   132  queue.o(i.xQueueGenericReset)
    xQueueGenericSend                        0x0800b18d   Thumb Code   346  queue.o(i.xQueueGenericSend)
    xQueueGenericSendFromISR                 0x0800b2ed   Thumb Code   190  queue.o(i.xQueueGenericSendFromISR)
    xQueueGiveFromISR                        0x0800b3ab   Thumb Code   156  queue.o(i.xQueueGiveFromISR)
    xQueueReceive                            0x0800b449   Thumb Code   308  queue.o(i.xQueueReceive)
    xQueueReceiveFromISR                     0x0800b581   Thumb Code   154  queue.o(i.xQueueReceiveFromISR)
    xQueueSemaphoreTake                      0x0800b61d   Thumb Code   372  queue.o(i.xQueueSemaphoreTake)
    xTaskCheckForTimeOut                     0x0800b795   Thumb Code   112  tasks.o(i.xTaskCheckForTimeOut)
    xTaskCreate                              0x0800b809   Thumb Code    90  tasks.o(i.xTaskCreate)
    xTaskCreateStatic                        0x0800b863   Thumb Code    86  tasks.o(i.xTaskCreateStatic)
    xTaskGetSchedulerState                   0x0800b8b9   Thumb Code    22  tasks.o(i.xTaskGetSchedulerState)
    xTaskGetTickCount                        0x0800b8d5   Thumb Code     6  tasks.o(i.xTaskGetTickCount)
    xTaskGetTickCountFromISR                 0x0800b8e1   Thumb Code    12  tasks.o(i.xTaskGetTickCountFromISR)
    xTaskIncrementTick                       0x0800b8f1   Thumb Code   192  tasks.o(i.xTaskIncrementTick)
    xTaskPriorityDisinherit                  0x0800b9b9   Thumb Code   118  tasks.o(i.xTaskPriorityDisinherit)
    xTaskPriorityInherit                     0x0800ba39   Thumb Code   112  tasks.o(i.xTaskPriorityInherit)
    xTaskRemoveFromEventList                 0x0800bab1   Thumb Code    98  tasks.o(i.xTaskRemoveFromEventList)
    xTaskResumeAll                           0x0800bb21   Thumb Code   182  tasks.o(i.xTaskResumeAll)
    xTimerCreateTimerTask                    0x0800bbe5   Thumb Code    78  timers.o(i.xTimerCreateTimerTask)
    xTimerGenericCommand                     0x0800bc45   Thumb Code    98  timers.o(i.xTimerGenericCommand)
    _get_lc_ctype                            0x0800bdbd   Thumb Code    44  lc_ctype_c.o(locale$$code)
    _get_lc_numeric                          0x0800bde9   Thumb Code    44  lc_numeric_c.o(locale$$code)
    __aeabi_d2f                              0x0800be15   Thumb Code     0  d2f.o(x$fpl$d2f)
    _d2f                                     0x0800be15   Thumb Code    98  d2f.o(x$fpl$d2f)
    __fpl_dcheck_NaN1                        0x0800be79   Thumb Code    10  dcheck1.o(x$fpl$dcheck1)
    __fpl_dcmp_Inf                           0x0800be89   Thumb Code    24  dcmpi.o(x$fpl$dcmpinf)
    __aeabi_cdcmpeq                          0x0800bea1   Thumb Code     0  deqf.o(x$fpl$deqf)
    _dcmpeq                                  0x0800bea1   Thumb Code   120  deqf.o(x$fpl$deqf)
    __aeabi_cdcmple                          0x0800bf19   Thumb Code     0  dleqf.o(x$fpl$dleqf)
    _dcmple                                  0x0800bf19   Thumb Code   120  dleqf.o(x$fpl$dleqf)
    __fpl_dcmple_InfNaN                      0x0800bf7b   Thumb Code     0  dleqf.o(x$fpl$dleqf)
    __aeabi_dmul                             0x0800bf91   Thumb Code     0  dmul.o(x$fpl$dmul)
    _dmul                                    0x0800bf91   Thumb Code   332  dmul.o(x$fpl$dmul)
    __fpl_dnaninf                            0x0800c0e5   Thumb Code   156  dnaninf.o(x$fpl$dnaninf)
    __fpl_dretinf                            0x0800c181   Thumb Code    12  dretinf.o(x$fpl$dretinf)
    __aeabi_cdrcmple                         0x0800c18d   Thumb Code     0  drleqf.o(x$fpl$drleqf)
    _drcmple                                 0x0800c18d   Thumb Code   108  drleqf.o(x$fpl$drleqf)
    _fp_init                                 0x0800c1f9   Thumb Code    10  fpinit.o(x$fpl$fpinit)
    __fplib_config_fpu_vfp                   0x0800c201   Thumb Code     0  fpinit.o(x$fpl$fpinit)
    __fplib_config_pureend_doubles           0x0800c201   Thumb Code     0  fpinit.o(x$fpl$fpinit)
    __fpl_fretinf                            0x0800c203   Thumb Code    10  fretinf.o(x$fpl$fretinf)
    __ieee_status                            0x0800c20d   Thumb Code     6  istatus.o(x$fpl$ieeestatus)
    __fpl_return_NaN                         0x0800c213   Thumb Code   100  retnan.o(x$fpl$retnan)
    __ARM_scalbn                             0x0800c277   Thumb Code    92  scalbn.o(x$fpl$scalbn)
    _scanf_real                              0x0800c2d3   Thumb Code     4  scanf1.o(x$fpl$scanf1)
    _scanf_hex_real                          0x0800c2d7   Thumb Code     4  scanf2.o(x$fpl$scanf2)
    _scanf_infnan                            0x0800c2db   Thumb Code     4  scanf2.o(x$fpl$scanf2)
    __fpl_cmpreturn                          0x0800c2df   Thumb Code    48  trapv.o(x$fpl$trapveneer)
    __I$use$fp                               0x0800c30e   Number         0  usenofp.o(x$fpl$usenofp)
    defaultTask_attributes                   0x0800c41c   Data          36  freertos.o(.constdata)
    Process_Data_attributes                  0x0800c440   Data          36  freertos.o(.constdata)
    PID_attributes                           0x0800c464   Data          36  freertos.o(.constdata)
    vofa_attributes                          0x0800c488   Data          36  freertos.o(.constdata)
    launch_attributes                        0x0800c4ac   Data          36  freertos.o(.constdata)
    Target_Angle_attributes                  0x0800c4d0   Data          24  freertos.o(.constdata)
    Update_PID_para_attributes               0x0800c4e8   Data          24  freertos.o(.constdata)
    Update_launch_para_attributes            0x0800c500   Data          24  freertos.o(.constdata)
    wake_launch_attributes                   0x0800c518   Data          16  freertos.o(.constdata)
    wake_launch_motor_attributes             0x0800c528   Data          16  freertos.o(.constdata)
    AHBPrescTable                            0x0800c540   Data          16  system_stm32f4xx.o(.constdata)
    APBPrescTable                            0x0800c550   Data           8  system_stm32f4xx.o(.constdata)
    Region$$Table$$Base                      0x0800c78c   Number         0  anon$$obj.o(Region$$Table)
    Region$$Table$$Limit                     0x0800c7ac   Number         0  anon$$obj.o(Region$$Table)
    __aeabi_HUGE_VAL                         0x0800c7ac   Data           0  fpconst.o(c$$dinf)
    __aeabi_HUGE_VALL                        0x0800c7ac   Data           0  fpconst.o(c$$dinf)
    __aeabi_INFINITY                         0x0800c7ac   Data           0  fpconst.o(c$$dinf)
    __dInf                                   0x0800c7ac   Data           0  fpconst.o(c$$dinf)
    __huge_val                               0x0800c7ac   Data           0  fpconst.o(c$$dinf)
    __dbl_max                                0x0800c7b4   Data           0  fpconst.o(c$$dmax)
    __ctype                                  0x0800c7c9   Data           0  lc_ctype_c.o(locale$$data)
    bmi088_gyro_drdy_count                   0x20000000   Data           4  hardware_drivers.o(.data)
    bmi088_accel_drdy_count                  0x20000004   Data           4  hardware_drivers.o(.data)
    C1_gr                                    0x2000004c   Data           4  pid_calc.o(.data)
    defaultTaskHandle                        0x20000088   Data           4  freertos.o(.data)
    Process_DataHandle                       0x2000008c   Data           4  freertos.o(.data)
    PIDHandle                                0x20000090   Data           4  freertos.o(.data)
    vofaHandle                               0x20000094   Data           4  freertos.o(.data)
    launchHandle                             0x20000098   Data           4  freertos.o(.data)
    Target_AngleHandle                       0x2000009c   Data           4  freertos.o(.data)
    Update_PID_paraHandle                    0x200000a0   Data           4  freertos.o(.data)
    Update_launch_paraHandle                 0x200000a4   Data           4  freertos.o(.data)
    wake_launchHandle                        0x200000a8   Data           4  freertos.o(.data)
    wake_launch_motorHandle                  0x200000ac   Data           4  freertos.o(.data)
    uwTickFreq                               0x200000b4   Data           1  stm32f4xx_hal.o(.data)
    uwTickPrio                               0x200000b8   Data           4  stm32f4xx_hal.o(.data)
    uwTick                                   0x200000bc   Data           4  stm32f4xx_hal.o(.data)
    SystemCoreClock                          0x200000c0   Data           4  system_stm32f4xx.o(.data)
    pxCurrentTCB                             0x200000c4   Data           4  tasks.o(.data)
    bmi088                                   0x20000144   Data          72  hardware_drivers.o(.bss)
    can1_m3508_id2                           0x2000018c   Data          72  can_motor_bus.o(.bss)
    can1_m3508_id3                           0x200001d4   Data          72  can_motor_bus.o(.bss)
    can1_gm6020_id2                          0x2000021c   Data          92  can_motor_bus.o(.bss)
    can2_m2006_id5                           0x20000278   Data          76  can_motor_bus.o(.bss)
    can2_dm4310_id1                          0x200002c4   Data          88  can_motor_bus.o(.bss)
    gimbal_control_state                     0x200003d8   Data         260  pid_calc.o(.bss)
    hcan1                                    0x20000630   Data          40  can.o(.bss)
    hcan2                                    0x20000658   Data          40  can.o(.bss)
    hspi1                                    0x20000680   Data          88  spi.o(.bss)
    hdma_spi1_rx                             0x200006d8   Data          96  spi.o(.bss)
    hdma_spi1_tx                             0x20000738   Data          96  spi.o(.bss)
    huart4                                   0x20000798   Data          72  usart.o(.bss)
    huart2                                   0x200007e0   Data          72  usart.o(.bss)
    hdma_uart4_rx                            0x20000828   Data          96  usart.o(.bss)
    hdma_uart4_tx                            0x20000888   Data          96  usart.o(.bss)
    hdma_usart2_rx                           0x200008e8   Data          96  usart.o(.bss)
    hdma_usart2_tx                           0x20000948   Data          96  usart.o(.bss)
    htim1                                    0x200009a8   Data          72  stm32f4xx_hal_timebase_tim.o(.bss)
    xQueueRegistry                           0x200009f0   Data          64  queue.o(.bss)
    __libspace_start                         0x200052c4   Data          96  libspace.o(.bss)
    __temporary_stack_top$libspace           0x20005324   Data           0  libspace.o(.bss)



==============================================================================

Memory Map of the image

  Image Entry point : 0x08000189

  Load Region LR_IROM1 (Base: 0x08000000, Size: 0x0000ca2c, Max: 0x00100000, ABSOLUTE, COMPRESSED[0x0000c8fc])

    Execution Region ER_IROM1 (Exec base: 0x08000000, Load base: 0x08000000, Size: 0x0000c8e8, Max: 0x00100000, ABSOLUTE)

    Exec Addr    Load Addr    Size         Type   Attr      Idx    E Section Name        Object

    0x08000000   0x08000000   0x00000188   Data   RO            3    RESET               startup_stm32f405xx.o
    0x08000188   0x08000188   0x00000008   Code   RO         6645  * !!!main             c_w.l(__main.o)
    0x08000190   0x08000190   0x00000034   Code   RO         7056    !!!scatter          c_w.l(__scatter.o)
    0x080001c4   0x080001c4   0x0000005a   Code   RO         7054    !!dczerorl2         c_w.l(__dczerorl2.o)
    0x0800021e   0x0800021e   0x00000002   PAD
    0x08000220   0x08000220   0x0000001c   Code   RO         7058    !!handler_zi        c_w.l(__scatter_zi.o)
    0x0800023c   0x0800023c   0x00000002   Code   RO         6803    .ARM.Collect$$libinit$$00000000  c_w.l(libinit.o)
    0x0800023e   0x0800023e   0x00000004   Code   RO         6804    .ARM.Collect$$libinit$$00000001  c_w.l(libinit2.o)
    0x08000242   0x08000242   0x00000000   Code   RO         6807    .ARM.Collect$$libinit$$00000004  c_w.l(libinit2.o)
    0x08000242   0x08000242   0x00000000   Code   RO         6810    .ARM.Collect$$libinit$$0000000A  c_w.l(libinit2.o)
    0x08000242   0x08000242   0x00000000   Code   RO         6812    .ARM.Collect$$libinit$$0000000C  c_w.l(libinit2.o)
    0x08000242   0x08000242   0x00000000   Code   RO         6814    .ARM.Collect$$libinit$$0000000E  c_w.l(libinit2.o)
    0x08000242   0x08000242   0x00000006   Code   RO         6815    .ARM.Collect$$libinit$$0000000F  c_w.l(libinit2.o)
    0x08000248   0x08000248   0x00000000   Code   RO         6817    .ARM.Collect$$libinit$$00000011  c_w.l(libinit2.o)
    0x08000248   0x08000248   0x0000000c   Code   RO         6818    .ARM.Collect$$libinit$$00000012  c_w.l(libinit2.o)
    0x08000254   0x08000254   0x00000000   Code   RO         6819    .ARM.Collect$$libinit$$00000013  c_w.l(libinit2.o)
    0x08000254   0x08000254   0x00000000   Code   RO         6821    .ARM.Collect$$libinit$$00000015  c_w.l(libinit2.o)
    0x08000254   0x08000254   0x0000000a   Code   RO         6822    .ARM.Collect$$libinit$$00000016  c_w.l(libinit2.o)
    0x0800025e   0x0800025e   0x00000000   Code   RO         6823    .ARM.Collect$$libinit$$00000017  c_w.l(libinit2.o)
    0x0800025e   0x0800025e   0x00000000   Code   RO         6825    .ARM.Collect$$libinit$$00000019  c_w.l(libinit2.o)
    0x0800025e   0x0800025e   0x00000000   Code   RO         6827    .ARM.Collect$$libinit$$0000001B  c_w.l(libinit2.o)
    0x0800025e   0x0800025e   0x00000000   Code   RO         6829    .ARM.Collect$$libinit$$0000001D  c_w.l(libinit2.o)
    0x0800025e   0x0800025e   0x00000000   Code   RO         6831    .ARM.Collect$$libinit$$0000001F  c_w.l(libinit2.o)
    0x0800025e   0x0800025e   0x00000000   Code   RO         6833    .ARM.Collect$$libinit$$00000021  c_w.l(libinit2.o)
    0x0800025e   0x0800025e   0x00000000   Code   RO         6835    .ARM.Collect$$libinit$$00000023  c_w.l(libinit2.o)
    0x0800025e   0x0800025e   0x00000000   Code   RO         6837    .ARM.Collect$$libinit$$00000025  c_w.l(libinit2.o)
    0x0800025e   0x0800025e   0x00000000   Code   RO         6841    .ARM.Collect$$libinit$$0000002C  c_w.l(libinit2.o)
    0x0800025e   0x0800025e   0x00000000   Code   RO         6843    .ARM.Collect$$libinit$$0000002E  c_w.l(libinit2.o)
    0x0800025e   0x0800025e   0x00000000   Code   RO         6845    .ARM.Collect$$libinit$$00000030  c_w.l(libinit2.o)
    0x0800025e   0x0800025e   0x00000000   Code   RO         6847    .ARM.Collect$$libinit$$00000032  c_w.l(libinit2.o)
    0x0800025e   0x0800025e   0x00000002   Code   RO         6848    .ARM.Collect$$libinit$$00000033  c_w.l(libinit2.o)
    0x08000260   0x08000260   0x00000002   Code   RO         6966    .ARM.Collect$$libshutdown$$00000000  c_w.l(libshutdown.o)
    0x08000262   0x08000262   0x00000000   Code   RO         6986    .ARM.Collect$$libshutdown$$00000002  c_w.l(libshutdown2.o)
    0x08000262   0x08000262   0x00000000   Code   RO         6988    .ARM.Collect$$libshutdown$$00000004  c_w.l(libshutdown2.o)
    0x08000262   0x08000262   0x00000000   Code   RO         6990    .ARM.Collect$$libshutdown$$00000006  c_w.l(libshutdown2.o)
    0x08000262   0x08000262   0x00000000   Code   RO         6993    .ARM.Collect$$libshutdown$$00000009  c_w.l(libshutdown2.o)
    0x08000262   0x08000262   0x00000000   Code   RO         6996    .ARM.Collect$$libshutdown$$0000000C  c_w.l(libshutdown2.o)
    0x08000262   0x08000262   0x00000000   Code   RO         6998    .ARM.Collect$$libshutdown$$0000000E  c_w.l(libshutdown2.o)
    0x08000262   0x08000262   0x00000000   Code   RO         7001    .ARM.Collect$$libshutdown$$00000011  c_w.l(libshutdown2.o)
    0x08000262   0x08000262   0x00000002   Code   RO         7002    .ARM.Collect$$libshutdown$$00000012  c_w.l(libshutdown2.o)
    0x08000264   0x08000264   0x00000000   Code   RO         6701    .ARM.Collect$$rtentry$$00000000  c_w.l(__rtentry.o)
    0x08000264   0x08000264   0x00000000   Code   RO         6745    .ARM.Collect$$rtentry$$00000002  c_w.l(__rtentry2.o)
    0x08000264   0x08000264   0x00000006   Code   RO         6757    .ARM.Collect$$rtentry$$00000004  c_w.l(__rtentry4.o)
    0x0800026a   0x0800026a   0x00000000   Code   RO         6747    .ARM.Collect$$rtentry$$00000009  c_w.l(__rtentry2.o)
    0x0800026a   0x0800026a   0x00000004   Code   RO         6748    .ARM.Collect$$rtentry$$0000000A  c_w.l(__rtentry2.o)
    0x0800026e   0x0800026e   0x00000000   Code   RO         6750    .ARM.Collect$$rtentry$$0000000C  c_w.l(__rtentry2.o)
    0x0800026e   0x0800026e   0x00000008   Code   RO         6751    .ARM.Collect$$rtentry$$0000000D  c_w.l(__rtentry2.o)
    0x08000276   0x08000276   0x00000002   Code   RO         6865    .ARM.Collect$$rtexit$$00000000  c_w.l(rtexit.o)
    0x08000278   0x08000278   0x00000000   Code   RO         6894    .ARM.Collect$$rtexit$$00000002  c_w.l(rtexit2.o)
    0x08000278   0x08000278   0x00000004   Code   RO         6895    .ARM.Collect$$rtexit$$00000003  c_w.l(rtexit2.o)
    0x0800027c   0x0800027c   0x00000006   Code   RO         6896    .ARM.Collect$$rtexit$$00000004  c_w.l(rtexit2.o)
    0x08000282   0x08000282   0x00000002   PAD
    0x08000284   0x08000284   0x000000be   Code   RO         6544    .emb_text           port.o
    0x08000342   0x08000342   0x00000002   PAD
    0x08000344   0x08000344   0x00000040   Code   RO            4    .text               startup_stm32f405xx.o
    0x08000384   0x08000384   0x000000ee   Code   RO         6623    .text               c_w.l(lludivv7m.o)
    0x08000472   0x08000472   0x00000070   Code   RO         6625    .text               c_w.l(strtol.o)
    0x080004e2   0x080004e2   0x00000014   Code   RO         6627    .text               c_w.l(strchr.o)
    0x080004f6   0x080004f6   0x0000003e   Code   RO         6629    .text               c_w.l(strlen.o)
    0x08000534   0x08000534   0x00000096   Code   RO         6631    .text               c_w.l(strncmp.o)
    0x080005ca   0x080005ca   0x0000008a   Code   RO         6633    .text               c_w.l(rt_memcpy_v6.o)
    0x08000654   0x08000654   0x00000064   Code   RO         6635    .text               c_w.l(rt_memcpy_w.o)
    0x080006b8   0x080006b8   0x00000010   Code   RO         6639    .text               c_w.l(aeabi_memset.o)
    0x080006c8   0x080006c8   0x0000004e   Code   RO         6641    .text               c_w.l(rt_memclr_w.o)
    0x08000716   0x08000716   0x00000006   Code   RO         6643    .text               c_w.l(heapauxi.o)
    0x0800071c   0x0800071c   0x00000010   Code   RO         6702    .text               c_w.l(rt_ctype_table.o)
    0x0800072c   0x0800072c   0x00000008   Code   RO         6711    .text               c_w.l(rt_errno_addr_intlibspace.o)
    0x08000734   0x08000734   0x00000016   Code   RO         6713    .text               c_w.l(_rserrno.o)
    0x0800074a   0x0800074a   0x0000009e   Code   RO         6715    .text               c_w.l(_strtoul.o)
    0x080007e8   0x080007e8   0x0000001a   Code   RO         6717    .text               c_w.l(strtof.o)
    0x08000802   0x08000802   0x00000044   Code   RO         6719    .text               c_w.l(rt_memclr.o)
    0x08000846   0x08000846   0x00000002   PAD
    0x08000848   0x08000848   0x00000008   Code   RO         6741    .text               c_w.l(libspace.o)
    0x08000850   0x08000850   0x00000008   Code   RO         6764    .text               c_w.l(rt_locale_intlibspace.o)
    0x08000858   0x08000858   0x0000001c   Code   RO         6766    .text               c_w.l(_chval.o)
    0x08000874   0x08000874   0x000000a4   Code   RO         6768    .text               c_w.l(strtod.o)
    0x08000918   0x08000918   0x0000004a   Code   RO         6781    .text               c_w.l(sys_stackheap_outer.o)
    0x08000962   0x08000962   0x00000012   Code   RO         6783    .text               c_w.l(isspace.o)
    0x08000974   0x08000974   0x00000040   Code   RO         6785    .text               c_w.l(_sgetc.o)
    0x080009b4   0x080009b4   0x00000012   Code   RO         6790    .text               c_w.l(exit.o)
    0x080009c6   0x080009c6   0x00000002   PAD
    0x080009c8   0x080009c8   0x00000080   Code   RO         6796    .text               c_w.l(strcmpv7m.o)
    0x08000a48   0x08000a48   0x000004f8   Code   RO         6869    .text               c_w.l(scanf_fp.o)
    0x08000f40   0x08000f40   0x0000000c   Code   RO         6891    .text               c_w.l(sys_exit.o)
    0x08000f4c   0x08000f4c   0x000000e4   Code   RO         6900    .text               c_w.l(bigflt0.o)
    0x08001030   0x08001030   0x00000002   Code   RO         6949    .text               c_w.l(use_no_semi.o)
    0x08001032   0x08001032   0x00000000   Code   RO         6951    .text               c_w.l(indicate_semi.o)
    0x08001032   0x08001032   0x00000002   PAD
    0x08001034   0x08001034   0x00000320   Code   RO         6954    .text               c_w.l(scanf_hexfp.o)
    0x08001354   0x08001354   0x00000134   Code   RO         6956    .text               c_w.l(scanf_infnan.o)
    0x08001488   0x08001488   0x00000026   Code   RO         6967    .text               c_w.l(llshl.o)
    0x080014ae   0x080014ae   0x00000338   Code   RO         6913    CL$$btod_div_common  c_w.l(btod.o)
    0x080017e6   0x080017e6   0x00000002   PAD
    0x080017e8   0x080017e8   0x00000084   Code   RO         6911    CL$$btod_e2d        c_w.l(btod.o)
    0x0800186c   0x0800186c   0x000000dc   Code   RO         6910    CL$$btod_e2e        c_w.l(btod.o)
    0x08001948   0x08001948   0x0000002a   Code   RO         6907    CL$$btod_ediv       c_w.l(btod.o)
    0x08001972   0x08001972   0x0000002a   Code   RO         6909    CL$$btod_edivd      c_w.l(btod.o)
    0x0800199c   0x0800199c   0x0000002a   Code   RO         6906    CL$$btod_emul       c_w.l(btod.o)
    0x080019c6   0x080019c6   0x0000002a   Code   RO         6908    CL$$btod_emuld      c_w.l(btod.o)
    0x080019f0   0x080019f0   0x00000244   Code   RO         6912    CL$$btod_mult_common  c_w.l(btod.o)
    0x08001c34   0x08001c34   0x00000038   Code   RO          844    i.AttitudeMath_AngleDifference  data_process.o
    0x08001c6c   0x08001c6c   0x0000000a   Code   RO          714    i.BMI088_DMADataReady  bmi088.o
    0x08001c76   0x08001c76   0x00000002   PAD
    0x08001c78   0x08001c78   0x00000264   Code   RO          715    i.BMI088_Init       bmi088.o
    0x08001edc   0x08001edc   0x00000020   Code   RO          716    i.BMI088_Read       bmi088.o
    0x08001efc   0x08001efc   0x00000042   Code   RO          717    i.BMI088_ReadAcceleration  bmi088.o
    0x08001f3e   0x08001f3e   0x00000042   Code   RO          718    i.BMI088_ReadGyroscope  bmi088.o
    0x08001f80   0x08001f80   0x00000040   Code   RO          719    i.BMI088_ReadTemperature  bmi088.o
    0x08001fc0   0x08001fc0   0x00000078   Code   RO          720    i.BMI088_ServiceDMA  bmi088.o
    0x08002038   0x08002038   0x00000050   Code   RO          721    i.BMI088_StartReadDMA  bmi088.o
    0x08002088   0x08002088   0x00000002   Code   RO         1587    i.BusFault_Handler  stm32f4xx_it.o
    0x0800208a   0x0800208a   0x00000002   PAD
    0x0800208c   0x0800208c   0x0000000c   Code   RO         1588    i.CAN1_RX0_IRQHandler  stm32f4xx_it.o
    0x08002098   0x08002098   0x0000000c   Code   RO         1589    i.CAN1_SCE_IRQHandler  stm32f4xx_it.o
    0x080020a4   0x080020a4   0x0000000c   Code   RO         1590    i.CAN2_RX0_IRQHandler  stm32f4xx_it.o
    0x080020b0   0x080020b0   0x0000000c   Code   RO         1591    i.CAN2_SCE_IRQHandler  stm32f4xx_it.o
    0x080020bc   0x080020bc   0x00000094   Code   RO          247    i.CanMotorBus_CheckOffline  can_motor_bus.o
    0x08002150   0x08002150   0x00000020   Code   RO          248    i.CanMotorBus_GetStatus  can_motor_bus.o
    0x08002170   0x08002170   0x0000012c   Code   RO          249    i.CanMotorBus_Init  can_motor_bus.o
    0x0800229c   0x0800229c   0x00000016   Code   RO          251    i.CanMotorBus_StopAll  can_motor_bus.o
    0x080022b2   0x080022b2   0x00000002   PAD
    0x080022b4   0x080022b4   0x0000008c   Code   RO          252    i.CanMotorBus_StopGimbal  can_motor_bus.o
    0x08002340   0x08002340   0x00000020   Code   RO          253    i.CanMotorBus_TxHealthy  can_motor_bus.o
    0x08002360   0x08002360   0x000000b8   Code   RO          255    i.CanMotorBus_UpdateSelected  can_motor_bus.o
    0x08002418   0x08002418   0x00000020   Code   RO          645    i.DBus_CheckOffline  dbus.o
    0x08002438   0x08002438   0x00000028   Code   RO          646    i.DBus_GetData      dbus.o
    0x08002460   0x08002460   0x00000028   Code   RO          647    i.DBus_Init         dbus.o
    0x08002488   0x08002488   0x0000007c   Code   RO          593    i.DM4310_Decode     dm4310.o
    0x08002504   0x08002504   0x00000054   Code   RO          594    i.DM4310_Init       dm4310.o
    0x08002558   0x08002558   0x00000050   Code   RO          595    i.DM4310_PackCurrentCommand  dm4310.o
    0x080025a8   0x080025a8   0x0000000a   Code   RO          596    i.DM4310_SetCurrentFeedforward  dm4310.o
    0x080025b2   0x080025b2   0x0000000a   Code   RO          597    i.DM4310_SetSpeed   dm4310.o
    0x080025bc   0x080025bc   0x0000002c   Code   RO          598    i.DM4310_SetSpeedFilterAlpha  dm4310.o
    0x080025e8   0x080025e8   0x000001c0   Code   RO          599    i.DM4310_Update     dm4310.o
    0x080027a8   0x080027a8   0x0000000c   Code   RO         1592    i.DMA1_Stream2_IRQHandler  stm32f4xx_it.o
    0x080027b4   0x080027b4   0x0000000c   Code   RO         1593    i.DMA1_Stream4_IRQHandler  stm32f4xx_it.o
    0x080027c0   0x080027c0   0x0000000c   Code   RO         1594    i.DMA1_Stream5_IRQHandler  stm32f4xx_it.o
    0x080027cc   0x080027cc   0x0000000c   Code   RO         1595    i.DMA1_Stream6_IRQHandler  stm32f4xx_it.o
    0x080027d8   0x080027d8   0x0000000c   Code   RO         1596    i.DMA2_Stream0_IRQHandler  stm32f4xx_it.o
    0x080027e4   0x080027e4   0x0000000c   Code   RO         1597    i.DMA2_Stream3_IRQHandler  stm32f4xx_it.o
    0x080027f0   0x080027f0   0x00000028   Code   RO         3464    i.DMA_CalcBaseAndBitshift  stm32f4xx_hal_dma.o
    0x08002818   0x08002818   0x00000054   Code   RO         3465    i.DMA_CheckFifoParam  stm32f4xx_hal_dma.o
    0x0800286c   0x0800286c   0x00000028   Code   RO         3466    i.DMA_SetConfig     stm32f4xx_hal_dma.o
    0x08002894   0x08002894   0x00000154   Code   RO          845    i.Data_Process      data_process.o
    0x080029e8   0x080029e8   0x00000002   Code   RO         1598    i.DebugMon_Handler  stm32f4xx_it.o
    0x080029ea   0x080029ea   0x00000026   Code   RO          190    i.DjiMotor_DecodeFeedback  motor_common.o
    0x08002a10   0x08002a10   0x00000006   Code   RO         1599    i.EXTI0_IRQHandler  stm32f4xx_it.o
    0x08002a16   0x08002a16   0x00000006   Code   RO         1600    i.EXTI9_5_IRQHandler  stm32f4xx_it.o
    0x08002a1c   0x08002a1c   0x00000004   Code   RO         1255    i.Error_Handler     main.o
    0x08002a20   0x08002a20   0x0000000c   Code   RO          544    i.GM6020_Decode     gm6020.o
    0x08002a2c   0x08002a2c   0x00000050   Code   RO          545    i.GM6020_Init       gm6020.o
    0x08002a7c   0x08002a7c   0x0000000a   Code   RO          546    i.GM6020_SetSpeed   gm6020.o
    0x08002a86   0x08002a86   0x00000002   PAD
    0x08002a88   0x08002a88   0x0000002c   Code   RO          547    i.GM6020_SetSpeedFilterAlpha  gm6020.o
    0x08002ab4   0x08002ab4   0x00000038   Code   RO          548    i.GM6020_SetVoltageFeedforward  gm6020.o
    0x08002aec   0x08002aec   0x00000124   Code   RO          549    i.GM6020_Update     gm6020.o
    0x08002c10   0x08002c10   0x00000030   Code   RO          954    i.Gimbal_YawTest_Request  pid_calc.o
    0x08002c40   0x08002c40   0x00000046   Code   RO         2771    i.HAL_CAN_AbortTxRequest  stm32f4xx_hal_can.o
    0x08002c86   0x08002c86   0x00000024   Code   RO         2772    i.HAL_CAN_ActivateNotification  stm32f4xx_hal_can.o
    0x08002caa   0x08002caa   0x000000d0   Code   RO         2773    i.HAL_CAN_AddTxMessage  stm32f4xx_hal_can.o
    0x08002d7a   0x08002d7a   0x00000002   PAD
    0x08002d7c   0x08002d7c   0x0000010c   Code   RO         2774    i.HAL_CAN_ConfigFilter  stm32f4xx_hal_can.o
    0x08002e88   0x08002e88   0x0000005c   Code   RO          256    i.HAL_CAN_ErrorCallback  can_motor_bus.o
    0x08002ee4   0x08002ee4   0x00000004   Code   RO         2778    i.HAL_CAN_GetError  stm32f4xx_hal_can.o
    0x08002ee8   0x08002ee8   0x00000022   Code   RO         2779    i.HAL_CAN_GetRxFifoFillLevel  stm32f4xx_hal_can.o
    0x08002f0a   0x08002f0a   0x000000f4   Code   RO         2780    i.HAL_CAN_GetRxMessage  stm32f4xx_hal_can.o
    0x08002ffe   0x08002ffe   0x0000002c   Code   RO         2782    i.HAL_CAN_GetTxMailboxesFreeLevel  stm32f4xx_hal_can.o
    0x0800302a   0x0800302a   0x000001fc   Code   RO         2784    i.HAL_CAN_IRQHandler  stm32f4xx_hal_can.o
    0x08003226   0x08003226   0x0000011a   Code   RO         2785    i.HAL_CAN_Init      stm32f4xx_hal_can.o
    0x08003340   0x08003340   0x00000100   Code   RO         1425    i.HAL_CAN_MspInit   can.o
    0x08003440   0x08003440   0x00000022   Code   RO         2791    i.HAL_CAN_ResetError  stm32f4xx_hal_can.o
    0x08003462   0x08003462   0x00000002   Code   RO         2792    i.HAL_CAN_RxFifo0FullCallback  stm32f4xx_hal_can.o
    0x08003464   0x08003464   0x00000028   Code   RO          257    i.HAL_CAN_RxFifo0MsgPendingCallback  can_motor_bus.o
    0x0800348c   0x0800348c   0x00000002   Code   RO         2794    i.HAL_CAN_RxFifo1FullCallback  stm32f4xx_hal_can.o
    0x0800348e   0x0800348e   0x00000002   Code   RO         2795    i.HAL_CAN_RxFifo1MsgPendingCallback  stm32f4xx_hal_can.o
    0x08003490   0x08003490   0x00000002   Code   RO         2796    i.HAL_CAN_SleepCallback  stm32f4xx_hal_can.o
    0x08003492   0x08003492   0x00000002   PAD
    0x08003494   0x08003494   0x00000058   Code   RO         2797    i.HAL_CAN_Start     stm32f4xx_hal_can.o
    0x080034ec   0x080034ec   0x00000002   Code   RO         2799    i.HAL_CAN_TxMailbox0AbortCallback  stm32f4xx_hal_can.o
    0x080034ee   0x080034ee   0x00000004   Code   RO          258    i.HAL_CAN_TxMailbox0CompleteCallback  can_motor_bus.o
    0x080034f2   0x080034f2   0x00000002   Code   RO         2801    i.HAL_CAN_TxMailbox1AbortCallback  stm32f4xx_hal_can.o
    0x080034f4   0x080034f4   0x00000004   Code   RO          259    i.HAL_CAN_TxMailbox1CompleteCallback  can_motor_bus.o
    0x080034f8   0x080034f8   0x00000002   Code   RO         2803    i.HAL_CAN_TxMailbox2AbortCallback  stm32f4xx_hal_can.o
    0x080034fa   0x080034fa   0x00000004   Code   RO          260    i.HAL_CAN_TxMailbox2CompleteCallback  can_motor_bus.o
    0x080034fe   0x080034fe   0x00000002   Code   RO         2806    i.HAL_CAN_WakeUpFromRxMsgCallback  stm32f4xx_hal_can.o
    0x08003500   0x08003500   0x00000092   Code   RO         3467    i.HAL_DMA_Abort     stm32f4xx_hal_dma.o
    0x08003592   0x08003592   0x00000024   Code   RO         3468    i.HAL_DMA_Abort_IT  stm32f4xx_hal_dma.o
    0x080035b6   0x080035b6   0x00000004   Code   RO         3470    i.HAL_DMA_GetError  stm32f4xx_hal_dma.o
    0x080035ba   0x080035ba   0x00000002   PAD
    0x080035bc   0x080035bc   0x000001a0   Code   RO         3472    i.HAL_DMA_IRQHandler  stm32f4xx_hal_dma.o
    0x0800375c   0x0800375c   0x000000d4   Code   RO         3473    i.HAL_DMA_Init      stm32f4xx_hal_dma.o
    0x08003830   0x08003830   0x0000006e   Code   RO         3477    i.HAL_DMA_Start_IT  stm32f4xx_hal_dma.o
    0x0800389e   0x0800389e   0x00000002   PAD
    0x080038a0   0x080038a0   0x00000024   Code   RO         3904    i.HAL_Delay         stm32f4xx_hal.o
    0x080038c4   0x080038c4   0x00000028   Code   RO           13    i.HAL_GPIO_EXTI_Callback  hardware_drivers.o
    0x080038ec   0x080038ec   0x00000018   Code   RO         3359    i.HAL_GPIO_EXTI_IRQHandler  stm32f4xx_hal_gpio.o
    0x08003904   0x08003904   0x000001f0   Code   RO         3360    i.HAL_GPIO_Init     stm32f4xx_hal_gpio.o
    0x08003af4   0x08003af4   0x0000000a   Code   RO         3364    i.HAL_GPIO_WritePin  stm32f4xx_hal_gpio.o
    0x08003afe   0x08003afe   0x00000002   PAD
    0x08003b00   0x08003b00   0x0000000c   Code   RO         3910    i.HAL_GetTick       stm32f4xx_hal.o
    0x08003b0c   0x08003b0c   0x00000010   Code   RO         3916    i.HAL_IncTick       stm32f4xx_hal.o
    0x08003b1c   0x08003b1c   0x00000034   Code   RO         3917    i.HAL_Init          stm32f4xx_hal.o
    0x08003b50   0x08003b50   0x0000008c   Code   RO         1759    i.HAL_InitTick      stm32f4xx_hal_timebase_tim.o
    0x08003bdc   0x08003bdc   0x00000038   Code   RO         1735    i.HAL_MspInit       stm32f4xx_hal_msp.o
    0x08003c14   0x08003c14   0x00000022   Code   RO         3751    i.HAL_NVIC_DisableIRQ  stm32f4xx_hal_cortex.o
    0x08003c36   0x08003c36   0x0000001a   Code   RO         3752    i.HAL_NVIC_EnableIRQ  stm32f4xx_hal_cortex.o
    0x08003c50   0x08003c50   0x00000040   Code   RO         3758    i.HAL_NVIC_SetPriority  stm32f4xx_hal_cortex.o
    0x08003c90   0x08003c90   0x00000024   Code   RO         3759    i.HAL_NVIC_SetPriorityGrouping  stm32f4xx_hal_cortex.o
    0x08003cb4   0x08003cb4   0x00000134   Code   RO         3006    i.HAL_RCC_ClockConfig  stm32f4xx_hal_rcc.o
    0x08003de8   0x08003de8   0x00000040   Code   RO         3010    i.HAL_RCC_GetClockConfig  stm32f4xx_hal_rcc.o
    0x08003e28   0x08003e28   0x00000020   Code   RO         3013    i.HAL_RCC_GetPCLK1Freq  stm32f4xx_hal_rcc.o
    0x08003e48   0x08003e48   0x00000020   Code   RO         3014    i.HAL_RCC_GetPCLK2Freq  stm32f4xx_hal_rcc.o
    0x08003e68   0x08003e68   0x00000064   Code   RO         3015    i.HAL_RCC_GetSysClockFreq  stm32f4xx_hal_rcc.o
    0x08003ecc   0x08003ecc   0x0000036c   Code   RO         3018    i.HAL_RCC_OscConfig  stm32f4xx_hal_rcc.o
    0x08004238   0x08004238   0x00000124   Code   RO         4155    i.HAL_SPI_Abort     stm32f4xx_hal_spi.o
    0x0800435c   0x0800435c   0x0000001c   Code   RO          722    i.HAL_SPI_ErrorCallback  bmi088.o
    0x08004378   0x08004378   0x000000bc   Code   RO         4166    i.HAL_SPI_Init      stm32f4xx_hal_spi.o
    0x08004434   0x08004434   0x000000d4   Code   RO         1498    i.HAL_SPI_MspInit   spi.o
    0x08004508   0x08004508   0x00000154   Code   RO         4169    i.HAL_SPI_Receive   stm32f4xx_hal_spi.o
    0x0800465c   0x0800465c   0x00000002   Code   RO         4172    i.HAL_SPI_RxCpltCallback  stm32f4xx_hal_spi.o
    0x0800465e   0x0800465e   0x00000002   Code   RO         4173    i.HAL_SPI_RxHalfCpltCallback  stm32f4xx_hal_spi.o
    0x08004660   0x08004660   0x00000166   Code   RO         4174    i.HAL_SPI_Transmit  stm32f4xx_hal_spi.o
    0x080047c6   0x080047c6   0x000001f0   Code   RO         4175    i.HAL_SPI_TransmitReceive  stm32f4xx_hal_spi.o
    0x080049b6   0x080049b6   0x00000002   PAD
    0x080049b8   0x080049b8   0x00000110   Code   RO         4176    i.HAL_SPI_TransmitReceive_DMA  stm32f4xx_hal_spi.o
    0x08004ac8   0x08004ac8   0x0000008c   Code   RO          723    i.HAL_SPI_TxRxCpltCallback  bmi088.o
    0x08004b54   0x08004b54   0x00000002   Code   RO         4183    i.HAL_SPI_TxRxHalfCpltCallback  stm32f4xx_hal_spi.o
    0x08004b56   0x08004b56   0x00000002   Code   RO         2504    i.HAL_TIMEx_BreakCallback  stm32f4xx_hal_tim_ex.o
    0x08004b58   0x08004b58   0x00000002   Code   RO         2505    i.HAL_TIMEx_CommutCallback  stm32f4xx_hal_tim_ex.o
    0x08004b5a   0x08004b5a   0x0000005a   Code   RO         1800    i.HAL_TIM_Base_Init  stm32f4xx_hal_tim.o
    0x08004bb4   0x08004bb4   0x00000002   Code   RO         1802    i.HAL_TIM_Base_MspInit  stm32f4xx_hal_tim.o
    0x08004bb6   0x08004bb6   0x00000002   PAD
    0x08004bb8   0x08004bb8   0x00000080   Code   RO         1805    i.HAL_TIM_Base_Start_IT  stm32f4xx_hal_tim.o
    0x08004c38   0x08004c38   0x00000002   Code   RO         1834    i.HAL_TIM_IC_CaptureCallback  stm32f4xx_hal_tim.o
    0x08004c3a   0x08004c3a   0x00000130   Code   RO         1848    i.HAL_TIM_IRQHandler  stm32f4xx_hal_tim.o
    0x08004d6a   0x08004d6a   0x00000002   Code   RO         1851    i.HAL_TIM_OC_DelayElapsedCallback  stm32f4xx_hal_tim.o
    0x08004d6c   0x08004d6c   0x00000002   Code   RO         1878    i.HAL_TIM_PWM_PulseFinishedCallback  stm32f4xx_hal_tim.o
    0x08004d6e   0x08004d6e   0x00000002   PAD
    0x08004d70   0x08004d70   0x00000014   Code   RO         1256    i.HAL_TIM_PeriodElapsedCallback  main.o
    0x08004d84   0x08004d84   0x00000002   Code   RO         1891    i.HAL_TIM_TriggerCallback  stm32f4xx_hal_tim.o
    0x08004d86   0x08004d86   0x0000004a   Code   RO         4487    i.HAL_UARTEx_ReceiveToIdle_DMA  stm32f4xx_hal_uart.o
    0x08004dd0   0x08004dd0   0x0000005c   Code   RO          648    i.HAL_UARTEx_RxEventCallback  dbus.o
    0x08004e2c   0x08004e2c   0x00000094   Code   RO         4492    i.HAL_UART_AbortReceive  stm32f4xx_hal_uart.o
    0x08004ec0   0x08004ec0   0x00000028   Code   RO          649    i.HAL_UART_ErrorCallback  dbus.o
    0x08004ee8   0x08004ee8   0x00000280   Code   RO         4506    i.HAL_UART_IRQHandler  stm32f4xx_hal_uart.o
    0x08005168   0x08005168   0x00000064   Code   RO         4507    i.HAL_UART_Init     stm32f4xx_hal_uart.o
    0x080051cc   0x080051cc   0x00000190   Code   RO         1540    i.HAL_UART_MspInit  usart.o
    0x0800535c   0x0800535c   0x00000002   Code   RO         4513    i.HAL_UART_RxCpltCallback  stm32f4xx_hal_uart.o
    0x0800535e   0x0800535e   0x00000002   Code   RO         4514    i.HAL_UART_RxHalfCpltCallback  stm32f4xx_hal_uart.o
    0x08005360   0x08005360   0x00000084   Code   RO         4516    i.HAL_UART_Transmit_DMA  stm32f4xx_hal_uart.o
    0x080053e4   0x080053e4   0x00000014   Code   RO         1149    i.HAL_UART_TxCpltCallback  vofa.o
    0x080053f8   0x080053f8   0x00000002   Code   RO         4519    i.HAL_UART_TxHalfCpltCallback  stm32f4xx_hal_uart.o
    0x080053fa   0x080053fa   0x00000002   Code   RO         1601    i.HardFault_Handler  stm32f4xx_it.o
    0x080053fc   0x080053fc   0x0000008c   Code   RO           14    i.HardwareDrivers_Init  hardware_drivers.o
    0x08005488   0x08005488   0x000004c4   Code   RO         1225    i.Launch_Task       launch.o
    0x0800594c   0x0800594c   0x0000000c   Code   RO          499    i.M2006_Decode      m2006.o
    0x08005958   0x08005958   0x00000050   Code   RO          500    i.M2006_Init        m2006.o
    0x080059a8   0x080059a8   0x00000012   Code   RO          501    i.M2006_SetSpeed    m2006.o
    0x080059ba   0x080059ba   0x00000002   PAD
    0x080059bc   0x080059bc   0x0000002c   Code   RO          502    i.M2006_SetSpeedFilterAlpha  m2006.o
    0x080059e8   0x080059e8   0x000000b8   Code   RO          503    i.M2006_Update      m2006.o
    0x08005aa0   0x08005aa0   0x0000000c   Code   RO          457    i.M3508_Decode      m3508.o
    0x08005aac   0x08005aac   0x00000050   Code   RO          458    i.M3508_Init        m3508.o
    0x08005afc   0x08005afc   0x0000000a   Code   RO          459    i.M3508_SetSpeed    m3508.o
    0x08005b06   0x08005b06   0x00000002   PAD
    0x08005b08   0x08005b08   0x0000002c   Code   RO          460    i.M3508_SetSpeedFilterAlpha  m3508.o
    0x08005b34   0x08005b34   0x00000068   Code   RO          461    i.M3508_Update      m3508.o
    0x08005b9c   0x08005b9c   0x0000004c   Code   RO         1426    i.MX_CAN1_Init      can.o
    0x08005be8   0x08005be8   0x0000004c   Code   RO         1427    i.MX_CAN2_Init      can.o
    0x08005c34   0x08005c34   0x0000008c   Code   RO         1473    i.MX_DMA_Init       dma.o
    0x08005cc0   0x08005cc0   0x000000ac   Code   RO         1359    i.MX_FREERTOS_Init  freertos.o
    0x08005d6c   0x08005d6c   0x000000c8   Code   RO         1333    i.MX_GPIO_Init      gpio.o
    0x08005e34   0x08005e34   0x00000048   Code   RO         1499    i.MX_SPI1_Init      spi.o
    0x08005e7c   0x08005e7c   0x00000038   Code   RO         1541    i.MX_UART4_Init     usart.o
    0x08005eb4   0x08005eb4   0x00000044   Code   RO         1542    i.MX_USART2_UART_Init  usart.o
    0x08005ef8   0x08005ef8   0x00000002   Code   RO         1602    i.MemManage_Handler  stm32f4xx_it.o
    0x08005efa   0x08005efa   0x00000012   Code   RO          191    i.MotorSpeedPid_Calculate  motor_common.o
    0x08005f0c   0x08005f0c   0x00000018   Code   RO          192    i.MotorSpeedPid_CalculateFloat  motor_common.o
    0x08005f24   0x08005f24   0x0000013c   Code   RO          193    i.MotorSpeedPid_CalculateFloatBounded  motor_common.o
    0x08006060   0x08006060   0x00000030   Code   RO          194    i.MotorSpeedPid_Init  motor_common.o
    0x08006090   0x08006090   0x0000001c   Code   RO          195    i.MotorSpeedPid_Reset  motor_common.o
    0x080060ac   0x080060ac   0x0000000a   Code   RO          196    i.MotorSpeedPid_SetGains  motor_common.o
    0x080060b6   0x080060b6   0x00000002   PAD
    0x080060b8   0x080060b8   0x0000001c   Code   RO          197    i.MotorSpeedPid_SetIntegralSeparation  motor_common.o
    0x080060d4   0x080060d4   0x00000002   Code   RO         1603    i.NMI_Handler       stm32f4xx_it.o
    0x080060d6   0x080060d6   0x00000002   PAD
    0x080060d8   0x080060d8   0x000000b8   Code   RO         1037    i.NotchFilter_Init  notch_filter.o
    0x08006190   0x08006190   0x00000020   Code   RO         1038    i.NotchFilter_Reset  notch_filter.o
    0x080061b0   0x080061b0   0x00000056   Code   RO         1039    i.NotchFilter_Update  notch_filter.o
    0x08006206   0x08006206   0x00000002   PAD
    0x08006208   0x08006208   0x00000d6e   Code   RO          955    i.PID_calc          pid_calc.o
    0x08006f76   0x08006f76   0x00000002   PAD
    0x08006f78   0x08006f78   0x000000a8   Code   RO          930    i.PidParameter_Parse  pid_parameter.o
    0x08007020   0x08007020   0x000000d8   Code   RO         1065    i.PitchApproach_LimitSpeed  pitch_approach.o
    0x080070f8   0x080070f8   0x00000014   Code   RO         1066    i.PitchApproach_Reset  pitch_approach.o
    0x0800710c   0x0800710c   0x000000b8   Code   RO         1067    i.PitchApproach_StaticErrorComp  pitch_approach.o
    0x080071c4   0x080071c4   0x00000128   Code   RO         1068    i.PitchApproach_UpdateBrakeFeedforward  pitch_approach.o
    0x080072ec   0x080072ec   0x00000058   Code   RO         4188    i.SPI_AbortRx_ISR   stm32f4xx_hal_spi.o
    0x08007344   0x08007344   0x0000001c   Code   RO         4189    i.SPI_AbortTx_ISR   stm32f4xx_hal_spi.o
    0x08007360   0x08007360   0x00000022   Code   RO         4194    i.SPI_DMAError      stm32f4xx_hal_spi.o
    0x08007382   0x08007382   0x0000000a   Code   RO         4195    i.SPI_DMAHalfReceiveCplt  stm32f4xx_hal_spi.o
    0x0800738c   0x0800738c   0x0000000a   Code   RO         4197    i.SPI_DMAHalfTransmitReceiveCplt  stm32f4xx_hal_spi.o
    0x08007396   0x08007396   0x0000006a   Code   RO         4198    i.SPI_DMAReceiveCplt  stm32f4xx_hal_spi.o
    0x08007400   0x08007400   0x0000005a   Code   RO         4201    i.SPI_DMATransmitReceiveCplt  stm32f4xx_hal_spi.o
    0x0800745a   0x0800745a   0x0000005c   Code   RO         4203    i.SPI_EndRxTransaction  stm32f4xx_hal_spi.o
    0x080074b6   0x080074b6   0x00000002   PAD
    0x080074b8   0x080074b8   0x0000006c   Code   RO         4204    i.SPI_EndRxTxTransaction  stm32f4xx_hal_spi.o
    0x08007524   0x08007524   0x000000bc   Code   RO         4209    i.SPI_WaitFlagStateUntilTimeout  stm32f4xx_hal_spi.o
    0x080075e0   0x080075e0   0x00000008   Code   RO         1361    i.StartDefaultTask  freertos.o
    0x080075e8   0x080075e8   0x0000001a   Code   RO         5979    i.SysTick_Handler   cmsis_os2.o
    0x08007602   0x08007602   0x00000002   PAD
    0x08007604   0x08007604   0x00000094   Code   RO         1257    i.SystemClock_Config  main.o
    0x08007698   0x08007698   0x00000010   Code   RO         4841    i.SystemInit        system_stm32f4xx.o
    0x080076a8   0x080076a8   0x0000000c   Code   RO         1604    i.TIM1_UP_TIM10_IRQHandler  stm32f4xx_it.o
    0x080076b4   0x080076b4   0x000000d0   Code   RO         1893    i.TIM_Base_SetConfig  stm32f4xx_hal_tim.o
    0x08007784   0x08007784   0x0000000c   Code   RO         1605    i.UART4_IRQHandler  stm32f4xx_it.o
    0x08007790   0x08007790   0x0000000e   Code   RO         4520    i.UART_DMAAbortOnError  stm32f4xx_hal_uart.o
    0x0800779e   0x0800779e   0x0000004a   Code   RO         4521    i.UART_DMAError     stm32f4xx_hal_uart.o
    0x080077e8   0x080077e8   0x00000086   Code   RO         4522    i.UART_DMAReceiveCplt  stm32f4xx_hal_uart.o
    0x0800786e   0x0800786e   0x0000001e   Code   RO         4524    i.UART_DMARxHalfCplt  stm32f4xx_hal_uart.o
    0x0800788c   0x0800788c   0x00000042   Code   RO         4526    i.UART_DMATransmitCplt  stm32f4xx_hal_uart.o
    0x080078ce   0x080078ce   0x0000000a   Code   RO         4528    i.UART_DMATxHalfCplt  stm32f4xx_hal_uart.o
    0x080078d8   0x080078d8   0x0000004e   Code   RO         4530    i.UART_EndRxTransfer  stm32f4xx_hal_uart.o
    0x08007926   0x08007926   0x0000001c   Code   RO         4531    i.UART_EndTxTransfer  stm32f4xx_hal_uart.o
    0x08007942   0x08007942   0x000000c2   Code   RO         4532    i.UART_Receive_IT   stm32f4xx_hal_uart.o
    0x08007a04   0x08007a04   0x0000010c   Code   RO         4533    i.UART_SetConfig    stm32f4xx_hal_uart.o
    0x08007b10   0x08007b10   0x000000a0   Code   RO         4534    i.UART_Start_Receive_DMA  stm32f4xx_hal_uart.o
    0x08007bb0   0x08007bb0   0x0000000c   Code   RO         1606    i.USART2_IRQHandler  stm32f4xx_it.o
    0x08007bbc   0x08007bbc   0x00000002   Code   RO         1607    i.UsageFault_Handler  stm32f4xx_it.o
    0x08007bbe   0x08007bbe   0x00000002   PAD
    0x08007bc0   0x08007bc0   0x00000048   Code   RO         1150    i.VOFA_GetCommand   vofa.o
    0x08007c08   0x08007c08   0x00000020   Code   RO         1151    i.VOFA_Init         vofa.o
    0x08007c28   0x08007c28   0x00000070   Code   RO         1152    i.VOFA_SendControlFrame  vofa.o
    0x08007c98   0x08007c98   0x00000024   Code   RO         1153    i.VOFA_UART_ErrorCallback  vofa.o
    0x08007cbc   0x08007cbc   0x00000064   Code   RO         1154    i.VOFA_UART_RxEventCallback  vofa.o
    0x08007d20   0x08007d20   0x000000b4   Code   RO         1155    i.VOFA_print        vofa.o
    0x08007dd4   0x08007dd4   0x0000000a   Code   RO         1110    i.YawHold_Reset     yaw_hold.o
    0x08007dde   0x08007dde   0x00000080   Code   RO         1111    i.YawHold_Update    yaw_hold.o
    0x08007e5e   0x08007e5e   0x00000010   Code   RO         1128    i.YawStartup_Reset  yaw_startup.o
    0x08007e6e   0x08007e6e   0x00000086   Code   RO         1129    i.YawStartup_Update  yaw_startup.o
    0x08007ef4   0x08007ef4   0x00000026   Code   RO         6722    i.__ARM_fpclassifyf  m_wm.l(fpclassifyf.o)
    0x08007f1a   0x08007f1a   0x00000020   Code   RO         3765    i.__NVIC_SetPriority  stm32f4xx_hal_cortex.o
    0x08007f3a   0x08007f3a   0x00000006   PAD
    0x08007f40   0x08007f40   0x000000f8   Code   RO         6773    i.__hardfp___mathlib_tofloat  m_wm.l(narrow.o)
    0x08008038   0x08008038   0x000002ac   Code   RO         6647    i.__hardfp_atan2f   m_wm.l(atan2f.o)
    0x080082e4   0x080082e4   0x00000150   Code   RO         6659    i.__hardfp_cosf     m_wm.l(cosf.o)
    0x08008434   0x08008434   0x00000004   PAD
    0x08008438   0x08008438   0x000000d0   Code   RO         7003    i.__hardfp_ldexp    m_wm.l(ldexp.o)
    0x08008508   0x08008508   0x00000190   Code   RO         6671    i.__hardfp_sinf     m_wm.l(sinf.o)
    0x08008698   0x08008698   0x0000003a   Code   RO         6683    i.__hardfp_sqrtf    m_wm.l(sqrtf.o)
    0x080086d2   0x080086d2   0x00000002   PAD
    0x080086d4   0x080086d4   0x00000020   Code   RO         6695    i.__hardfp_strtof   m_wm.l(strtof.o)
    0x080086f4   0x080086f4   0x00000004   PAD
    0x080086f8   0x080086f8   0x00000020   Code   RO         7025    i.__mathlib_dbl_overflow  m_wm.l(dunder.o)
    0x08008718   0x08008718   0x00000020   Code   RO         7027    i.__mathlib_dbl_underflow  m_wm.l(dunder.o)
    0x08008738   0x08008738   0x00000006   Code   RO         6725    i.__mathlib_flt_infnan  m_wm.l(funder.o)
    0x0800873e   0x0800873e   0x00000006   Code   RO         6726    i.__mathlib_flt_infnan2  m_wm.l(funder.o)
    0x08008744   0x08008744   0x00000010   Code   RO         6727    i.__mathlib_flt_invalid  m_wm.l(funder.o)
    0x08008754   0x08008754   0x00000010   Code   RO         6730    i.__mathlib_flt_underflow  m_wm.l(funder.o)
    0x08008764   0x08008764   0x00000012   Code   RO         6774    i.__mathlib_narrow  m_wm.l(narrow.o)
    0x08008776   0x08008776   0x00000002   PAD
    0x08008778   0x08008778   0x00000154   Code   RO         6738    i.__mathlib_rredf2  m_wm.l(rredf.o)
    0x080088cc   0x080088cc   0x00000014   Code   RO         7005    i.__support_ldexp   m_wm.l(ldexp.o)
    0x080088e0   0x080088e0   0x0000000e   Code   RO         6871    i._is_digit         c_w.l(scanf_fp.o)
    0x080088ee   0x080088ee   0x00000020   Code   RO          261    i.accumulate_send_result  can_motor_bus.o
    0x0800890e   0x0800890e   0x0000001e   Code   RO          956    i.clampf            pid_calc.o
    0x0800892c   0x0800892c   0x00000020   Code   RO          262    i.command_send_due  can_motor_bus.o
    0x0800894c   0x0800894c   0x0000005c   Code   RO         1156    i.complete_command  vofa.o
    0x080089a8   0x080089a8   0x0000004c   Code   RO          263    i.configure_filter  can_motor_bus.o
    0x080089f4   0x080089f4   0x00000068   Code   RO          724    i.continue_dma_chain  bmi088.o
    0x08008a5c   0x08008a5c   0x00000022   Code   RO          846    i.dbus_channel_sign  data_process.o
    0x08008a7e   0x08008a7e   0x00000002   PAD
    0x08008a80   0x08008a80   0x00000108   Code   RO          650    i.decode_frame      dbus.o
    0x08008b88   0x08008b88   0x00000006   Code   RO          725    i.deselect          bmi088.o
    0x08008b8e   0x08008b8e   0x00000002   PAD
    0x08008b90   0x08008b90   0x0000008c   Code   RO         6861    i.frexp             m_wm.l(frexp.o)
    0x08008c1c   0x08008c1c   0x0000004c   Code   RO          264    i.guarded_send_commands  can_motor_bus.o
    0x08008c68   0x08008c68   0x0000003c   Code   RO         1258    i.main              main.o
    0x08008ca4   0x08008ca4   0x00000018   Code   RO          847    i.map_dbus_switch_speed  data_process.o
    0x08008cbc   0x08008cbc   0x00000034   Code   RO          957    i.normalize_yaw_rad  pid_calc.o
    0x08008cf0   0x08008cf0   0x0000001a   Code   RO         5981    i.osDelay           cmsis_os2.o
    0x08008d0a   0x08008d0a   0x0000002e   Code   RO         5982    i.osDelayUntil      cmsis_os2.o
    0x08008d38   0x08008d38   0x0000000e   Code   RO         5993    i.osKernelGetTickCount  cmsis_os2.o
    0x08008d46   0x08008d46   0x00000002   PAD
    0x08008d48   0x08008d48   0x00000024   Code   RO         5995    i.osKernelInitialize  cmsis_os2.o
    0x08008d6c   0x08008d6c   0x00000038   Code   RO         5998    i.osKernelStart     cmsis_os2.o
    0x08008da4   0x08008da4   0x00000064   Code   RO         6010    i.osMessageQueueGet  cmsis_os2.o
    0x08008e08   0x08008e08   0x00000058   Code   RO         6015    i.osMessageQueueNew  cmsis_os2.o
    0x08008e60   0x08008e60   0x00000068   Code   RO         6016    i.osMessageQueuePut  cmsis_os2.o
    0x08008ec8   0x08008ec8   0x0000005c   Code   RO         6023    i.osSemaphoreAcquire  cmsis_os2.o
    0x08008f24   0x08008f24   0x00000098   Code   RO         6026    i.osSemaphoreNew    cmsis_os2.o
    0x08008fbc   0x08008fbc   0x00000058   Code   RO         6027    i.osSemaphoreRelease  cmsis_os2.o
    0x08009014   0x08009014   0x0000008a   Code   RO         6040    i.osThreadNew       cmsis_os2.o
    0x0800909e   0x0800909e   0x00000012   Code   RO          265    i.pack_slot         can_motor_bus.o
    0x080090b0   0x080090b0   0x00000034   Code   RO          726    i.parse_acceleration  bmi088.o
    0x080090e4   0x080090e4   0x00000034   Code   RO          727    i.parse_gyroscope   bmi088.o
    0x08009118   0x08009118   0x0000007c   Code   RO          848    i.parse_pitch_yaw_cross_command  data_process.o
    0x08009194   0x08009194   0x0000002e   Code   RO          728    i.parse_temperature  bmi088.o
    0x080091c2   0x080091c2   0x00000002   PAD
    0x080091c4   0x080091c4   0x00000144   Code   RO         1069    i.pitch_brake_profile  pitch_approach.o
    0x08009308   0x08009308   0x0000009c   Code   RO          958    i.pitch_position_d_scale  pid_calc.o
    0x080093a4   0x080093a4   0x0000002c   Code   RO         1070    i.pitch_sign        pitch_approach.o
    0x080093d0   0x080093d0   0x0000004c   Code   RO         1071    i.pitch_stop_speed  pitch_approach.o
    0x0800941c   0x0800941c   0x00000110   Code   RO          959    i.position_pid      pid_calc.o
    0x0800952c   0x0800952c   0x000000e8   Code   RO          266    i.process_rx_fifo   can_motor_bus.o
    0x08009614   0x08009614   0x000000c4   Code   RO          849    i.process_vofa_commands  data_process.o
    0x080096d8   0x080096d8   0x0000005c   Code   RO         5440    i.prvAddCurrentTaskToDelayedList  tasks.o
    0x08009734   0x08009734   0x000000d0   Code   RO         5441    i.prvAddNewTaskToReadyList  tasks.o
    0x08009804   0x08009804   0x00000058   Code   RO         5805    i.prvCheckForValidListAndQueue  timers.o
    0x0800985c   0x0800985c   0x00000026   Code   RO         5043    i.prvCopyDataFromQueue  queue.o
    0x08009882   0x08009882   0x0000006c   Code   RO         5044    i.prvCopyDataToQueue  queue.o
    0x080098ee   0x080098ee   0x00000034   Code   RO         5442    i.prvDeleteTCB      tasks.o
    0x08009922   0x08009922   0x00000002   PAD
    0x08009924   0x08009924   0x0000004c   Code   RO         6489    i.prvHeapInit       heap_4.o
    0x08009970   0x08009970   0x00000060   Code   RO         5443    i.prvIdleTask       tasks.o
    0x080099d0   0x080099d0   0x00000022   Code   RO         5046    i.prvInitialiseNewQueue  queue.o
    0x080099f2   0x080099f2   0x00000002   PAD
    0x080099f4   0x080099f4   0x000000b0   Code   RO         5444    i.prvInitialiseNewTask  tasks.o
    0x08009aa4   0x08009aa4   0x0000004c   Code   RO         6490    i.prvInsertBlockIntoFreeList  heap_4.o
    0x08009af0   0x08009af0   0x00000038   Code   RO         5807    i.prvInsertTimerInActiveList  timers.o
    0x08009b28   0x08009b28   0x0000001c   Code   RO         5047    i.prvIsQueueEmpty   queue.o
    0x08009b44   0x08009b44   0x000000fc   Code   RO         5808    i.prvProcessReceivedCommands  timers.o
    0x08009c40   0x08009c40   0x000000c0   Code   RO         5809    i.prvProcessTimerOrBlockTask  timers.o
    0x08009d00   0x08009d00   0x00000020   Code   RO         5446    i.prvResetNextTaskUnblockTime  tasks.o
    0x08009d20   0x08009d20   0x00000028   Code   RO         5810    i.prvSampleTimeNow  timers.o
    0x08009d48   0x08009d48   0x0000006c   Code   RO         5811    i.prvSwitchTimerLists  timers.o
    0x08009db4   0x08009db4   0x00000028   Code   RO         6545    i.prvTaskExitError  port.o
    0x08009ddc   0x08009ddc   0x00000024   Code   RO         5812    i.prvTimerTask      timers.o
    0x08009e00   0x08009e00   0x0000006a   Code   RO         5048    i.prvUnlockQueue    queue.o
    0x08009e6a   0x08009e6a   0x00000002   PAD
    0x08009e6c   0x08009e6c   0x000000d8   Code   RO          850    i.publish_launch_parameters  data_process.o
    0x08009f44   0x08009f44   0x000000dc   Code   RO         6491    i.pvPortMalloc      heap_4.o
    0x0800a020   0x0800a020   0x00000018   Code   RO         5449    i.pvTaskIncrementMutexHeldCount  tasks.o
    0x0800a038   0x0800a038   0x0000002c   Code   RO         6546    i.pxPortInitialiseStack  port.o
    0x0800a064   0x0800a064   0x00000066   Code   RO          729    i.read_regs         bmi088.o
    0x0800a0ca   0x0800a0ca   0x00000002   PAD
    0x0800a0cc   0x0800a0cc   0x0000001c   Code   RO          267    i.record_gimbal_commands  can_motor_bus.o
    0x0800a0e8   0x0800a0e8   0x00000038   Code   RO          268    i.record_tx_complete  can_motor_bus.o
    0x0800a120   0x0800a120   0x0000004c   Code   RO          269    i.record_tx_diagnostics  can_motor_bus.o
    0x0800a16c   0x0800a16c   0x0000007c   Code   RO          270    i.record_tx_result  can_motor_bus.o
    0x0800a1e8   0x0800a1e8   0x00000028   Code   RO          271    i.recover_can_if_needed  can_motor_bus.o
    0x0800a210   0x0800a210   0x00000038   Code   RO          272    i.recover_stuck_tx_mailboxes  can_motor_bus.o
    0x0800a248   0x0800a248   0x00000038   Code   RO          730    i.request_dma_recovery  bmi088.o
    0x0800a280   0x0800a280   0x00000090   Code   RO          273    i.reset_all_control  can_motor_bus.o
    0x0800a310   0x0800a310   0x0000000e   Code   RO          274    i.reset_gimbal_control  can_motor_bus.o
    0x0800a31e   0x0800a31e   0x00000002   PAD
    0x0800a320   0x0800a320   0x00000054   Code   RO          275    i.reset_pitch_control  can_motor_bus.o
    0x0800a374   0x0800a374   0x00000030   Code   RO          960    i.reset_position_pid  pid_calc.o
    0x0800a3a4   0x0800a3a4   0x0000004c   Code   RO          276    i.reset_yaw_control  can_motor_bus.o
    0x0800a3f0   0x0800a3f0   0x00000006   Code   RO          731    i.select            bmi088.o
    0x0800a3f6   0x0800a3f6   0x00000002   PAD
    0x0800a3f8   0x0800a3f8   0x000001d8   Code   RO          277    i.send_commands     can_motor_bus.o
    0x0800a5d0   0x0800a5d0   0x00000036   Code   RO          278    i.send_std          can_motor_bus.o
    0x0800a606   0x0800a606   0x00000002   PAD
    0x0800a608   0x0800a608   0x0000002c   Code   RO          961    i.signf             pid_calc.o
    0x0800a634   0x0800a634   0x00000064   Code   RO          732    i.start_dma         bmi088.o
    0x0800a698   0x0800a698   0x00000034   Code   RO          651    i.start_receive     dbus.o
    0x0800a6cc   0x0800a6cc   0x00000034   Code   RO         1157    i.start_rx_dma      vofa.o
    0x0800a700   0x0800a700   0x00000014   Code   RO          279    i.tx_capacity_available  can_motor_bus.o
    0x0800a714   0x0800a714   0x000001b8   Code   RO          851    i.update_attitude   data_process.o
    0x0800a8cc   0x0800a8cc   0x00000014   Code   RO          280    i.update_online     can_motor_bus.o
    0x0800a8e0   0x0800a8e0   0x00000026   Code   RO         5003    i.uxListRemove      list.o
    0x0800a906   0x0800a906   0x00000002   PAD
    0x0800a908   0x0800a908   0x00000014   Code   RO         6052    i.vApplicationGetIdleTaskMemory  cmsis_os2.o
    0x0800a91c   0x0800a91c   0x00000018   Code   RO         6053    i.vApplicationGetTimerTaskMemory  cmsis_os2.o
    0x0800a934   0x0800a934   0x00000016   Code   RO         5004    i.vListInitialise   list.o
    0x0800a94a   0x0800a94a   0x00000006   Code   RO         5005    i.vListInitialiseItem  list.o
    0x0800a950   0x0800a950   0x00000030   Code   RO         5006    i.vListInsert       list.o
    0x0800a980   0x0800a980   0x00000018   Code   RO         5007    i.vListInsertEnd    list.o
    0x0800a998   0x0800a998   0x00000040   Code   RO         6548    i.vPortEnterCritical  port.o
    0x0800a9d8   0x0800a9d8   0x00000028   Code   RO         6549    i.vPortExitCritical  port.o
    0x0800aa00   0x0800aa00   0x00000064   Code   RO         6492    i.vPortFree         heap_4.o
    0x0800aa64   0x0800aa64   0x00000024   Code   RO         6550    i.vPortSetupTimerInterrupt  port.o
    0x0800aa88   0x0800aa88   0x00000054   Code   RO         6551    i.vPortValidateInterruptPriority  port.o
    0x0800aadc   0x0800aadc   0x00000028   Code   RO         5054    i.vQueueAddToRegistry  queue.o
    0x0800ab04   0x0800ab04   0x0000002e   Code   RO         5055    i.vQueueDelete      queue.o
    0x0800ab32   0x0800ab32   0x00000002   PAD
    0x0800ab34   0x0800ab34   0x00000028   Code   RO         5057    i.vQueueUnregisterQueue  queue.o
    0x0800ab5c   0x0800ab5c   0x00000044   Code   RO         5058    i.vQueueWaitForMessageRestricted  queue.o
    0x0800aba0   0x0800aba0   0x0000004c   Code   RO         5459    i.vTaskDelay        tasks.o
    0x0800abec   0x0800abec   0x0000008c   Code   RO         5460    i.vTaskDelayUntil   tasks.o
    0x0800ac78   0x0800ac78   0x00000010   Code   RO         5464    i.vTaskInternalSetTimeOutState  tasks.o
    0x0800ac88   0x0800ac88   0x0000000c   Code   RO         5465    i.vTaskMissedYield  tasks.o
    0x0800ac94   0x0800ac94   0x00000030   Code   RO         5467    i.vTaskPlaceOnEventList  tasks.o
    0x0800acc4   0x0800acc4   0x00000038   Code   RO         5468    i.vTaskPlaceOnEventListRestricted  tasks.o
    0x0800acfc   0x0800acfc   0x00000090   Code   RO         5470    i.vTaskPriorityDisinheritAfterTimeout  tasks.o
    0x0800ad8c   0x0800ad8c   0x00000088   Code   RO         5476    i.vTaskStartScheduler  tasks.o
    0x0800ae14   0x0800ae14   0x00000010   Code   RO         5478    i.vTaskSuspendAll   tasks.o
    0x0800ae24   0x0800ae24   0x00000064   Code   RO         5479    i.vTaskSwitchContext  tasks.o
    0x0800ae88   0x0800ae88   0x00000038   Code   RO          733    i.write_reg         bmi088.o
    0x0800aec0   0x0800aec0   0x000000f4   Code   RO         6552    i.xPortStartScheduler  port.o
    0x0800afb4   0x0800afb4   0x0000002c   Code   RO         6553    i.xPortSysTickHandler  port.o
    0x0800afe0   0x0800afe0   0x0000003a   Code   RO         5059    i.xQueueCreateCountingSemaphore  queue.o
    0x0800b01a   0x0800b01a   0x00000040   Code   RO         5060    i.xQueueCreateCountingSemaphoreStatic  queue.o
    0x0800b05a   0x0800b05a   0x00000042   Code   RO         5063    i.xQueueGenericCreate  queue.o
    0x0800b09c   0x0800b09c   0x00000066   Code   RO         5064    i.xQueueGenericCreateStatic  queue.o
    0x0800b102   0x0800b102   0x00000002   PAD
    0x0800b104   0x0800b104   0x00000088   Code   RO         5065    i.xQueueGenericReset  queue.o
    0x0800b18c   0x0800b18c   0x00000160   Code   RO         5066    i.xQueueGenericSend  queue.o
    0x0800b2ec   0x0800b2ec   0x000000be   Code   RO         5067    i.xQueueGenericSendFromISR  queue.o
    0x0800b3aa   0x0800b3aa   0x0000009c   Code   RO         5070    i.xQueueGiveFromISR  queue.o
    0x0800b446   0x0800b446   0x00000002   PAD
    0x0800b448   0x0800b448   0x00000138   Code   RO         5076    i.xQueueReceive     queue.o
    0x0800b580   0x0800b580   0x0000009a   Code   RO         5077    i.xQueueReceiveFromISR  queue.o
    0x0800b61a   0x0800b61a   0x00000002   PAD
    0x0800b61c   0x0800b61c   0x00000178   Code   RO         5078    i.xQueueSemaphoreTake  queue.o
    0x0800b794   0x0800b794   0x00000074   Code   RO         5481    i.xTaskCheckForTimeOut  tasks.o
    0x0800b808   0x0800b808   0x0000005a   Code   RO         5482    i.xTaskCreate       tasks.o
    0x0800b862   0x0800b862   0x00000056   Code   RO         5483    i.xTaskCreateStatic  tasks.o
    0x0800b8b8   0x0800b8b8   0x0000001c   Code   RO         5487    i.xTaskGetSchedulerState  tasks.o
    0x0800b8d4   0x0800b8d4   0x0000000c   Code   RO         5488    i.xTaskGetTickCount  tasks.o
    0x0800b8e0   0x0800b8e0   0x00000010   Code   RO         5489    i.xTaskGetTickCountFromISR  tasks.o
    0x0800b8f0   0x0800b8f0   0x000000c8   Code   RO         5490    i.xTaskIncrementTick  tasks.o
    0x0800b9b8   0x0800b9b8   0x00000080   Code   RO         5493    i.xTaskPriorityDisinherit  tasks.o
    0x0800ba38   0x0800ba38   0x00000078   Code   RO         5494    i.xTaskPriorityInherit  tasks.o
    0x0800bab0   0x0800bab0   0x00000070   Code   RO         5495    i.xTaskRemoveFromEventList  tasks.o
    0x0800bb20   0x0800bb20   0x000000c4   Code   RO         5496    i.xTaskResumeAll    tasks.o
    0x0800bbe4   0x0800bbe4   0x00000060   Code   RO         5821    i.xTimerCreateTimerTask  timers.o
    0x0800bc44   0x0800bc44   0x00000068   Code   RO         5822    i.xTimerGenericCommand  timers.o
    0x0800bcac   0x0800bcac   0x00000110   Code   RO          962    i.yaw_trajectory_step  pid_calc.o
    0x0800bdbc   0x0800bdbc   0x0000002c   Code   RO         6771    locale$$code        c_w.l(lc_ctype_c.o)
    0x0800bde8   0x0800bde8   0x0000002c   Code   RO         6788    locale$$code        c_w.l(lc_numeric_c.o)
    0x0800be14   0x0800be14   0x00000062   Code   RO         6849    x$fpl$d2f           fz_wm.l(d2f.o)
    0x0800be76   0x0800be76   0x00000002   PAD
    0x0800be78   0x0800be78   0x00000010   Code   RO         7042    x$fpl$dcheck1       fz_wm.l(dcheck1.o)
    0x0800be88   0x0800be88   0x00000018   Code   RO         6879    x$fpl$dcmpinf       fz_wm.l(dcmpi.o)
    0x0800bea0   0x0800bea0   0x00000078   Code   RO         6851    x$fpl$deqf          fz_wm.l(deqf.o)
    0x0800bf18   0x0800bf18   0x00000078   Code   RO         6881    x$fpl$dleqf         fz_wm.l(dleqf.o)
    0x0800bf90   0x0800bf90   0x00000154   Code   RO         6883    x$fpl$dmul          fz_wm.l(dmul.o)
    0x0800c0e4   0x0800c0e4   0x0000009c   Code   RO         6885    x$fpl$dnaninf       fz_wm.l(dnaninf.o)
    0x0800c180   0x0800c180   0x0000000c   Code   RO         6933    x$fpl$dretinf       fz_wm.l(dretinf.o)
    0x0800c18c   0x0800c18c   0x0000006c   Code   RO         6853    x$fpl$drleqf        fz_wm.l(drleqf.o)
    0x0800c1f8   0x0800c1f8   0x0000000a   Code   RO         6887    x$fpl$fpinit        fz_wm.l(fpinit.o)
    0x0800c202   0x0800c202   0x0000000a   Code   RO         6889    x$fpl$fretinf       fz_wm.l(fretinf.o)
    0x0800c20c   0x0800c20c   0x00000006   Code   RO         6855    x$fpl$ieeestatus    fz_wm.l(istatus.o)
    0x0800c212   0x0800c212   0x00000064   Code   RO         7048    x$fpl$retnan        fz_wm.l(retnan.o)
    0x0800c276   0x0800c276   0x0000005c   Code   RO         7019    x$fpl$scalbn        fz_wm.l(scalbn.o)
    0x0800c2d2   0x0800c2d2   0x00000004   Code   RO         6857    x$fpl$scanf1        fz_wm.l(scanf1.o)
    0x0800c2d6   0x0800c2d6   0x00000008   Code   RO         6939    x$fpl$scanf2        fz_wm.l(scanf2.o)
    0x0800c2de   0x0800c2de   0x00000030   Code   RO         7050    x$fpl$trapveneer    fz_wm.l(trapv.o)
    0x0800c30e   0x0800c30e   0x00000000   Code   RO         6721    x$fpl$usenofp       fz_wm.l(usenofp.o)
    0x0800c30e   0x0800c30e   0x00000002   PAD
    0x0800c310   0x0800c310   0x00000088   Data   RO          931    .constdata          pid_parameter.o
    0x0800c398   0x0800c398   0x00000084   Data   RO          964    .constdata          pid_calc.o
    0x0800c41c   0x0800c41c   0x0000011c   Data   RO         1363    .constdata          freertos.o
    0x0800c538   0x0800c538   0x00000008   Data   RO         3479    .constdata          stm32f4xx_hal_dma.o
    0x0800c540   0x0800c540   0x00000010   Data   RO         4842    .constdata          system_stm32f4xx.o
    0x0800c550   0x0800c550   0x00000008   Data   RO         4843    .constdata          system_stm32f4xx.o
    0x0800c558   0x0800c558   0x00000020   Data   RO         6739    .constdata          m_wm.l(rredf.o)
    0x0800c578   0x0800c578   0x00000094   Data   RO         6901    .constdata          c_w.l(bigflt0.o)
    0x0800c60c   0x0800c60c   0x000000fb   Data   RO          932    .conststring        pid_parameter.o
    0x0800c707   0x0800c707   0x00000001   PAD
    0x0800c708   0x0800c708   0x00000082   Data   RO         1364    .conststring        freertos.o
    0x0800c78a   0x0800c78a   0x00000002   PAD
    0x0800c78c   0x0800c78c   0x00000020   Data   RO         7052    Region$$Table       anon$$obj.o
    0x0800c7ac   0x0800c7ac   0x00000008   Data   RO         6935    c$$dinf             fz_wm.l(fpconst.o)
    0x0800c7b4   0x0800c7b4   0x00000008   Data   RO         6938    c$$dmax             fz_wm.l(fpconst.o)
    0x0800c7bc   0x0800c7bc   0x00000110   Data   RO         6770    locale$$data        c_w.l(lc_ctype_c.o)
    0x0800c8cc   0x0800c8cc   0x0000001c   Data   RO         6787    locale$$data        c_w.l(lc_numeric_c.o)


    Execution Region RW_IRAM1 (Exec base: 0x20000000, Load base: 0x0800c8e8, Size: 0x00005928, Max: 0x0001c000, ABSOLUTE, COMPRESSED[0x00000014])

    Exec Addr    Load Addr    Size         Type   Attr      Idx    E Section Name        Object

    0x20000000   COMPRESSED   0x00000008   Data   RW           16    .data               hardware_drivers.o
    0x20000008   COMPRESSED   0x0000001c   Data   RW          282    .data               can_motor_bus.o
    0x20000024   COMPRESSED   0x00000008   Data   RW          653    .data               dbus.o
    0x2000002c   COMPRESSED   0x00000018   Data   RW          734    .data               bmi088.o
    0x20000044   COMPRESSED   0x00000004   Data   RW          852    .data               data_process.o
    0x20000048   COMPRESSED   0x0000000c   Data   RW          965    .data               pid_calc.o
    0x20000054   COMPRESSED   0x00000018   Data   RW         1159    .data               vofa.o
    0x2000006c   COMPRESSED   0x0000001c   Data   RW         1226    .data               launch.o
    0x20000088   COMPRESSED   0x00000028   Data   RW         1365    .data               freertos.o
    0x200000b0   COMPRESSED   0x00000004   Data   RW         1429    .data               can.o
    0x200000b4   COMPRESSED   0x0000000c   Data   RW         3924    .data               stm32f4xx_hal.o
    0x200000c0   COMPRESSED   0x00000004   Data   RW         4844    .data               system_stm32f4xx.o
    0x200000c4   COMPRESSED   0x0000003c   Data   RW         5499    .data               tasks.o
    0x20000100   COMPRESSED   0x00000014   Data   RW         5830    .data               timers.o
    0x20000114   COMPRESSED   0x00000004   Data   RW         6055    .data               cmsis_os2.o
    0x20000118   COMPRESSED   0x00000020   Data   RW         6498    .data               heap_4.o
    0x20000138   COMPRESSED   0x0000000c   Data   RW         6554    .data               port.o
    0x20000144        -       0x00000048   Zero   RW           15    .bss                hardware_drivers.o
    0x2000018c        -       0x000001dc   Zero   RW          281    .bss                can_motor_bus.o
    0x20000368        -       0x00000070   Zero   RW          652    .bss                dbus.o
    0x200003d8        -       0x00000104   Zero   RW          963    .bss                pid_calc.o
    0x200004dc        -       0x00000154   Zero   RW         1158    .bss                vofa.o
    0x20000630        -       0x00000050   Zero   RW         1428    .bss                can.o
    0x20000680        -       0x00000118   Zero   RW         1500    .bss                spi.o
    0x20000798        -       0x00000210   Zero   RW         1543    .bss                usart.o
    0x200009a8        -       0x00000048   Zero   RW         1762    .bss                stm32f4xx_hal_timebase_tim.o
    0x200009f0        -       0x00000040   Zero   RW         5080    .bss                queue.o
    0x20000a30        -       0x000004c4   Zero   RW         5498    .bss                tasks.o
    0x20000ef4        -       0x00000118   Zero   RW         5829    .bss                timers.o
    0x2000100c        -       0x000006b8   Zero   RW         6054    .bss                cmsis_os2.o
    0x200016c4        -       0x00003c00   Zero   RW         6497    .bss                heap_4.o
    0x200052c4        -       0x00000060   Zero   RW         6742    .bss                c_w.l(libspace.o)
    0x20005324   COMPRESSED   0x00000004   PAD
    0x20005328        -       0x00000200   Zero   RW            2    HEAP                startup_stm32f405xx.o
    0x20005528        -       0x00000400   Zero   RW            1    STACK               startup_stm32f405xx.o


    Execution Region RW_IRAM2 (Exec base: 0x2001c000, Load base: 0x0800c8fc, Size: 0x00000000, Max: 0x00004000, ABSOLUTE)

    **** No section assigned to this execution region ****


==============================================================================

Image component sizes


      Code (inc. data)   RO Data    RW Data    ZI Data      Debug   Object Name

      1798         52          0         24          0      15845   bmi088.o
       408         44          0          4         80       2514   can.o
      2732        164          0         28        476      31888   can_motor_bus.o
      1010         40          0          4       1720      69240   cmsis_os2.o
      1430        148          0          4          0      27847   data_process.o
       560         48          0          8        112       5677   dbus.o
       800         50          0          0          0       6324   dm4310.o
       140          4          0          0          0        854   dma.o
         0          0          0          0          0      18020   event_groups.o
       180         28        414         40          0       2840   freertos.o
       494         52          0          0          0       4892   gm6020.o
       200         16          0          0          0        991   gpio.o
       180         42          0          8         72     668587   hardware_drivers.o
       472         24          0         32      15360       4907   heap_4.o
      1220        142          0         28          0       3291   launch.o
       138          0          0          0          0       3590   list.o
       338         22          0          0          0       4112   m2006.o
       250         12          0          0          0       4372   m3508.o
       232         14          0          0          0       9828   main.o
       510         20          0          0          0       6855   motor_common.o
       302         12          0          0          0       2588   notch_filter.o
      4360        292        132         12        260      31640   pid_calc.o
       168         10        387          0          0       3377   pid_parameter.o
      1160        124          0          0          0       7768   pitch_approach.o
       786         82          0         12          0      11529   port.o
      2474         28          0          0         64      26536   queue.o
       284         28          0          0        280       1875   spi.o
        64         26        392          0       1536        844   startup_stm32f405xx.o
       116         18          0         12          0       8730   stm32f4xx_hal.o
      1836          6          0          0          0      15752   stm32f4xx_hal_can.o
       192         14          0          0          0      33772   stm32f4xx_hal_cortex.o
      1088         16          8          0          0       7953   stm32f4xx_hal_dma.o
       530         52          0          0          0       2827   stm32f4xx_hal_gpio.o
        56          4          0          0          0        870   stm32f4xx_hal_msp.o
      1412         86          0          0          0       5933   stm32f4xx_hal_rcc.o
      2706         56          0          0          0      16709   stm32f4xx_hal_spi.o
       740         72          0          0          0       7524   stm32f4xx_hal_tim.o
         4          0          0          0          0       1641   stm32f4xx_hal_tim_ex.o
       140         20          0          0         72       1439   stm32f4xx_hal_timebase_tim.o
      2156         40          0          0          0      15224   stm32f4xx_hal_uart.o
       180         78          0          0          0       9947   stm32f4xx_it.o
        16          4         24          4          0       1135   system_stm32f4xx.o
      2528        204          0         60       1220      31346   tasks.o
       972         80          0         20        280      32227   timers.o
       524         54          0          0        528       2799   usart.o
       696         76          0         24        340      10975   vofa.o
       138          0          0          0          0       1941   yaw_hold.o
       150          0          0          0          0       1855   yaw_startup.o

    ----------------------------------------------------------------------
     38952       2404       1392        324      22400    1189230   Object Totals
         0          0         32          0          0          0   (incl. Generated)
        82          0          3          0          0          0   (incl. Padding)

    ----------------------------------------------------------------------

      Code (inc. data)   RO Data    RW Data    ZI Data      Debug   Library Member Name

        90          0          0          0          0          0   __dczerorl2.o
         8          0          0          0          0         68   __main.o
         0          0          0          0          0          0   __rtentry.o
        12          0          0          0          0          0   __rtentry2.o
         6          0          0          0          0          0   __rtentry4.o
        52          8          0          0          0          0   __scatter.o
        28          0          0          0          0          0   __scatter_zi.o
        28          0          0          0          0         68   _chval.o
        22          0          0          0          0        100   _rserrno.o
        64          0          0          0          0         84   _sgetc.o
       158          0          0          0          0         92   _strtoul.o
        16          0          0          0          0         68   aeabi_memset.o
       228          4        148          0          0         96   bigflt0.o
      1924        136          0          0          0        756   btod.o
        18          0          0          0          0         80   exit.o
         6          0          0          0          0        152   heapauxi.o
         0          0          0          0          0          0   indicate_semi.o
        18          0          0          0          0         76   isspace.o
        44         10        272          0          0         76   lc_ctype_c.o
        44         10         28          0          0         76   lc_numeric_c.o
         2          0          0          0          0          0   libinit.o
        34          0          0          0          0          0   libinit2.o
         2          0          0          0          0          0   libshutdown.o
         2          0          0          0          0          0   libshutdown2.o
         8          4          0          0         96         68   libspace.o
        38          0          0          0          0         68   llshl.o
       238          0          0          0          0        100   lludivv7m.o
        16          4          0          0          0         76   rt_ctype_table.o
         8          4          0          0          0         68   rt_errno_addr_intlibspace.o
         8          4          0          0          0         68   rt_locale_intlibspace.o
        68          0          0          0          0         68   rt_memclr.o
        78          0          0          0          0         80   rt_memclr_w.o
       138          0          0          0          0         68   rt_memcpy_v6.o
       100          0          0          0          0         80   rt_memcpy_w.o
         2          0          0          0          0          0   rtexit.o
        10          0          0          0          0          0   rtexit2.o
      1286         16          0          0          0        236   scanf_fp.o
       800         14          0          0          0        100   scanf_hexfp.o
       308         16          0          0          0        100   scanf_infnan.o
        20          0          0          0          0         68   strchr.o
       128          0          0          0          0         68   strcmpv7m.o
        62          0          0          0          0         76   strlen.o
       150          0          0          0          0         80   strncmp.o
       164         14          0          0          0        120   strtod.o
        26          0          0          0          0         80   strtof.o
       112          0          0          0          0         88   strtol.o
        12          4          0          0          0         68   sys_exit.o
        74          0          0          0          0         80   sys_stackheap_outer.o
         2          0          0          0          0         68   use_no_semi.o
        98          4          0          0          0        140   d2f.o
        16          4          0          0          0        116   dcheck1.o
        24          0          0          0          0        116   dcmpi.o
       120          4          0          0          0        140   deqf.o
       120          4          0          0          0        140   dleqf.o
       340         12          0          0          0        152   dmul.o
       156          4          0          0          0        140   dnaninf.o
        12          0          0          0          0        116   dretinf.o
       108          0          0          0          0        128   drleqf.o
         0          0         16          0          0          0   fpconst.o
        10          0          0          0          0        116   fpinit.o
        10          0          0          0          0        116   fretinf.o
         6          0          0          0          0        116   istatus.o
       100          0          0          0          0        116   retnan.o
        92          0          0          0          0        116   scalbn.o
         4          0          0          0          0        116   scanf1.o
         8          0          0          0          0        132   scanf2.o
        48          0          0          0          0        116   trapv.o
         0          0          0          0          0          0   usenofp.o
       684         90          0          0          0        208   atan2f.o
       336         56          0          0          0        136   cosf.o
        64         16          0          0          0        248   dunder.o
        38          0          0          0          0        116   fpclassifyf.o
       140         22          0          0          0        132   frexp.o
        44         12          0          0          0        464   funder.o
       228          8          0          0          0        308   ldexp.o
       266         16          0          0          0        308   narrow.o
       340         24         32          0          0        160   rredf.o
       400         56          0          0          0        212   sinf.o
        58          0          0          0          0        136   sqrtf.o
        32          6          0          0          0        124   strtof.o

    ----------------------------------------------------------------------
     10592        596        496          0        100       8452   Library Totals
        28         10          0          0          4          0   (incl. Padding)

    ----------------------------------------------------------------------

      Code (inc. data)   RO Data    RW Data    ZI Data      Debug   Library Name

      6662        248        448          0         96       3768   c_w.l
      1272         32         16          0          0       2132   fz_wm.l
      2630        306         32          0          0       2552   m_wm.l

    ----------------------------------------------------------------------
     10592        596        496          0        100       8452   Library Totals

    ----------------------------------------------------------------------

==============================================================================


      Code (inc. data)   RO Data    RW Data    ZI Data      Debug   

     49544       3000       1888        324      22500    1157902   Grand Totals
     49544       3000       1888         20      22500    1157902   ELF Image Totals (compressed)
     49544       3000       1888         20          0          0   ROM Totals

==============================================================================

    Total RO  Size (Code + RO Data)                51432 (  50.23kB)
    Total RW  Size (RW Data + ZI Data)             22824 (  22.29kB)
    Total ROM Size (Code + RO Data + RW Data)      51452 (  50.25kB)

==============================================================================

